

================================================================
== Vitis HLS Report for 'mmult_accel_Pipeline_copy_A_VITIS_LOOP_97_1'
================================================================
* Date:           Thu Jul 23 14:53:10 2026

* Version:        2022.2 (Build 3670227 on Oct 13 2022)
* Project:        mmult_accel_hls
* Solution:       solution1 (Vivado IP Flow Target)
* Product family: zynquplus
* Target device:  xck26-sfvc784-2LV-c


================================================================
== Performance Estimates
================================================================
+ Timing: 
    * Summary: 
    +--------+----------+----------+------------+
    |  Clock |  Target  | Estimated| Uncertainty|
    +--------+----------+----------+------------+
    |ap_clk  |  10.00 ns|  7.300 ns|     2.70 ns|
    +--------+----------+----------+------------+

+ Latency: 
    * Summary: 
    +---------+---------+----------+----------+-----+-----+---------+
    |  Latency (cycles) |  Latency (absolute) |  Interval | Pipeline|
    |   min   |   max   |    min   |    max   | min | max |   Type  |
    +---------+---------+----------+----------+-----+-----+---------+
    |        ?|        ?|         ?|         ?|    ?|    ?|       no|
    +---------+---------+----------+----------+-----+-----+---------+

    + Detail: 
        * Instance: 
        N/A

        * Loop: 
        +--------------------------+---------+---------+----------+-----------+-----------+------+----------+
        |                          |  Latency (cycles) | Iteration|  Initiation Interval  | Trip |          |
        |         Loop Name        |   min   |   max   |  Latency |  achieved |   target  | Count| Pipelined|
        +--------------------------+---------+---------+----------+-----------+-----------+------+----------+
        |- copy_A_VITIS_LOOP_97_1  |        ?|        ?|         3|          1|          1|     ?|       yes|
        +--------------------------+---------+---------+----------+-----------+-----------+------+----------+



================================================================
== Utilization Estimates
================================================================
* Summary: 
+-----------------+---------+------+--------+--------+-----+
|       Name      | BRAM_18K|  DSP |   FF   |   LUT  | URAM|
+-----------------+---------+------+--------+--------+-----+
|DSP              |        -|     -|       -|       -|    -|
|Expression       |        -|     -|       0|     266|    -|
|FIFO             |        -|     -|       -|       -|    -|
|Instance         |        -|     -|       -|       -|    -|
|Memory           |        -|     -|       -|       -|    -|
|Multiplexer      |        -|     -|       -|      63|    -|
|Register         |        -|     -|     142|       -|    -|
+-----------------+---------+------+--------+--------+-----+
|Total            |        0|     0|     142|     329|    0|
+-----------------+---------+------+--------+--------+-----+
|Available        |      288|  1248|  234240|  117120|   64|
+-----------------+---------+------+--------+--------+-----+
|Utilization (%)  |        0|     0|      ~0|      ~0|    0|
+-----------------+---------+------+--------+--------+-----+

+ Detail: 
    * Instance: 
    N/A

    * DSP: 
    N/A

    * Memory: 
    N/A

    * FIFO: 
    N/A

    * Expression: 
    +----------------------------------+----------+----+---+----+------------+------------+
    |           Variable Name          | Operation| DSP| FF| LUT| Bitwidth P0| Bitwidth P1|
    +----------------------------------+----------+----+---+----+------------+------------+
    |add_ln96_1_fu_154_p2              |         +|   0|  0|  71|          64|           1|
    |add_ln96_fu_180_p2                |         +|   0|  0|  38|          31|           1|
    |add_ln97_fu_238_p2                |         +|   0|  0|  23|          16|           1|
    |add_ln99_fu_232_p2                |         +|   0|  0|  16|          16|          16|
    |sub_ln99_fu_226_p2                |         -|   0|  0|  16|          16|          16|
    |ap_block_pp0_stage0_11001         |       and|   0|  0|   2|           1|           1|
    |ap_block_state3_pp0_stage0_iter2  |       and|   0|  0|   2|           1|           1|
    |icmp_ln96_fu_149_p2               |      icmp|   0|  0|  29|          64|          64|
    |icmp_ln97_fu_172_p2               |      icmp|   0|  0|  20|          32|          32|
    |select_ln96_1_fu_194_p3           |    select|   0|  0|  31|           1|          31|
    |select_ln96_fu_186_p3             |    select|   0|  0|  16|           1|          16|
    |ap_enable_pp0                     |       xor|   0|  0|   2|           1|           2|
    +----------------------------------+----------+----+---+----+------------+------------+
    |Total                             |          |   0|  0| 266|         244|         182|
    +----------------------------------+----------+----+---+----+------------+------------+

    * Multiplexer: 
    +-------------------------+----+-----------+-----+-----------+
    |           Name          | LUT| Input Size| Bits| Total Bits|
    +-------------------------+----+-----------+-----+-----------+
    |ap_done_int              |   9|          2|    1|          2|
    |ap_enable_reg_pp0_iter1  |   9|          2|    1|          2|
    |ap_enable_reg_pp0_iter3  |   9|          2|    1|          2|
    |gmemA_blk_n_R            |   9|          2|    1|          2|
    |i_fu_78                  |   9|          2|   31|         62|
    |indvar_flatten_fu_82     |   9|          2|   64|        128|
    |k_fu_74                  |   9|          2|   16|         32|
    +-------------------------+----+-----------+-----+-----------+
    |Total                    |  63|         14|  115|        230|
    +-------------------------+----+-----------+-----+-----------+

    * Register: 
    +----------------------------------+----+----+-----+-----------+
    |               Name               | FF | LUT| Bits| Const Bits|
    +----------------------------------+----+----+-----+-----------+
    |add_ln99_reg_303                  |  16|   0|   16|          0|
    |ap_CS_fsm                         |   1|   0|    1|          0|
    |ap_done_reg                       |   1|   0|    1|          0|
    |ap_enable_reg_pp0_iter1           |   1|   0|    1|          0|
    |ap_enable_reg_pp0_iter2           |   1|   0|    1|          0|
    |ap_enable_reg_pp0_iter3           |   1|   0|    1|          0|
    |ap_loop_exit_ready_pp0_iter2_reg  |   1|   0|    1|          0|
    |gmemA_addr_read_reg_308           |   8|   0|    8|          0|
    |i_fu_78                           |  31|   0|   31|          0|
    |icmp_ln96_reg_299                 |   1|   0|    1|          0|
    |indvar_flatten_fu_82              |  64|   0|   64|          0|
    |k_fu_74                           |  16|   0|   16|          0|
    +----------------------------------+----+----+-----+-----------+
    |Total                             | 142|   0|  142|          0|
    +----------------------------------+----+----+-----+-----------+



================================================================
== Interface
================================================================
* Summary: 
+----------------------+-----+-----+------------+---------------------------------------------+--------------+
|       RTL Ports      | Dir | Bits|  Protocol  |                Source Object                |    C Type    |
+----------------------+-----+-----+------------+---------------------------------------------+--------------+
|ap_clk                |   in|    1|  ap_ctrl_hs|  mmult_accel_Pipeline_copy_A_VITIS_LOOP_97_1|  return value|
|ap_rst                |   in|    1|  ap_ctrl_hs|  mmult_accel_Pipeline_copy_A_VITIS_LOOP_97_1|  return value|
|ap_start              |   in|    1|  ap_ctrl_hs|  mmult_accel_Pipeline_copy_A_VITIS_LOOP_97_1|  return value|
|ap_done               |  out|    1|  ap_ctrl_hs|  mmult_accel_Pipeline_copy_A_VITIS_LOOP_97_1|  return value|
|ap_idle               |  out|    1|  ap_ctrl_hs|  mmult_accel_Pipeline_copy_A_VITIS_LOOP_97_1|  return value|
|ap_ready              |  out|    1|  ap_ctrl_hs|  mmult_accel_Pipeline_copy_A_VITIS_LOOP_97_1|  return value|
|m_axi_gmemA_AWVALID   |  out|    1|       m_axi|                                        gmemA|       pointer|
|m_axi_gmemA_AWREADY   |   in|    1|       m_axi|                                        gmemA|       pointer|
|m_axi_gmemA_AWADDR    |  out|   64|       m_axi|                                        gmemA|       pointer|
|m_axi_gmemA_AWID      |  out|    1|       m_axi|                                        gmemA|       pointer|
|m_axi_gmemA_AWLEN     |  out|   32|       m_axi|                                        gmemA|       pointer|
|m_axi_gmemA_AWSIZE    |  out|    3|       m_axi|                                        gmemA|       pointer|
|m_axi_gmemA_AWBURST   |  out|    2|       m_axi|                                        gmemA|       pointer|
|m_axi_gmemA_AWLOCK    |  out|    2|       m_axi|                                        gmemA|       pointer|
|m_axi_gmemA_AWCACHE   |  out|    4|       m_axi|                                        gmemA|       pointer|
|m_axi_gmemA_AWPROT    |  out|    3|       m_axi|                                        gmemA|       pointer|
|m_axi_gmemA_AWQOS     |  out|    4|       m_axi|                                        gmemA|       pointer|
|m_axi_gmemA_AWREGION  |  out|    4|       m_axi|                                        gmemA|       pointer|
|m_axi_gmemA_AWUSER    |  out|    1|       m_axi|                                        gmemA|       pointer|
|m_axi_gmemA_WVALID    |  out|    1|       m_axi|                                        gmemA|       pointer|
|m_axi_gmemA_WREADY    |   in|    1|       m_axi|                                        gmemA|       pointer|
|m_axi_gmemA_WDATA     |  out|    8|       m_axi|                                        gmemA|       pointer|
|m_axi_gmemA_WSTRB     |  out|    1|       m_axi|                                        gmemA|       pointer|
|m_axi_gmemA_WLAST     |  out|    1|       m_axi|                                        gmemA|       pointer|
|m_axi_gmemA_WID       |  out|    1|       m_axi|                                        gmemA|       pointer|
|m_axi_gmemA_WUSER     |  out|    1|       m_axi|                                        gmemA|       pointer|
|m_axi_gmemA_ARVALID   |  out|    1|       m_axi|                                        gmemA|       pointer|
|m_axi_gmemA_ARREADY   |   in|    1|       m_axi|                                        gmemA|       pointer|
|m_axi_gmemA_ARADDR    |  out|   64|       m_axi|                                        gmemA|       pointer|
|m_axi_gmemA_ARID      |  out|    1|       m_axi|                                        gmemA|       pointer|
|m_axi_gmemA_ARLEN     |  out|   32|       m_axi|                                        gmemA|       pointer|
|m_axi_gmemA_ARSIZE    |  out|    3|       m_axi|                                        gmemA|       pointer|
|m_axi_gmemA_ARBURST   |  out|    2|       m_axi|                                        gmemA|       pointer|
|m_axi_gmemA_ARLOCK    |  out|    2|       m_axi|                                        gmemA|       pointer|
|m_axi_gmemA_ARCACHE   |  out|    4|       m_axi|                                        gmemA|       pointer|
|m_axi_gmemA_ARPROT    |  out|    3|       m_axi|                                        gmemA|       pointer|
|m_axi_gmemA_ARQOS     |  out|    4|       m_axi|                                        gmemA|       pointer|
|m_axi_gmemA_ARREGION  |  out|    4|       m_axi|                                        gmemA|       pointer|
|m_axi_gmemA_ARUSER    |  out|    1|       m_axi|                                        gmemA|       pointer|
|m_axi_gmemA_RVALID    |   in|    1|       m_axi|                                        gmemA|       pointer|
|m_axi_gmemA_RREADY    |  out|    1|       m_axi|                                        gmemA|       pointer|
|m_axi_gmemA_RDATA     |   in|    8|       m_axi|                                        gmemA|       pointer|
|m_axi_gmemA_RLAST     |   in|    1|       m_axi|                                        gmemA|       pointer|
|m_axi_gmemA_RID       |   in|    1|       m_axi|                                        gmemA|       pointer|
|m_axi_gmemA_RFIFONUM  |   in|   11|       m_axi|                                        gmemA|       pointer|
|m_axi_gmemA_RUSER     |   in|    1|       m_axi|                                        gmemA|       pointer|
|m_axi_gmemA_RRESP     |   in|    2|       m_axi|                                        gmemA|       pointer|
|m_axi_gmemA_BVALID    |   in|    1|       m_axi|                                        gmemA|       pointer|
|m_axi_gmemA_BREADY    |  out|    1|       m_axi|                                        gmemA|       pointer|
|m_axi_gmemA_BRESP     |   in|    2|       m_axi|                                        gmemA|       pointer|
|m_axi_gmemA_BID       |   in|    1|       m_axi|                                        gmemA|       pointer|
|m_axi_gmemA_BUSER     |   in|    1|       m_axi|                                        gmemA|       pointer|
|A                     |   in|   64|     ap_none|                                            A|        scalar|
|K                     |   in|   32|     ap_none|                                            K|        scalar|
|mul_ln96_1            |   in|   64|     ap_none|                                   mul_ln96_1|        scalar|
|A_bram_address1       |  out|   16|   ap_memory|                                       A_bram|         array|
|A_bram_ce1            |  out|    1|   ap_memory|                                       A_bram|         array|
|A_bram_we1            |  out|    1|   ap_memory|                                       A_bram|         array|
|A_bram_d1             |  out|    8|   ap_memory|                                       A_bram|         array|
+----------------------+-----+-----+------------+---------------------------------------------+--------------+

