

================================================================
== Vitis HLS Report for 'mmult_accel_Pipeline_VITIS_LOOP_120_2'
================================================================
* Date:           Thu Jul 23 14:53:11 2026

* Version:        2022.2 (Build 3670227 on Oct 13 2022)
* Project:        mmult_accel_hls
* Solution:       solution1 (Vivado IP Flow Target)
* Product family: zynquplus
* Target device:  xck26-sfvc784-2LV-c


================================================================
== Performance Estimates
================================================================
+ Timing: 
    * Summary: 
    +--------+----------+----------+------------+
    |  Clock |  Target  | Estimated| Uncertainty|
    +--------+----------+----------+------------+
    |ap_clk  |  10.00 ns|  7.300 ns|     2.70 ns|
    +--------+----------+----------+------------+

+ Latency: 
    * Summary: 
    +---------+---------+----------+----------+-----+-----+---------+
    |  Latency (cycles) |  Latency (absolute) |  Interval | Pipeline|
    |   min   |   max   |    min   |    max   | min | max |   Type  |
    +---------+---------+----------+----------+-----+-----+---------+
    |        ?|        ?|         ?|         ?|    ?|    ?|       no|
    +---------+---------+----------+----------+-----+-----+---------+

    + Detail: 
        * Instance: 
        N/A

        * Loop: 
        +---------------------------------+---------+---------+----------+-----------+-----------+------+----------+
        |                                 |  Latency (cycles) | Iteration|  Initiation Interval  | Trip |          |
        |            Loop Name            |   min   |   max   |  Latency |  achieved |   target  | Count| Pipelined|
        +---------------------------------+---------+---------+----------+-----------+-----------+------+----------+
        |- copy_B_block_VITIS_LOOP_120_2  |        ?|        ?|        10|          1|          1|     ?|       yes|
        +---------------------------------+---------+---------+----------+-----------+-----------+------+----------+



================================================================
== Utilization Estimates
================================================================
* Summary: 
+-----------------+---------+------+--------+--------+-----+
|       Name      | BRAM_18K|  DSP |   FF   |   LUT  | URAM|
+-----------------+---------+------+--------+--------+-----+
|DSP              |        -|     -|       -|       -|    -|
|Expression       |        -|     -|       0|     396|    -|
|FIFO             |        -|     -|       -|       -|    -|
|Instance         |        -|     3|       0|      20|    -|
|Memory           |        -|     -|       -|       -|    -|
|Multiplexer      |        -|     -|       -|      81|    -|
|Register         |        -|     -|     417|      64|    -|
+-----------------+---------+------+--------+--------+-----+
|Total            |        0|     3|     417|     561|    0|
+-----------------+---------+------+--------+--------+-----+
|Available        |      288|  1248|  234240|  117120|   64|
+-----------------+---------+------+--------+--------+-----+
|Utilization (%)  |        0|    ~0|      ~0|      ~0|    0|
+-----------------+---------+------+--------+--------+-----+

+ Detail: 
    * Instance: 
    +-------------------------+----------------------+---------+----+---+----+-----+
    |         Instance        |        Module        | BRAM_18K| DSP| FF| LUT| URAM|
    +-------------------------+----------------------+---------+----+---+----+-----+
    |mul_31ns_32ns_63_1_1_U6  |mul_31ns_32ns_63_1_1  |        0|   3|  0|  20|    0|
    +-------------------------+----------------------+---------+----+---+----+-----+
    |Total                    |                      |        0|   3|  0|  20|    0|
    +-------------------------+----------------------+---------+----+---+----+-----+

    * DSP: 
    N/A

    * Memory: 
    N/A

    * FIFO: 
    N/A

    * Expression: 
    +-----------------------------------+----------+----+---+----+------------+------------+
    |           Variable Name           | Operation| DSP| FF| LUT| Bitwidth P0| Bitwidth P1|
    +-----------------------------------+----------+----+---+----+------------+------------+
    |add_ln119_1_fu_282_p2              |         +|   0|  0|  64|          64|          64|
    |add_ln119_2_fu_287_p2              |         +|   0|  0|  64|          64|          64|
    |add_ln119_3_fu_214_p2              |         +|   0|  0|  71|          64|           1|
    |add_ln119_fu_223_p2                |         +|   0|  0|  38|          31|           1|
    |add_ln120_fu_315_p2                |         +|   0|  0|  25|          18|           1|
    |add_ln122_fu_292_p2                |         +|   0|  0|  25|          18|          18|
    |ap_block_state10_pp0_stage0_iter9  |       and|   0|  0|   2|           1|           1|
    |ap_block_state3_io                 |       and|   0|  0|   2|           1|           1|
    |icmp_ln119_fu_209_p2               |      icmp|   0|  0|  29|          64|          64|
    |icmp_ln120_fu_204_p2               |      icmp|   0|  0|  20|          32|          32|
    |ap_block_pp0_stage0_11001          |        or|   0|  0|   2|           1|           1|
    |or_ln119_fu_235_p2                 |        or|   0|  0|   2|           1|           1|
    |select_ln119_1_fu_249_p3           |    select|   0|  0|  31|           1|          31|
    |select_ln119_fu_241_p3             |    select|   0|  0|  17|           1|          18|
    |ap_enable_pp0                      |       xor|   0|  0|   2|           1|           2|
    |xor_ln119_fu_229_p2                |       xor|   0|  0|   2|           1|           2|
    +-----------------------------------+----------+----+---+----+------------+------------+
    |Total                              |          |   0|  0| 396|         363|         302|
    +-----------------------------------+----------+----+---+----+------------+------------+

    * Multiplexer: 
    +---------------------------------------+----+-----------+-----+-----------+
    |                  Name                 | LUT| Input Size| Bits| Total Bits|
    +---------------------------------------+----+-----------+-----+-----------+
    |ap_done_int                            |   9|          2|    1|          2|
    |ap_enable_reg_pp0_iter1                |   9|          2|    1|          2|
    |ap_enable_reg_pp0_iter2                |   9|          2|    1|          2|
    |ap_phi_mux_first_iter_0_phi_fu_163_p4  |   9|          2|    1|          2|
    |gmemB_blk_n_AR                         |   9|          2|    1|          2|
    |gmemB_blk_n_R                          |   9|          2|    1|          2|
    |indvar_flatten17_fu_92                 |   9|          2|   64|        128|
    |j_fu_84                                |   9|          2|   18|         36|
    |k_1_fu_88                              |   9|          2|   31|         62|
    +---------------------------------------+----+-----------+-----+-----------+
    |Total                                  |  81|         18|  119|        238|
    +---------------------------------------+----+-----------+-----+-----------+

    * Register: 
    +----------------------------------+----+----+-----+-----------+
    |               Name               | FF | LUT| Bits| Const Bits|
    +----------------------------------+----+----+-----+-----------+
    |B_bram_addr_reg_395               |  18|   0|   18|          0|
    |ap_CS_fsm                         |   1|   0|    1|          0|
    |ap_done_reg                       |   1|   0|    1|          0|
    |ap_enable_reg_pp0_iter1           |   1|   0|    1|          0|
    |ap_enable_reg_pp0_iter10          |   1|   0|    1|          0|
    |ap_enable_reg_pp0_iter2           |   1|   0|    1|          0|
    |ap_enable_reg_pp0_iter3           |   1|   0|    1|          0|
    |ap_enable_reg_pp0_iter4           |   1|   0|    1|          0|
    |ap_enable_reg_pp0_iter5           |   1|   0|    1|          0|
    |ap_enable_reg_pp0_iter6           |   1|   0|    1|          0|
    |ap_enable_reg_pp0_iter7           |   1|   0|    1|          0|
    |ap_enable_reg_pp0_iter8           |   1|   0|    1|          0|
    |ap_enable_reg_pp0_iter9           |   1|   0|    1|          0|
    |ap_loop_exit_ready_pp0_iter2_reg  |   1|   0|    1|          0|
    |ap_loop_exit_ready_pp0_iter3_reg  |   1|   0|    1|          0|
    |ap_loop_exit_ready_pp0_iter4_reg  |   1|   0|    1|          0|
    |ap_loop_exit_ready_pp0_iter5_reg  |   1|   0|    1|          0|
    |ap_loop_exit_ready_pp0_iter6_reg  |   1|   0|    1|          0|
    |ap_loop_exit_ready_pp0_iter7_reg  |   1|   0|    1|          0|
    |ap_loop_exit_ready_pp0_iter8_reg  |   1|   0|    1|          0|
    |ap_loop_exit_ready_pp0_iter9_reg  |   1|   0|    1|          0|
    |first_iter_0_reg_159              |   1|   0|    1|          0|
    |gmemB_addr_1_read_reg_410         |   8|   0|    8|          0|
    |gmemB_addr_reg_400                |  64|   0|   64|          0|
    |icmp_ln119_reg_387                |   1|   0|    1|          0|
    |indvar_flatten17_fu_92            |  64|   0|   64|          0|
    |j_fu_84                           |  18|   0|   18|          0|
    |k_1_fu_88                         |  31|   0|   31|          0|
    |or_ln119_reg_391                  |   1|   0|    1|          0|
    |zext_ln110_cast_reg_377           |  32|   0|   63|         31|
    |zext_ln119_cast_reg_382           |  31|   0|   32|          1|
    |B_bram_addr_reg_395               |  64|  32|   18|          0|
    |icmp_ln119_reg_387                |  64|  32|    1|          0|
    +----------------------------------+----+----+-----+-----------+
    |Total                             | 417|  64|  340|         32|
    +----------------------------------+----+----+-----+-----------+



================================================================
== Interface
================================================================
* Summary: 
+----------------------+-----+-----+------------+---------------------------------------+--------------+
|       RTL Ports      | Dir | Bits|  Protocol  |             Source Object             |    C Type    |
+----------------------+-----+-----+------------+---------------------------------------+--------------+
|ap_clk                |   in|    1|  ap_ctrl_hs|  mmult_accel_Pipeline_VITIS_LOOP_120_2|  return value|
|ap_rst                |   in|    1|  ap_ctrl_hs|  mmult_accel_Pipeline_VITIS_LOOP_120_2|  return value|
|ap_start              |   in|    1|  ap_ctrl_hs|  mmult_accel_Pipeline_VITIS_LOOP_120_2|  return value|
|ap_done               |  out|    1|  ap_ctrl_hs|  mmult_accel_Pipeline_VITIS_LOOP_120_2|  return value|
|ap_idle               |  out|    1|  ap_ctrl_hs|  mmult_accel_Pipeline_VITIS_LOOP_120_2|  return value|
|ap_ready              |  out|    1|  ap_ctrl_hs|  mmult_accel_Pipeline_VITIS_LOOP_120_2|  return value|
|m_axi_gmemB_AWVALID   |  out|    1|       m_axi|                                  gmemB|       pointer|
|m_axi_gmemB_AWREADY   |   in|    1|       m_axi|                                  gmemB|       pointer|
|m_axi_gmemB_AWADDR    |  out|   64|       m_axi|                                  gmemB|       pointer|
|m_axi_gmemB_AWID      |  out|    1|       m_axi|                                  gmemB|       pointer|
|m_axi_gmemB_AWLEN     |  out|   32|       m_axi|                                  gmemB|       pointer|
|m_axi_gmemB_AWSIZE    |  out|    3|       m_axi|                                  gmemB|       pointer|
|m_axi_gmemB_AWBURST   |  out|    2|       m_axi|                                  gmemB|       pointer|
|m_axi_gmemB_AWLOCK    |  out|    2|       m_axi|                                  gmemB|       pointer|
|m_axi_gmemB_AWCACHE   |  out|    4|       m_axi|                                  gmemB|       pointer|
|m_axi_gmemB_AWPROT    |  out|    3|       m_axi|                                  gmemB|       pointer|
|m_axi_gmemB_AWQOS     |  out|    4|       m_axi|                                  gmemB|       pointer|
|m_axi_gmemB_AWREGION  |  out|    4|       m_axi|                                  gmemB|       pointer|
|m_axi_gmemB_AWUSER    |  out|    1|       m_axi|                                  gmemB|       pointer|
|m_axi_gmemB_WVALID    |  out|    1|       m_axi|                                  gmemB|       pointer|
|m_axi_gmemB_WREADY    |   in|    1|       m_axi|                                  gmemB|       pointer|
|m_axi_gmemB_WDATA     |  out|    8|       m_axi|                                  gmemB|       pointer|
|m_axi_gmemB_WSTRB     |  out|    1|       m_axi|                                  gmemB|       pointer|
|m_axi_gmemB_WLAST     |  out|    1|       m_axi|                                  gmemB|       pointer|
|m_axi_gmemB_WID       |  out|    1|       m_axi|                                  gmemB|       pointer|
|m_axi_gmemB_WUSER     |  out|    1|       m_axi|                                  gmemB|       pointer|
|m_axi_gmemB_ARVALID   |  out|    1|       m_axi|                                  gmemB|       pointer|
|m_axi_gmemB_ARREADY   |   in|    1|       m_axi|                                  gmemB|       pointer|
|m_axi_gmemB_ARADDR    |  out|   64|       m_axi|                                  gmemB|       pointer|
|m_axi_gmemB_ARID      |  out|    1|       m_axi|                                  gmemB|       pointer|
|m_axi_gmemB_ARLEN     |  out|   32|       m_axi|                                  gmemB|       pointer|
|m_axi_gmemB_ARSIZE    |  out|    3|       m_axi|                                  gmemB|       pointer|
|m_axi_gmemB_ARBURST   |  out|    2|       m_axi|                                  gmemB|       pointer|
|m_axi_gmemB_ARLOCK    |  out|    2|       m_axi|                                  gmemB|       pointer|
|m_axi_gmemB_ARCACHE   |  out|    4|       m_axi|                                  gmemB|       pointer|
|m_axi_gmemB_ARPROT    |  out|    3|       m_axi|                                  gmemB|       pointer|
|m_axi_gmemB_ARQOS     |  out|    4|       m_axi|                                  gmemB|       pointer|
|m_axi_gmemB_ARREGION  |  out|    4|       m_axi|                                  gmemB|       pointer|
|m_axi_gmemB_ARUSER    |  out|    1|       m_axi|                                  gmemB|       pointer|
|m_axi_gmemB_RVALID    |   in|    1|       m_axi|                                  gmemB|       pointer|
|m_axi_gmemB_RREADY    |  out|    1|       m_axi|                                  gmemB|       pointer|
|m_axi_gmemB_RDATA     |   in|    8|       m_axi|                                  gmemB|       pointer|
|m_axi_gmemB_RLAST     |   in|    1|       m_axi|                                  gmemB|       pointer|
|m_axi_gmemB_RID       |   in|    1|       m_axi|                                  gmemB|       pointer|
|m_axi_gmemB_RFIFONUM  |   in|   11|       m_axi|                                  gmemB|       pointer|
|m_axi_gmemB_RUSER     |   in|    1|       m_axi|                                  gmemB|       pointer|
|m_axi_gmemB_RRESP     |   in|    2|       m_axi|                                  gmemB|       pointer|
|m_axi_gmemB_BVALID    |   in|    1|       m_axi|                                  gmemB|       pointer|
|m_axi_gmemB_BREADY    |  out|    1|       m_axi|                                  gmemB|       pointer|
|m_axi_gmemB_BRESP     |   in|    2|       m_axi|                                  gmemB|       pointer|
|m_axi_gmemB_BID       |   in|    1|       m_axi|                                  gmemB|       pointer|
|m_axi_gmemB_BUSER     |   in|    1|       m_axi|                                  gmemB|       pointer|
|current_block_M       |   in|   32|     ap_none|                        current_block_M|        scalar|
|mul_ln110             |   in|   64|     ap_none|                              mul_ln110|        scalar|
|zext_ln119            |   in|   31|     ap_none|                             zext_ln119|        scalar|
|zext_ln110            |   in|   32|     ap_none|                             zext_ln110|        scalar|
|B                     |   in|   64|     ap_none|                                      B|        scalar|
|j_block               |   in|   64|     ap_none|                                j_block|        scalar|
|B_bram_address1       |  out|   18|   ap_memory|                                 B_bram|         array|
|B_bram_ce1            |  out|    1|   ap_memory|                                 B_bram|         array|
|B_bram_we1            |  out|    1|   ap_memory|                                 B_bram|         array|
|B_bram_d1             |  out|    8|   ap_memory|                                 B_bram|         array|
+----------------------+-----+-----+------------+---------------------------------------+--------------+

