07/23/26 14:34:21: Running xcd server. This server was NOT built by gradle, but presumably rdi.
07/23/26 14:34:21: Server was asked to start on port: '49727'
07/23/26 14:34:21: Server is using token UUID: '46bc6a95-b01d-4d59-9442-a46f5e226c3a'
07/23/26 14:34:21: SESSION_MGR: creating session with session uuid: '6d04a3e9-ade5-4ab9-8d63-1f78fcd2ec76' and name 'default'
07/23/26 14:34:21: Attempting to start server on port '49727'
07/23/26 14:34:21: Running Dispatch Server
07/23/26 14:34:21: Version 2.2.0
07/23/26 14:34:30: Dispatch Server: Accepted socket connection from client
07/23/26 14:34:30: Starting Socket connection
07/23/26 14:34:30: EXCHANGE_TOKEN received, server token: 46bc6a95-b01d-4d59-9442-a46f5e226c3a, passed token: 46bc6a95-b01d-4d59-9442-a46f5e226c3a
07/23/26 14:34:30: SESSION_MGR: creating session with session uuid: '5d146796-9b0a-49c2-acd9-522edaf84f7e' and name 'vitis_hls'
07/23/26 14:34:30: KERNEL_SVC: creating session with uuid: '5d146796-9b0a-49c2-acd9-522edaf84f7e' and name 'vitis_hls'
07/23/26 14:34:30: GUIDANCE_SMGR: creating guidance session with uuid: '5d146796-9b0a-49c2-acd9-522edaf84f7e' and name 'vitis_hls'
07/23/26 15:00:06: STOP_SERVER received, server token: 46bc6a95-b01d-4d59-9442-a46f5e226c3a, passed token: 46bc6a95-b01d-4d59-9442-a46f5e226c3a
07/23/26 15:00:06: Socket received request to stop server.
07/23/26 15:00:06: Dispatch Server: do_await_stop
07/23/26 15:00:06: SERVER: destructor for server bound to port 49727
07/23/26 15:00:06: Server exiting with status 0.
07/23/26 15:00:06: Closing log file.
07/23/26 15:15:51: Running xcd server. This server was NOT built by gradle, but presumably rdi.
07/23/26 15:15:51: Server was asked to start on port: '49726'
07/23/26 15:15:51: Server is using token UUID: '133c2513-1ad1-4d67-9fda-9883f8129e15'
07/23/26 15:15:51: SESSION_MGR: creating session with session uuid: '6d04a3e9-ade5-4ab9-8d63-1f78fcd2ec76' and name 'default'
07/23/26 15:15:51: Attempting to start server on port '49726'
07/23/26 15:15:51: Running Dispatch Server
07/23/26 15:15:51: Version 2.2.0
07/23/26 15:16:00: Dispatch Server: Accepted socket connection from client
07/23/26 15:16:00: Starting Socket connection
07/23/26 15:16:00: EXCHANGE_TOKEN received, server token: 133c2513-1ad1-4d67-9fda-9883f8129e15, passed token: 133c2513-1ad1-4d67-9fda-9883f8129e15
07/23/26 15:16:00: SESSION_MGR: creating session with session uuid: 'ce27240c-277e-485a-8b6c-c222b7a13ab5' and name 'vitis_hls'
07/23/26 15:16:00: KERNEL_SVC: creating session with uuid: 'ce27240c-277e-485a-8b6c-c222b7a13ab5' and name 'vitis_hls'
07/23/26 15:16:00: GUIDANCE_SMGR: creating guidance session with uuid: 'ce27240c-277e-485a-8b6c-c222b7a13ab5' and name 'vitis_hls'
07/23/26 15:17:37: STOP_SERVER received, server token: 133c2513-1ad1-4d67-9fda-9883f8129e15, passed token: 133c2513-1ad1-4d67-9fda-9883f8129e15
07/23/26 15:17:37: Socket received request to stop server.
07/23/26 15:17:37: Dispatch Server: do_await_stop
07/23/26 15:17:37: SERVER: destructor for server bound to port 49726
07/23/26 15:17:37: Server exiting with status 0.
07/23/26 15:17:37: Closing log file.
