remark: mmult_accel.cpp:202:20: Loop 'VITIS_LOOP_202_6' is marked as complete unroll implied by the pipeline pragma
remark: mmult_accel.cpp:206:51: Loop 'VITIS_LOOP_206_7' is marked as complete unroll implied by the pipeline pragma
remark: mmult_accel.cpp:60:0: Unrolling loop 'init_c' (mmult_accel.cpp:145:21) in function 'mmult_accel' completely with a factor of 32
remark: mmult_accel.cpp:60:0: Unrolling loop 'VITIS_LOOP_147_3' (mmult_accel.cpp:147:20) in function 'mmult_accel' completely with a factor of 32
remark: mmult_accel.cpp:60:0: Unrolling loop 'VITIS_LOOP_147_3' (mmult_accel.cpp:147:20) in function 'mmult_accel' completely with a factor of 32
remark: mmult_accel.cpp:60:0: Unrolling loop 'VITIS_LOOP_147_3' (mmult_accel.cpp:147:20) in function 'mmult_accel' completely with a factor of 32
remark: mmult_accel.cpp:60:0: Unrolling loop 'VITIS_LOOP_147_3' (mmult_accel.cpp:147:20) in function 'mmult_accel' completely with a factor of 32
remark: mmult_accel.cpp:60:0: Unrolling loop 'VITIS_LOOP_147_3' (mmult_accel.cpp:147:20) in function 'mmult_accel' completely with a factor of 32
remark: mmult_accel.cpp:60:0: Unrolling loop 'VITIS_LOOP_147_3' (mmult_accel.cpp:147:20) in function 'mmult_accel' completely with a factor of 32
remark: mmult_accel.cpp:60:0: Unrolling loop 'VITIS_LOOP_147_3' (mmult_accel.cpp:147:20) in function 'mmult_accel' completely with a factor of 32
remark: mmult_accel.cpp:60:0: Unrolling loop 'VITIS_LOOP_147_3' (mmult_accel.cpp:147:20) in function 'mmult_accel' completely with a factor of 32
remark: mmult_accel.cpp:60:0: Unrolling loop 'VITIS_LOOP_147_3' (mmult_accel.cpp:147:20) in function 'mmult_accel' completely with a factor of 32
remark: mmult_accel.cpp:60:0: Unrolling loop 'VITIS_LOOP_147_3' (mmult_accel.cpp:147:20) in function 'mmult_accel' completely with a factor of 32
remark: mmult_accel.cpp:60:0: Unrolling loop 'VITIS_LOOP_147_3' (mmult_accel.cpp:147:20) in function 'mmult_accel' completely with a factor of 32
remark: mmult_accel.cpp:60:0: Unrolling loop 'VITIS_LOOP_147_3' (mmult_accel.cpp:147:20) in function 'mmult_accel' completely with a factor of 32
remark: mmult_accel.cpp:60:0: Unrolling loop 'VITIS_LOOP_147_3' (mmult_accel.cpp:147:20) in function 'mmult_accel' completely with a factor of 32
remark: mmult_accel.cpp:60:0: Unrolling loop 'VITIS_LOOP_147_3' (mmult_accel.cpp:147:20) in function 'mmult_accel' completely with a factor of 32
remark: mmult_accel.cpp:60:0: Unrolling loop 'VITIS_LOOP_147_3' (mmult_accel.cpp:147:20) in function 'mmult_accel' completely with a factor of 32
remark: mmult_accel.cpp:60:0: Unrolling loop 'VITIS_LOOP_147_3' (mmult_accel.cpp:147:20) in function 'mmult_accel' completely with a factor of 32
remark: mmult_accel.cpp:60:0: Unrolling loop 'VITIS_LOOP_147_3' (mmult_accel.cpp:147:20) in function 'mmult_accel' completely with a factor of 32
remark: mmult_accel.cpp:60:0: Unrolling loop 'VITIS_LOOP_147_3' (mmult_accel.cpp:147:20) in function 'mmult_accel' completely with a factor of 32
remark: mmult_accel.cpp:60:0: Unrolling loop 'VITIS_LOOP_147_3' (mmult_accel.cpp:147:20) in function 'mmult_accel' completely with a factor of 32
remark: mmult_accel.cpp:60:0: Unrolling loop 'VITIS_LOOP_147_3' (mmult_accel.cpp:147:20) in function 'mmult_accel' completely with a factor of 32
remark: mmult_accel.cpp:60:0: Unrolling loop 'VITIS_LOOP_147_3' (mmult_accel.cpp:147:20) in function 'mmult_accel' completely with a factor of 32
remark: mmult_accel.cpp:60:0: Unrolling loop 'VITIS_LOOP_147_3' (mmult_accel.cpp:147:20) in function 'mmult_accel' completely with a factor of 32
remark: mmult_accel.cpp:60:0: Unrolling loop 'VITIS_LOOP_147_3' (mmult_accel.cpp:147:20) in function 'mmult_accel' completely with a factor of 32
remark: mmult_accel.cpp:60:0: Unrolling loop 'VITIS_LOOP_147_3' (mmult_accel.cpp:147:20) in function 'mmult_accel' completely with a factor of 32
remark: mmult_accel.cpp:60:0: Unrolling loop 'VITIS_LOOP_147_3' (mmult_accel.cpp:147:20) in function 'mmult_accel' completely with a factor of 32
remark: mmult_accel.cpp:60:0: Unrolling loop 'VITIS_LOOP_147_3' (mmult_accel.cpp:147:20) in function 'mmult_accel' completely with a factor of 32
remark: mmult_accel.cpp:60:0: Unrolling loop 'VITIS_LOOP_147_3' (mmult_accel.cpp:147:20) in function 'mmult_accel' completely with a factor of 32
remark: mmult_accel.cpp:60:0: Unrolling loop 'VITIS_LOOP_147_3' (mmult_accel.cpp:147:20) in function 'mmult_accel' completely with a factor of 32
remark: mmult_accel.cpp:60:0: Unrolling loop 'VITIS_LOOP_147_3' (mmult_accel.cpp:147:20) in function 'mmult_accel' completely with a factor of 32
remark: mmult_accel.cpp:60:0: Unrolling loop 'VITIS_LOOP_147_3' (mmult_accel.cpp:147:20) in function 'mmult_accel' completely with a factor of 32
remark: mmult_accel.cpp:60:0: Unrolling loop 'VITIS_LOOP_147_3' (mmult_accel.cpp:147:20) in function 'mmult_accel' completely with a factor of 32
remark: mmult_accel.cpp:60:0: Unrolling loop 'VITIS_LOOP_147_3' (mmult_accel.cpp:147:20) in function 'mmult_accel' completely with a factor of 32
remark: mmult_accel.cpp:60:0: Unrolling loop 'VITIS_LOOP_202_6' (mmult_accel.cpp:202:20) in function 'mmult_accel' completely with a factor of 32
remark: mmult_accel.cpp:60:0: Unrolling loop 'VITIS_LOOP_206_7' (mmult_accel.cpp:206:51) in function 'mmult_accel' completely with a factor of 32
remark: mmult_accel.cpp:60:0: Unrolling loop 'VITIS_LOOP_206_7' (mmult_accel.cpp:206:51) in function 'mmult_accel' completely with a factor of 32
remark: mmult_accel.cpp:60:0: Unrolling loop 'VITIS_LOOP_206_7' (mmult_accel.cpp:206:51) in function 'mmult_accel' completely with a factor of 32
remark: mmult_accel.cpp:60:0: Unrolling loop 'VITIS_LOOP_206_7' (mmult_accel.cpp:206:51) in function 'mmult_accel' completely with a factor of 32
remark: mmult_accel.cpp:60:0: Unrolling loop 'VITIS_LOOP_206_7' (mmult_accel.cpp:206:51) in function 'mmult_accel' completely with a factor of 32
remark: mmult_accel.cpp:60:0: Unrolling loop 'VITIS_LOOP_206_7' (mmult_accel.cpp:206:51) in function 'mmult_accel' completely with a factor of 32
remark: mmult_accel.cpp:60:0: Unrolling loop 'VITIS_LOOP_206_7' (mmult_accel.cpp:206:51) in function 'mmult_accel' completely with a factor of 32
remark: mmult_accel.cpp:60:0: Unrolling loop 'VITIS_LOOP_206_7' (mmult_accel.cpp:206:51) in function 'mmult_accel' completely with a factor of 32
remark: mmult_accel.cpp:60:0: Unrolling loop 'VITIS_LOOP_206_7' (mmult_accel.cpp:206:51) in function 'mmult_accel' completely with a factor of 32
remark: mmult_accel.cpp:60:0: Unrolling loop 'VITIS_LOOP_206_7' (mmult_accel.cpp:206:51) in function 'mmult_accel' completely with a factor of 32
remark: mmult_accel.cpp:60:0: Unrolling loop 'VITIS_LOOP_206_7' (mmult_accel.cpp:206:51) in function 'mmult_accel' completely with a factor of 32
remark: mmult_accel.cpp:60:0: Unrolling loop 'VITIS_LOOP_206_7' (mmult_accel.cpp:206:51) in function 'mmult_accel' completely with a factor of 32
remark: mmult_accel.cpp:60:0: Unrolling loop 'VITIS_LOOP_206_7' (mmult_accel.cpp:206:51) in function 'mmult_accel' completely with a factor of 32
remark: mmult_accel.cpp:60:0: Unrolling loop 'VITIS_LOOP_206_7' (mmult_accel.cpp:206:51) in function 'mmult_accel' completely with a factor of 32
remark: mmult_accel.cpp:60:0: Unrolling loop 'VITIS_LOOP_206_7' (mmult_accel.cpp:206:51) in function 'mmult_accel' completely with a factor of 32
remark: mmult_accel.cpp:60:0: Unrolling loop 'VITIS_LOOP_206_7' (mmult_accel.cpp:206:51) in function 'mmult_accel' completely with a factor of 32
remark: mmult_accel.cpp:60:0: Unrolling loop 'VITIS_LOOP_206_7' (mmult_accel.cpp:206:51) in function 'mmult_accel' completely with a factor of 32
remark: mmult_accel.cpp:60:0: Unrolling loop 'VITIS_LOOP_206_7' (mmult_accel.cpp:206:51) in function 'mmult_accel' completely with a factor of 32
remark: mmult_accel.cpp:60:0: Unrolling loop 'VITIS_LOOP_206_7' (mmult_accel.cpp:206:51) in function 'mmult_accel' completely with a factor of 32
remark: mmult_accel.cpp:60:0: Unrolling loop 'VITIS_LOOP_206_7' (mmult_accel.cpp:206:51) in function 'mmult_accel' completely with a factor of 32
remark: mmult_accel.cpp:60:0: Unrolling loop 'VITIS_LOOP_206_7' (mmult_accel.cpp:206:51) in function 'mmult_accel' completely with a factor of 32
remark: mmult_accel.cpp:60:0: Unrolling loop 'VITIS_LOOP_206_7' (mmult_accel.cpp:206:51) in function 'mmult_accel' completely with a factor of 32
remark: mmult_accel.cpp:60:0: Unrolling loop 'VITIS_LOOP_206_7' (mmult_accel.cpp:206:51) in function 'mmult_accel' completely with a factor of 32
remark: mmult_accel.cpp:60:0: Unrolling loop 'VITIS_LOOP_206_7' (mmult_accel.cpp:206:51) in function 'mmult_accel' completely with a factor of 32
remark: mmult_accel.cpp:60:0: Unrolling loop 'VITIS_LOOP_206_7' (mmult_accel.cpp:206:51) in function 'mmult_accel' completely with a factor of 32
remark: mmult_accel.cpp:60:0: Unrolling loop 'VITIS_LOOP_206_7' (mmult_accel.cpp:206:51) in function 'mmult_accel' completely with a factor of 32
remark: mmult_accel.cpp:60:0: Unrolling loop 'VITIS_LOOP_206_7' (mmult_accel.cpp:206:51) in function 'mmult_accel' completely with a factor of 32
remark: mmult_accel.cpp:60:0: Unrolling loop 'VITIS_LOOP_206_7' (mmult_accel.cpp:206:51) in function 'mmult_accel' completely with a factor of 32
remark: mmult_accel.cpp:60:0: Unrolling loop 'VITIS_LOOP_206_7' (mmult_accel.cpp:206:51) in function 'mmult_accel' completely with a factor of 32
remark: mmult_accel.cpp:60:0: Unrolling loop 'VITIS_LOOP_206_7' (mmult_accel.cpp:206:51) in function 'mmult_accel' completely with a factor of 32
remark: mmult_accel.cpp:60:0: Unrolling loop 'VITIS_LOOP_206_7' (mmult_accel.cpp:206:51) in function 'mmult_accel' completely with a factor of 32
remark: mmult_accel.cpp:60:0: Unrolling loop 'VITIS_LOOP_206_7' (mmult_accel.cpp:206:51) in function 'mmult_accel' completely with a factor of 32
remark: mmult_accel.cpp:139:29: Applying array_partition to 'localC': Complete partitioning on dimension 1. Complete partitioning on dimension 2.
remark: mmult_accel.cpp:155:28: Applying array_partition to 'localA': Complete partitioning on dimension 1. Complete partitioning on dimension 2.
remark: mmult_accel.cpp:156:28: Applying array_partition to 'localB': Complete partitioning on dimension 1. Complete partitioning on dimension 2.
remark: mmult_accel.cpp:96:13: Sequential read of variable length has been inferred _XLX_SEP_ OldID=for.inc.load.6,  _XLX_SEP_ Aseq A gmemA copy_A mmult_accel.cpp:96:13 mmult_accel 
remark: mmult_accel.cpp:120:35: Sequential read of variable length has been inferred _XLX_SEP_ OldID=for.inc36.load.6,  _XLX_SEP_ scevgepseq B gmemB VITIS_LOOP_120_2 mmult_accel.cpp:120:35 mmult_accel 
remark: mmult_accel.cpp:120:35: Stride is incompatible _XLX_SEP_ scevgepseq B gmemB copy_B_block mmult_accel.cpp:119:13 mmult_accel 
remark: mmult_accel.cpp:225:72: Access store is in the conditional branch _XLX_SEP_ if.then201.store.38 C gmemC VITIS_LOOP_220_8 mmult_accel.cpp:220:43 mmult_accel 
remark: mmult_accel.cpp:120:35: Could not widen since type i8 size is greater than or equal to the max_widen_bitwidth threshold of 0 _XLX_SEP_ scevgepseq B gmemB VITIS_LOOP_120_2 mmult_accel.cpp:120:35 mmult_accel 
remark: mmult_accel.cpp:96:13: Could not widen since type i8 size is greater than or equal to the max_widen_bitwidth threshold of 0 _XLX_SEP_ Aseq A gmemA VITIS_LOOP_97_1 mmult_accel.cpp:97:34 mmult_accel 
remark: mmult_accel.cpp:96:13: Multiple burst reads of variable length and bit width 8 has been inferred. These burst requests might be further partitioned into multiple requests during RTL generation, based on max_read_burst_length or max_write_burst_length settings. _XLX_SEP_ seq  gmemA copy_A mmult_accel.cpp:96:13 mmult_accel 
remark: mmult_accel.cpp:96:13: Multiple burst reads of variable length and bit width 8 in loop 'copy_A'(mmult_accel.cpp:96:13) has been inferred on bundle 'gmemA'. These burst requests might be further partitioned into multiple requests during RTL generation, based on max_read_burst_length or max_write_burst_length settings.
remark: mmult_accel.cpp:120:35: Multiple burst reads of variable length and bit width 8 has been inferred. These burst requests might be further partitioned into multiple requests during RTL generation, based on max_read_burst_length or max_write_burst_length settings. _XLX_SEP_ seq1  gmemB VITIS_LOOP_120_2 mmult_accel.cpp:120:35 mmult_accel 
remark: mmult_accel.cpp:120:35: Multiple burst reads of variable length and bit width 8 in loop 'VITIS_LOOP_120_2'(mmult_accel.cpp:120:35) has been inferred on bundle 'gmemB'. These burst requests might be further partitioned into multiple requests during RTL generation, based on max_read_burst_length or max_write_burst_length settings.
