

================================================================
== Vitis HLS Report for 'mmult_accel_Pipeline_copy_A_VITIS_LOOP_97_1'
================================================================
* Date:           Thu Jul 23 14:53:10 2026

* Version:        2022.2 (Build 3670227 on Oct 13 2022)
* Project:        mmult_accel_hls
* Solution:       solution1 (Vivado IP Flow Target)
* Product family: zynquplus
* Target device:  xck26-sfvc784-2LV-c


================================================================
== Performance Estimates
================================================================
+ Timing: 
    * Summary: 
    +--------+----------+----------+------------+
    |  Clock |  Target  | Estimated| Uncertainty|
    +--------+----------+----------+------------+
    |ap_clk  |  10.00 ns|  7.300 ns|     2.70 ns|
    +--------+----------+----------+------------+

+ Latency: 
    * Summary: 
    +---------+---------+----------+----------+-----+-----+---------+
    |  Latency (cycles) |  Latency (absolute) |  Interval | Pipeline|
    |   min   |   max   |    min   |    max   | min | max |   Type  |
    +---------+---------+----------+----------+-----+-----+---------+
    |        ?|        ?|         ?|         ?|    ?|    ?|       no|
    +---------+---------+----------+----------+-----+-----+---------+

    + Detail: 
        * Instance: 
        N/A

        * Loop: 
        +--------------------------+---------+---------+----------+-----------+-----------+------+----------+
        |                          |  Latency (cycles) | Iteration|  Initiation Interval  | Trip |          |
        |         Loop Name        |   min   |   max   |  Latency |  achieved |   target  | Count| Pipelined|
        +--------------------------+---------+---------+----------+-----------+-----------+------+----------+
        |- copy_A_VITIS_LOOP_97_1  |        ?|        ?|         3|          1|          1|     ?|       yes|
        +--------------------------+---------+---------+----------+-----------+-----------+------+----------+



================================================================
== Utilization Estimates
================================================================
* Summary: 
+-----------------+---------+------+--------+--------+-----+
|       Name      | BRAM_18K|  DSP |   FF   |   LUT  | URAM|
+-----------------+---------+------+--------+--------+-----+
|DSP              |        -|     -|       -|       -|    -|
|Expression       |        -|     -|       0|     266|    -|
|FIFO             |        -|     -|       -|       -|    -|
|Instance         |        -|     -|       -|       -|    -|
|Memory           |        -|     -|       -|       -|    -|
|Multiplexer      |        -|     -|       -|      63|    -|
|Register         |        -|     -|     142|       -|    -|
+-----------------+---------+------+--------+--------+-----+
|Total            |        0|     0|     142|     329|    0|
+-----------------+---------+------+--------+--------+-----+
|Available        |      288|  1248|  234240|  117120|   64|
+-----------------+---------+------+--------+--------+-----+
|Utilization (%)  |        0|     0|      ~0|      ~0|    0|
+-----------------+---------+------+--------+--------+-----+

+ Detail: 
    * Instance: 
    N/A

    * DSP: 
    N/A

    * Memory: 
    N/A

    * FIFO: 
    N/A

    * Expression: 
    +----------------------------------+----------+----+---+----+------------+------------+
    |           Variable Name          | Operation| DSP| FF| LUT| Bitwidth P0| Bitwidth P1|
    +----------------------------------+----------+----+---+----+------------+------------+
    |add_ln96_1_fu_154_p2              |         +|   0|  0|  71|          64|           1|
    |add_ln96_fu_180_p2                |         +|   0|  0|  38|          31|           1|
    |add_ln97_fu_238_p2                |         +|   0|  0|  23|          16|           1|
    |add_ln99_fu_232_p2                |         +|   0|  0|  16|          16|          16|
    |sub_ln99_fu_226_p2                |         -|   0|  0|  16|          16|          16|
    |ap_block_pp0_stage0_11001         |       and|   0|  0|   2|           1|           1|
    |ap_block_state3_pp0_stage0_iter2  |       and|   0|  0|   2|           1|           1|
    |icmp_ln96_fu_149_p2               |      icmp|   0|  0|  29|          64|          64|
    |icmp_ln97_fu_172_p2               |      icmp|   0|  0|  20|          32|          32|
    |select_ln96_1_fu_194_p3           |    select|   0|  0|  31|           1|          31|
    |select_ln96_fu_186_p3             |    select|   0|  0|  16|           1|          16|
    |ap_enable_pp0                     |       xor|   0|  0|   2|           1|           2|
    +----------------------------------+----------+----+---+----+------------+------------+
    |Total                             |          |   0|  0| 266|         244|         182|
    +----------------------------------+----------+----+---+----+------------+------------+

    * Multiplexer: 
    +-------------------------+----+-----------+-----+-----------+
    |           Name          | LUT| Input Size| Bits| Total Bits|
    +-------------------------+----+-----------+-----+-----------+
    |ap_done_int              |   9|          2|    1|          2|
    |ap_enable_reg_pp0_iter1  |   9|          2|    1|          2|
    |ap_enable_reg_pp0_iter3  |   9|          2|    1|          2|
    |gmemA_blk_n_R            |   9|          2|    1|          2|
    |i_fu_78                  |   9|          2|   31|         62|
    |indvar_flatten_fu_82     |   9|          2|   64|        128|
    |k_fu_74                  |   9|          2|   16|         32|
    +-------------------------+----+-----------+-----+-----------+
    |Total                    |  63|         14|  115|        230|
    +-------------------------+----+-----------+-----+-----------+

    * Register: 
    +----------------------------------+----+----+-----+-----------+
    |               Name               | FF | LUT| Bits| Const Bits|
    +----------------------------------+----+----+-----+-----------+
    |add_ln99_reg_303                  |  16|   0|   16|          0|
    |ap_CS_fsm                         |   1|   0|    1|          0|
    |ap_done_reg                       |   1|   0|    1|          0|
    |ap_enable_reg_pp0_iter1           |   1|   0|    1|          0|
    |ap_enable_reg_pp0_iter2           |   1|   0|    1|          0|
    |ap_enable_reg_pp0_iter3           |   1|   0|    1|          0|
    |ap_loop_exit_ready_pp0_iter2_reg  |   1|   0|    1|          0|
    |gmemA_addr_read_reg_308           |   8|   0|    8|          0|
    |i_fu_78                           |  31|   0|   31|          0|
    |icmp_ln96_reg_299                 |   1|   0|    1|          0|
    |indvar_flatten_fu_82              |  64|   0|   64|          0|
    |k_fu_74                           |  16|   0|   16|          0|
    +----------------------------------+----+----+-----+-----------+
    |Total                             | 142|   0|  142|          0|
    +----------------------------------+----+----+-----+-----------+



================================================================
== Interface
================================================================
* Summary: 
+----------------------+-----+-----+------------+---------------------------------------------+--------------+
|       RTL Ports      | Dir | Bits|  Protocol  |                Source Object                |    C Type    |
+----------------------+-----+-----+------------+---------------------------------------------+--------------+
|ap_clk                |   in|    1|  ap_ctrl_hs|  mmult_accel_Pipeline_copy_A_VITIS_LOOP_97_1|  return value|
|ap_rst                |   in|    1|  ap_ctrl_hs|  mmult_accel_Pipeline_copy_A_VITIS_LOOP_97_1|  return value|
|ap_start              |   in|    1|  ap_ctrl_hs|  mmult_accel_Pipeline_copy_A_VITIS_LOOP_97_1|  return value|
|ap_done               |  out|    1|  ap_ctrl_hs|  mmult_accel_Pipeline_copy_A_VITIS_LOOP_97_1|  return value|
|ap_idle               |  out|    1|  ap_ctrl_hs|  mmult_accel_Pipeline_copy_A_VITIS_LOOP_97_1|  return value|
|ap_ready              |  out|    1|  ap_ctrl_hs|  mmult_accel_Pipeline_copy_A_VITIS_LOOP_97_1|  return value|
|m_axi_gmemA_AWVALID   |  out|    1|       m_axi|                                        gmemA|       pointer|
|m_axi_gmemA_AWREADY   |   in|    1|       m_axi|                                        gmemA|       pointer|
|m_axi_gmemA_AWADDR    |  out|   64|       m_axi|                                        gmemA|       pointer|
|m_axi_gmemA_AWID      |  out|    1|       m_axi|                                        gmemA|       pointer|
|m_axi_gmemA_AWLEN     |  out|   32|       m_axi|                                        gmemA|       pointer|
|m_axi_gmemA_AWSIZE    |  out|    3|       m_axi|                                        gmemA|       pointer|
|m_axi_gmemA_AWBURST   |  out|    2|       m_axi|                                        gmemA|       pointer|
|m_axi_gmemA_AWLOCK    |  out|    2|       m_axi|                                        gmemA|       pointer|
|m_axi_gmemA_AWCACHE   |  out|    4|       m_axi|                                        gmemA|       pointer|
|m_axi_gmemA_AWPROT    |  out|    3|       m_axi|                                        gmemA|       pointer|
|m_axi_gmemA_AWQOS     |  out|    4|       m_axi|                                        gmemA|       pointer|
|m_axi_gmemA_AWREGION  |  out|    4|       m_axi|                                        gmemA|       pointer|
|m_axi_gmemA_AWUSER    |  out|    1|       m_axi|                                        gmemA|       pointer|
|m_axi_gmemA_WVALID    |  out|    1|       m_axi|                                        gmemA|       pointer|
|m_axi_gmemA_WREADY    |   in|    1|       m_axi|                                        gmemA|       pointer|
|m_axi_gmemA_WDATA     |  out|    8|       m_axi|                                        gmemA|       pointer|
|m_axi_gmemA_WSTRB     |  out|    1|       m_axi|                                        gmemA|       pointer|
|m_axi_gmemA_WLAST     |  out|    1|       m_axi|                                        gmemA|       pointer|
|m_axi_gmemA_WID       |  out|    1|       m_axi|                                        gmemA|       pointer|
|m_axi_gmemA_WUSER     |  out|    1|       m_axi|                                        gmemA|       pointer|
|m_axi_gmemA_ARVALID   |  out|    1|       m_axi|                                        gmemA|       pointer|
|m_axi_gmemA_ARREADY   |   in|    1|       m_axi|                                        gmemA|       pointer|
|m_axi_gmemA_ARADDR    |  out|   64|       m_axi|                                        gmemA|       pointer|
|m_axi_gmemA_ARID      |  out|    1|       m_axi|                                        gmemA|       pointer|
|m_axi_gmemA_ARLEN     |  out|   32|       m_axi|                                        gmemA|       pointer|
|m_axi_gmemA_ARSIZE    |  out|    3|       m_axi|                                        gmemA|       pointer|
|m_axi_gmemA_ARBURST   |  out|    2|       m_axi|                                        gmemA|       pointer|
|m_axi_gmemA_ARLOCK    |  out|    2|       m_axi|                                        gmemA|       pointer|
|m_axi_gmemA_ARCACHE   |  out|    4|       m_axi|                                        gmemA|       pointer|
|m_axi_gmemA_ARPROT    |  out|    3|       m_axi|                                        gmemA|       pointer|
|m_axi_gmemA_ARQOS     |  out|    4|       m_axi|                                        gmemA|       pointer|
|m_axi_gmemA_ARREGION  |  out|    4|       m_axi|                                        gmemA|       pointer|
|m_axi_gmemA_ARUSER    |  out|    1|       m_axi|                                        gmemA|       pointer|
|m_axi_gmemA_RVALID    |   in|    1|       m_axi|                                        gmemA|       pointer|
|m_axi_gmemA_RREADY    |  out|    1|       m_axi|                                        gmemA|       pointer|
|m_axi_gmemA_RDATA     |   in|    8|       m_axi|                                        gmemA|       pointer|
|m_axi_gmemA_RLAST     |   in|    1|       m_axi|                                        gmemA|       pointer|
|m_axi_gmemA_RID       |   in|    1|       m_axi|                                        gmemA|       pointer|
|m_axi_gmemA_RFIFONUM  |   in|   11|       m_axi|                                        gmemA|       pointer|
|m_axi_gmemA_RUSER     |   in|    1|       m_axi|                                        gmemA|       pointer|
|m_axi_gmemA_RRESP     |   in|    2|       m_axi|                                        gmemA|       pointer|
|m_axi_gmemA_BVALID    |   in|    1|       m_axi|                                        gmemA|       pointer|
|m_axi_gmemA_BREADY    |  out|    1|       m_axi|                                        gmemA|       pointer|
|m_axi_gmemA_BRESP     |   in|    2|       m_axi|                                        gmemA|       pointer|
|m_axi_gmemA_BID       |   in|    1|       m_axi|                                        gmemA|       pointer|
|m_axi_gmemA_BUSER     |   in|    1|       m_axi|                                        gmemA|       pointer|
|A                     |   in|   64|     ap_none|                                            A|        scalar|
|K                     |   in|   32|     ap_none|                                            K|        scalar|
|mul_ln96_1            |   in|   64|     ap_none|                                   mul_ln96_1|        scalar|
|A_bram_address1       |  out|   16|   ap_memory|                                       A_bram|         array|
|A_bram_ce1            |  out|    1|   ap_memory|                                       A_bram|         array|
|A_bram_we1            |  out|    1|   ap_memory|                                       A_bram|         array|
|A_bram_d1             |  out|    8|   ap_memory|                                       A_bram|         array|
+----------------------+-----+-----+------------+---------------------------------------------+--------------+

============================================================
+ Verbose Summary: Synthesis Manager
============================================================
InlineROM: 1
ExposeGlobal: 0
============================================================
+ Verbose Summary: CDFG Model
============================================================
IsTopModel: 0
ResetActiveHigh: 1
IsCombinational: 2
IsDatapathOnly: 2
HasWiredReturn: 1
HasMFsm: 2
HasVarLatency: 1
IsPipeline: 0
IsRtlPipelined: 0
IsInstanceOverlapped: 0
IsDontTouch: 0
HasImplIP: 0
IsGatedGlobalClock: 0

+ Individual pipeline summary: 
  * Pipeline-0: initiation interval (II) = 1, depth = 4


============================================================
+ Verbose Summary: Schedule
============================================================
* Number of FSM states : 4
* Pipeline : 1
  Pipeline-0 : II = 1, D = 4, States = { 1 2 3 4 }
* Dataflow Pipeline: 0

* FSM state transitions: 
1 --> 2 
2 --> 3 
3 --> 4 
4 --> 

* FSM state operations: 

State 1 <SV = 0> <Delay = 0.42>
ST_1 : Operation 6 [1/1] (0.00ns)   --->   "%k = alloca i32 1"   --->   Operation 6 'alloca' 'k' <Predicate = true> <Delay = 0.00>
ST_1 : Operation 7 [1/1] (0.00ns)   --->   "%i = alloca i32 1"   --->   Operation 7 'alloca' 'i' <Predicate = true> <Delay = 0.00>
ST_1 : Operation 8 [1/1] (0.00ns)   --->   "%indvar_flatten = alloca i32 1"   --->   Operation 8 'alloca' 'indvar_flatten' <Predicate = true> <Delay = 0.00>
ST_1 : Operation 9 [1/1] (0.00ns)   --->   "%specmemcore_ln0 = specmemcore void @_ssdm_op_SpecMemCore, i8 %A_bram, i64 666, i64 22, i64 18446744073709551615"   --->   Operation 9 'specmemcore' 'specmemcore_ln0' <Predicate = true> <Delay = 0.00>
ST_1 : Operation 10 [1/1] (0.00ns)   --->   "%specinterface_ln0 = specinterface void @_ssdm_op_SpecInterface, i8 %gmemA, void @empty_16, i32 0, i32 0, void @empty_17, i32 0, i32 49152, void @empty_25, void @empty_19, void @empty_17, i32 16, i32 16, i32 16, i32 16, void @empty_17, void @empty_17, i32 4294967295, i32 0"   --->   Operation 10 'specinterface' 'specinterface_ln0' <Predicate = true> <Delay = 0.00>
ST_1 : Operation 11 [1/1] (0.00ns)   --->   "%mul_ln96_1_read = read i64 @_ssdm_op_Read.ap_auto.i64, i64 %mul_ln96_1"   --->   Operation 11 'read' 'mul_ln96_1_read' <Predicate = true> <Delay = 0.00>
ST_1 : Operation 12 [1/1] (0.00ns)   --->   "%K_read = read i32 @_ssdm_op_Read.ap_auto.i32, i32 %K"   --->   Operation 12 'read' 'K_read' <Predicate = true> <Delay = 0.00>
ST_1 : Operation 13 [1/1] (0.00ns)   --->   "%A_read = read i64 @_ssdm_op_Read.ap_auto.i64, i64 %A"   --->   Operation 13 'read' 'A_read' <Predicate = true> <Delay = 0.00>
ST_1 : Operation 14 [1/1] (0.42ns)   --->   "%store_ln0 = store i64 0, i64 %indvar_flatten"   --->   Operation 14 'store' 'store_ln0' <Predicate = true> <Delay = 0.42>
ST_1 : Operation 15 [1/1] (0.42ns)   --->   "%store_ln0 = store i31 0, i31 %i"   --->   Operation 15 'store' 'store_ln0' <Predicate = true> <Delay = 0.42>
ST_1 : Operation 16 [1/1] (0.42ns)   --->   "%store_ln0 = store i16 0, i16 %k"   --->   Operation 16 'store' 'store_ln0' <Predicate = true> <Delay = 0.42>
ST_1 : Operation 17 [1/1] (0.00ns)   --->   "%br_ln0 = br void %for.inc"   --->   Operation 17 'br' 'br_ln0' <Predicate = true> <Delay = 0.00>

State 2 <SV = 1> <Delay = 1.55>
ST_2 : Operation 18 [1/1] (0.00ns)   --->   "%indvar_flatten_load = load i64 %indvar_flatten" [mmult_accel.cpp:96]   --->   Operation 18 'load' 'indvar_flatten_load' <Predicate = true> <Delay = 0.00>
ST_2 : Operation 19 [1/1] (0.00ns)   --->   "%gmemA_addr = getelementptr i8 %gmemA, i64 %A_read" [mmult_accel.cpp:96]   --->   Operation 19 'getelementptr' 'gmemA_addr' <Predicate = true> <Delay = 0.00>
ST_2 : Operation 20 [1/1] (1.13ns)   --->   "%icmp_ln96 = icmp_eq  i64 %indvar_flatten_load, i64 %mul_ln96_1_read" [mmult_accel.cpp:96]   --->   Operation 20 'icmp' 'icmp_ln96' <Predicate = true> <Delay = 1.13> <CoreInst = "Cmp">   --->   Core 9 'Cmp' <Latency = 0> <II = 1> <Delay = 1.13> <FuncUnit> <Opcode : 'icmp'> <InPorts = 2> <OutPorts = 1>
ST_2 : Operation 21 [1/1] (1.08ns)   --->   "%add_ln96_1 = add i64 %indvar_flatten_load, i64 1" [mmult_accel.cpp:96]   --->   Operation 21 'add' 'add_ln96_1' <Predicate = true> <Delay = 1.08> <CoreInst = "Adder">   --->   Core 1 'Adder' <Latency = 0> <II = 1> <Delay = 1.08> <FuncUnit> <Opcode : 'add' 'sub'> <InPorts = 2> <OutPorts = 1>
ST_2 : Operation 22 [1/1] (0.00ns)   --->   "%br_ln96 = br i1 %icmp_ln96, void %for.inc9.loopexit, void %outer_j_block.loopexit.exitStub" [mmult_accel.cpp:96]   --->   Operation 22 'br' 'br_ln96' <Predicate = true> <Delay = 0.00>
ST_2 : Operation 23 [1/1] (0.42ns)   --->   "%store_ln97 = store i64 %add_ln96_1, i64 %indvar_flatten" [mmult_accel.cpp:97]   --->   Operation 23 'store' 'store_ln97' <Predicate = (!icmp_ln96)> <Delay = 0.42>

State 3 <SV = 2> <Delay = 7.30>
ST_3 : Operation 24 [1/1] (0.00ns)   --->   "%k_1 = load i16 %k" [mmult_accel.cpp:97]   --->   Operation 24 'load' 'k_1' <Predicate = true> <Delay = 0.00>
ST_3 : Operation 25 [1/1] (0.00ns)   --->   "%specbitsmap_ln0 = specbitsmap void @_ssdm_op_SpecBitsMap, i8 %gmemA"   --->   Operation 25 'specbitsmap' 'specbitsmap_ln0' <Predicate = true> <Delay = 0.00>
ST_3 : Operation 26 [1/1] (0.00ns)   --->   "%zext_ln97 = zext i16 %k_1" [mmult_accel.cpp:97]   --->   Operation 26 'zext' 'zext_ln97' <Predicate = true> <Delay = 0.00>
ST_3 : Operation 27 [1/1] (0.99ns)   --->   "%icmp_ln97 = icmp_slt  i32 %zext_ln97, i32 %K_read" [mmult_accel.cpp:97]   --->   Operation 27 'icmp' 'icmp_ln97' <Predicate = true> <Delay = 0.99> <CoreInst = "Cmp">   --->   Core 9 'Cmp' <Latency = 0> <II = 1> <Delay = 0.99> <FuncUnit> <Opcode : 'icmp'> <InPorts = 2> <OutPorts = 1>
ST_3 : Operation 28 [1/1] (0.00ns)   --->   "%i_load = load i31 %i" [mmult_accel.cpp:96]   --->   Operation 28 'load' 'i_load' <Predicate = (!icmp_ln96)> <Delay = 0.00>
ST_3 : Operation 29 [1/1] (1.00ns)   --->   "%add_ln96 = add i31 %i_load, i31 1" [mmult_accel.cpp:96]   --->   Operation 29 'add' 'add_ln96' <Predicate = (!icmp_ln96)> <Delay = 1.00> <CoreInst = "Adder">   --->   Core 1 'Adder' <Latency = 0> <II = 1> <Delay = 1.00> <FuncUnit> <Opcode : 'add' 'sub'> <InPorts = 2> <OutPorts = 1>
ST_3 : Operation 30 [1/1] (0.35ns)   --->   "%select_ln96 = select i1 %icmp_ln97, i16 %k_1, i16 0" [mmult_accel.cpp:96]   --->   Operation 30 'select' 'select_ln96' <Predicate = (!icmp_ln96)> <Delay = 0.35> <CoreInst = "Sel">   --->   Core 73 'Sel' <Latency = 0> <II = 1> <Delay = 0.35> <FuncUnit> <Opcode : 'select'> <InPorts = 3> <OutPorts = 1>
ST_3 : Operation 31 [1/1] (0.41ns)   --->   "%select_ln96_1 = select i1 %icmp_ln97, i31 %i_load, i31 %add_ln96" [mmult_accel.cpp:96]   --->   Operation 31 'select' 'select_ln96_1' <Predicate = (!icmp_ln96)> <Delay = 0.41> <CoreInst = "Sel">   --->   Core 73 'Sel' <Latency = 0> <II = 1> <Delay = 0.41> <FuncUnit> <Opcode : 'select'> <InPorts = 3> <OutPorts = 1>
ST_3 : Operation 32 [1/1] (0.00ns)   --->   "%trunc_ln99 = trunc i31 %select_ln96_1" [mmult_accel.cpp:99]   --->   Operation 32 'trunc' 'trunc_ln99' <Predicate = (!icmp_ln96)> <Delay = 0.00>
ST_3 : Operation 33 [1/1] (0.00ns)   --->   "%trunc_ln99_1 = trunc i31 %select_ln96_1" [mmult_accel.cpp:99]   --->   Operation 33 'trunc' 'trunc_ln99_1' <Predicate = (!icmp_ln96)> <Delay = 0.00>
ST_3 : Operation 34 [1/1] (0.00ns)   --->   "%tmp_s = bitconcatenate i16 @_ssdm_op_BitConcatenate.i16.i6.i10, i6 %trunc_ln99_1, i10 0" [mmult_accel.cpp:99]   --->   Operation 34 'bitconcatenate' 'tmp_s' <Predicate = (!icmp_ln96)> <Delay = 0.00>
ST_3 : Operation 35 [1/1] (0.00ns)   --->   "%tmp_32 = bitconcatenate i16 @_ssdm_op_BitConcatenate.i16.i8.i8, i8 %trunc_ln99, i8 0" [mmult_accel.cpp:99]   --->   Operation 35 'bitconcatenate' 'tmp_32' <Predicate = (!icmp_ln96)> <Delay = 0.00>
ST_3 : Operation 36 [1/1] (0.00ns) (grouped into TernaryAdder)   --->   "%sub_ln99 = sub i16 %tmp_s, i16 %tmp_32" [mmult_accel.cpp:99]   --->   Operation 36 'sub' 'sub_ln99' <Predicate = (!icmp_ln96)> <Delay = 0.00> <CoreInst = "TAddSub">   --->   Core 10 'TAddSub' <Latency = 0> <II = 1> <Delay = 0.34> <IPBlock> <Opcode : 'add' 'sub'> <InPorts = 3> <OutPorts = 1> <Sync> <CReg>
ST_3 : Operation 37 [1/1] (0.68ns) (root node of TernaryAdder)   --->   "%add_ln99 = add i16 %sub_ln99, i16 %select_ln96" [mmult_accel.cpp:99]   --->   Operation 37 'add' 'add_ln99' <Predicate = (!icmp_ln96)> <Delay = 0.68> <CoreInst = "TAddSub">   --->   Core 10 'TAddSub' <Latency = 0> <II = 1> <Delay = 0.34> <IPBlock> <Opcode : 'add' 'sub'> <InPorts = 3> <OutPorts = 1> <Sync> <CReg>
ST_3 : Operation 38 [1/1] (7.30ns)   --->   "%gmemA_addr_read = read i8 @_ssdm_op_Read.m_axi.p1i8, i64 %gmemA_addr" [mmult_accel.cpp:99]   --->   Operation 38 'read' 'gmemA_addr_read' <Predicate = (!icmp_ln96)> <Delay = 7.30> <CoreInst = "m_axi">   --->   Core 121 'm_axi' <Latency = 0> <II = 1> <Delay = 1.00> <Adapter> <Opcode : 'read' 'write' 'readreq' 'writereq' 'writeresp'>
ST_3 : Operation 39 [1/1] (0.85ns)   --->   "%add_ln97 = add i16 %select_ln96, i16 1" [mmult_accel.cpp:97]   --->   Operation 39 'add' 'add_ln97' <Predicate = (!icmp_ln96)> <Delay = 0.85> <CoreInst = "Adder">   --->   Core 1 'Adder' <Latency = 0> <II = 1> <Delay = 0.85> <FuncUnit> <Opcode : 'add' 'sub'> <InPorts = 2> <OutPorts = 1>
ST_3 : Operation 40 [1/1] (0.42ns)   --->   "%store_ln97 = store i31 %select_ln96_1, i31 %i" [mmult_accel.cpp:97]   --->   Operation 40 'store' 'store_ln97' <Predicate = (!icmp_ln96)> <Delay = 0.42>
ST_3 : Operation 41 [1/1] (0.42ns)   --->   "%store_ln97 = store i16 %add_ln97, i16 %k" [mmult_accel.cpp:97]   --->   Operation 41 'store' 'store_ln97' <Predicate = (!icmp_ln96)> <Delay = 0.42>
ST_3 : Operation 49 [1/1] (0.00ns)   --->   "%ret_ln0 = ret"   --->   Operation 49 'ret' 'ret_ln0' <Predicate = (icmp_ln96)> <Delay = 0.00>

State 4 <SV = 3> <Delay = 1.23>
ST_4 : Operation 42 [1/1] (0.00ns)   --->   "%specloopname_ln0 = specloopname void @_ssdm_op_SpecLoopName, void @copy_A_VITIS_LOOP_97_1_str"   --->   Operation 42 'specloopname' 'specloopname_ln0' <Predicate = true> <Delay = 0.00>
ST_4 : Operation 43 [1/1] (0.00ns)   --->   "%zext_ln99 = zext i16 %add_ln99" [mmult_accel.cpp:99]   --->   Operation 43 'zext' 'zext_ln99' <Predicate = true> <Delay = 0.00>
ST_4 : Operation 44 [1/1] (0.00ns)   --->   "%A_bram_addr = getelementptr i8 %A_bram, i64 0, i64 %zext_ln99" [mmult_accel.cpp:99]   --->   Operation 44 'getelementptr' 'A_bram_addr' <Predicate = true> <Delay = 0.00>
ST_4 : Operation 45 [1/1] (0.00ns)   --->   "%specpipeline_ln98 = specpipeline void @_ssdm_op_SpecPipeline, i32 1, i32 0, i32 0, i32 0, void @empty_17" [mmult_accel.cpp:98]   --->   Operation 45 'specpipeline' 'specpipeline_ln98' <Predicate = true> <Delay = 0.00>
ST_4 : Operation 46 [1/1] (0.00ns)   --->   "%specloopname_ln97 = specloopname void @_ssdm_op_SpecLoopName, void @empty_15" [mmult_accel.cpp:97]   --->   Operation 46 'specloopname' 'specloopname_ln97' <Predicate = true> <Delay = 0.00>
ST_4 : Operation 47 [1/1] (1.23ns)   --->   "%store_ln99 = store i8 %gmemA_addr_read, i16 %A_bram_addr" [mmult_accel.cpp:99]   --->   Operation 47 'store' 'store_ln99' <Predicate = true> <Delay = 1.23> <CoreInst = "RAM_2P_BRAM">   --->   Core 94 'RAM_2P_BRAM' <Latency = 1> <II = 1> <Delay = 1.23> <Storage> <Opcode : 'load' 'store'> <Ports = 2> <Width = 8> <Depth = 49152> <RAM>
ST_4 : Operation 48 [1/1] (0.00ns)   --->   "%br_ln97 = br void %for.inc" [mmult_accel.cpp:97]   --->   Operation 48 'br' 'br_ln97' <Predicate = true> <Delay = 0.00>


============================================================
+ Verbose Summary: Binding
============================================================
STG Binding: 
---------------- STG Properties BEGIN ----------------
- Is combinational: 0
- Is one-state seq: 0
- Is datapath-only: 0
- Is pipelined: 0
- Is top level: 0
Port [ Return ] is wired: 1; IO mode=ap_ctrl_hs:ce=0
Port [ gmemA]:  wired=1; compound=1; hidden=0; nouse=0; global=0; static=0; extern=0; dir=0; type=4; pingpong=0; private_global=0; IO mode=m_axi:ce=0
Port [ A]:  wired=1; compound=0; hidden=0; nouse=0; global=0; static=0; extern=0; dir=0; type=0; pingpong=0; private_global=0; IO mode=ap_none:ce=0
Port [ K]:  wired=1; compound=0; hidden=0; nouse=0; global=0; static=0; extern=0; dir=0; type=0; pingpong=0; private_global=0; IO mode=ap_none:ce=0
Port [ mul_ln96_1]:  wired=1; compound=0; hidden=0; nouse=0; global=0; static=0; extern=0; dir=0; type=0; pingpong=0; private_global=0; IO mode=ap_none:ce=0
Port [ A_bram]:  wired=1; compound=1; hidden=0; nouse=0; global=1; static=1; extern=0; dir=1; type=1; pingpong=0; private_global=0; MemPort=[30]; IO mode=ap_memory:ce=0
---------------- STG Properties END ------------------

---------------- Datapath Model BEGIN ----------------

<LifeTime>
<method=bitvector/>
k                   (alloca        ) [ 01110]
i                   (alloca        ) [ 01110]
indvar_flatten      (alloca        ) [ 01100]
specmemcore_ln0     (specmemcore   ) [ 00000]
specinterface_ln0   (specinterface ) [ 00000]
mul_ln96_1_read     (read          ) [ 01100]
K_read              (read          ) [ 01110]
A_read              (read          ) [ 01100]
store_ln0           (store         ) [ 00000]
store_ln0           (store         ) [ 00000]
store_ln0           (store         ) [ 00000]
br_ln0              (br            ) [ 00000]
indvar_flatten_load (load          ) [ 00000]
gmemA_addr          (getelementptr ) [ 01010]
icmp_ln96           (icmp          ) [ 01110]
add_ln96_1          (add           ) [ 00000]
br_ln96             (br            ) [ 00000]
store_ln97          (store         ) [ 00000]
k_1                 (load          ) [ 00000]
specbitsmap_ln0     (specbitsmap   ) [ 00000]
zext_ln97           (zext          ) [ 00000]
icmp_ln97           (icmp          ) [ 00000]
i_load              (load          ) [ 00000]
add_ln96            (add           ) [ 00000]
select_ln96         (select        ) [ 00000]
select_ln96_1       (select        ) [ 00000]
trunc_ln99          (trunc         ) [ 00000]
trunc_ln99_1        (trunc         ) [ 00000]
tmp_s               (bitconcatenate) [ 00000]
tmp_32              (bitconcatenate) [ 00000]
sub_ln99            (sub           ) [ 00000]
add_ln99            (add           ) [ 01001]
gmemA_addr_read     (read          ) [ 01001]
add_ln97            (add           ) [ 00000]
store_ln97          (store         ) [ 00000]
store_ln97          (store         ) [ 00000]
specloopname_ln0    (specloopname  ) [ 00000]
zext_ln99           (zext          ) [ 00000]
A_bram_addr         (getelementptr ) [ 00000]
specpipeline_ln98   (specpipeline  ) [ 00000]
specloopname_ln97   (specloopname  ) [ 00000]
store_ln99          (store         ) [ 00000]
br_ln97             (br            ) [ 00000]
ret_ln0             (ret           ) [ 00000]
</LifeTime>

<model>

<comp_list>
<comp id="0" class="1000" name="gmemA">
<pin_list>
<pin id="1" dir="1" index="0" bw="1" slack="0"/>
</pin_list>
<bind>
<StgValue><ssdm name="gmemA"/></StgValue>
</bind>
</comp>

<comp id="2" class="1000" name="A">
<pin_list>
<pin id="3" dir="1" index="0" bw="1" slack="0"/>
</pin_list>
<bind>
<StgValue><ssdm name="A"/></StgValue>
</bind>
</comp>

<comp id="4" class="1000" name="K">
<pin_list>
<pin id="5" dir="1" index="0" bw="1" slack="0"/>
</pin_list>
<bind>
<StgValue><ssdm name="K"/></StgValue>
</bind>
</comp>

<comp id="6" class="1000" name="mul_ln96_1">
<pin_list>
<pin id="7" dir="1" index="0" bw="1" slack="0"/>
</pin_list>
<bind>
<StgValue><ssdm name="mul_ln96_1"/></StgValue>
</bind>
</comp>

<comp id="8" class="1000" name="A_bram">
<pin_list>
<pin id="9" dir="1" index="0" bw="1" slack="0"/>
</pin_list>
<bind>
<StgValue><ssdm name="A_bram"/><MemPortTyVec>3 0 </MemPortTyVec>
</StgValue>
</bind>
</comp>

<comp id="10" class="1001" name="const_10">
<pin_list>
<pin id="11" dir="1" index="0" bw="1" slack="0"/>
</pin_list>
<bind>
<StgValue><ssdm name=""/></StgValue>
</bind>
</comp>

<comp id="12" class="1001" name="const_12">
<pin_list>
<pin id="13" dir="1" index="0" bw="1" slack="2147483647"/>
</pin_list>
<bind>
<StgValue><ssdm name="_ssdm_op_SpecMemCore"/></StgValue>
</bind>
</comp>

<comp id="14" class="1001" name="const_14">
<pin_list>
<pin id="15" dir="1" index="0" bw="1" slack="2147483647"/>
</pin_list>
<bind>
<StgValue><ssdm name=""/></StgValue>
</bind>
</comp>

<comp id="16" class="1001" name="const_16">
<pin_list>
<pin id="17" dir="1" index="0" bw="1" slack="2147483647"/>
</pin_list>
<bind>
<StgValue><ssdm name=""/></StgValue>
</bind>
</comp>

<comp id="18" class="1001" name="const_18">
<pin_list>
<pin id="19" dir="1" index="0" bw="1" slack="2147483647"/>
</pin_list>
<bind>
<StgValue><ssdm name=""/></StgValue>
</bind>
</comp>

<comp id="20" class="1001" name="const_20">
<pin_list>
<pin id="21" dir="1" index="0" bw="1" slack="2147483647"/>
</pin_list>
<bind>
<StgValue><ssdm name="_ssdm_op_SpecInterface"/></StgValue>
</bind>
</comp>

<comp id="22" class="1001" name="const_22">
<pin_list>
<pin id="23" dir="1" index="0" bw="1" slack="2147483647"/>
</pin_list>
<bind>
<StgValue><ssdm name="empty_16"/></StgValue>
</bind>
</comp>

<comp id="24" class="1001" name="const_24">
<pin_list>
<pin id="25" dir="1" index="0" bw="1" slack="2147483647"/>
</pin_list>
<bind>
<StgValue><ssdm name=""/></StgValue>
</bind>
</comp>

<comp id="26" class="1001" name="const_26">
<pin_list>
<pin id="27" dir="1" index="0" bw="1" slack="2147483647"/>
</pin_list>
<bind>
<StgValue><ssdm name="empty_17"/></StgValue>
</bind>
</comp>

<comp id="28" class="1001" name="const_28">
<pin_list>
<pin id="29" dir="1" index="0" bw="1" slack="2147483647"/>
</pin_list>
<bind>
<StgValue><ssdm name=""/></StgValue>
</bind>
</comp>

<comp id="30" class="1001" name="const_30">
<pin_list>
<pin id="31" dir="1" index="0" bw="1" slack="2147483647"/>
</pin_list>
<bind>
<StgValue><ssdm name="empty_25"/></StgValue>
</bind>
</comp>

<comp id="32" class="1001" name="const_32">
<pin_list>
<pin id="33" dir="1" index="0" bw="1" slack="2147483647"/>
</pin_list>
<bind>
<StgValue><ssdm name="empty_19"/></StgValue>
</bind>
</comp>

<comp id="34" class="1001" name="const_34">
<pin_list>
<pin id="35" dir="1" index="0" bw="1" slack="2147483647"/>
</pin_list>
<bind>
<StgValue><ssdm name=""/></StgValue>
</bind>
</comp>

<comp id="36" class="1001" name="const_36">
<pin_list>
<pin id="37" dir="1" index="0" bw="1" slack="2147483647"/>
</pin_list>
<bind>
<StgValue><ssdm name=""/></StgValue>
</bind>
</comp>

<comp id="38" class="1001" name="const_38">
<pin_list>
<pin id="39" dir="1" index="0" bw="1" slack="0"/>
</pin_list>
<bind>
<StgValue><ssdm name="_ssdm_op_Read.ap_auto.i64"/></StgValue>
</bind>
</comp>

<comp id="40" class="1001" name="const_40">
<pin_list>
<pin id="41" dir="1" index="0" bw="1" slack="0"/>
</pin_list>
<bind>
<StgValue><ssdm name="_ssdm_op_Read.ap_auto.i32"/></StgValue>
</bind>
</comp>

<comp id="42" class="1001" name="const_42">
<pin_list>
<pin id="43" dir="1" index="0" bw="1" slack="0"/>
</pin_list>
<bind>
<StgValue><ssdm name=""/></StgValue>
</bind>
</comp>

<comp id="44" class="1001" name="const_44">
<pin_list>
<pin id="45" dir="1" index="0" bw="1" slack="0"/>
</pin_list>
<bind>
<StgValue><ssdm name=""/></StgValue>
</bind>
</comp>

<comp id="46" class="1001" name="const_46">
<pin_list>
<pin id="47" dir="1" index="0" bw="1" slack="0"/>
</pin_list>
<bind>
<StgValue><ssdm name=""/></StgValue>
</bind>
</comp>

<comp id="48" class="1001" name="const_48">
<pin_list>
<pin id="49" dir="1" index="0" bw="1" slack="0"/>
</pin_list>
<bind>
<StgValue><ssdm name=""/></StgValue>
</bind>
</comp>

<comp id="50" class="1001" name="const_50">
<pin_list>
<pin id="51" dir="1" index="0" bw="1" slack="2147483647"/>
</pin_list>
<bind>
<StgValue><ssdm name="_ssdm_op_SpecBitsMap"/></StgValue>
</bind>
</comp>

<comp id="52" class="1001" name="const_52">
<pin_list>
<pin id="53" dir="1" index="0" bw="1" slack="0"/>
</pin_list>
<bind>
<StgValue><ssdm name=""/></StgValue>
</bind>
</comp>

<comp id="54" class="1001" name="const_54">
<pin_list>
<pin id="55" dir="1" index="0" bw="1" slack="0"/>
</pin_list>
<bind>
<StgValue><ssdm name="_ssdm_op_BitConcatenate.i16.i6.i10"/></StgValue>
</bind>
</comp>

<comp id="56" class="1001" name="const_56">
<pin_list>
<pin id="57" dir="1" index="0" bw="1" slack="0"/>
</pin_list>
<bind>
<StgValue><ssdm name=""/></StgValue>
</bind>
</comp>

<comp id="58" class="1001" name="const_58">
<pin_list>
<pin id="59" dir="1" index="0" bw="1" slack="0"/>
</pin_list>
<bind>
<StgValue><ssdm name="_ssdm_op_BitConcatenate.i16.i8.i8"/></StgValue>
</bind>
</comp>

<comp id="60" class="1001" name="const_60">
<pin_list>
<pin id="61" dir="1" index="0" bw="1" slack="0"/>
</pin_list>
<bind>
<StgValue><ssdm name=""/></StgValue>
</bind>
</comp>

<comp id="62" class="1001" name="const_62">
<pin_list>
<pin id="63" dir="1" index="0" bw="1" slack="0"/>
</pin_list>
<bind>
<StgValue><ssdm name="_ssdm_op_Read.m_axi.p1i8"/></StgValue>
</bind>
</comp>

<comp id="64" class="1001" name="const_64">
<pin_list>
<pin id="65" dir="1" index="0" bw="1" slack="0"/>
</pin_list>
<bind>
<StgValue><ssdm name=""/></StgValue>
</bind>
</comp>

<comp id="66" class="1001" name="const_66">
<pin_list>
<pin id="67" dir="1" index="0" bw="1" slack="2147483647"/>
</pin_list>
<bind>
<StgValue><ssdm name="_ssdm_op_SpecLoopName"/></StgValue>
</bind>
</comp>

<comp id="68" class="1001" name="const_68">
<pin_list>
<pin id="69" dir="1" index="0" bw="1" slack="2147483647"/>
</pin_list>
<bind>
<StgValue><ssdm name="copy_A_VITIS_LOOP_97_1_str"/></StgValue>
</bind>
</comp>

<comp id="70" class="1001" name="const_70">
<pin_list>
<pin id="71" dir="1" index="0" bw="1" slack="2147483647"/>
</pin_list>
<bind>
<StgValue><ssdm name="_ssdm_op_SpecPipeline"/></StgValue>
</bind>
</comp>

<comp id="72" class="1001" name="const_72">
<pin_list>
<pin id="73" dir="1" index="0" bw="1" slack="2147483647"/>
</pin_list>
<bind>
<StgValue><ssdm name="empty_15"/></StgValue>
</bind>
</comp>

<comp id="74" class="1004" name="k_fu_74">
<pin_list>
<pin id="75" dir="0" index="0" bw="1" slack="0"/>
<pin id="76" dir="1" index="1" bw="16" slack="0"/>
</pin_list>
<bind>
<opcode="alloca(26) " fcode="alloca"/>
<opset="k/1 "/>
</bind>
</comp>

<comp id="78" class="1004" name="i_fu_78">
<pin_list>
<pin id="79" dir="0" index="0" bw="1" slack="0"/>
<pin id="80" dir="1" index="1" bw="31" slack="0"/>
</pin_list>
<bind>
<opcode="alloca(26) " fcode="alloca"/>
<opset="i/1 "/>
</bind>
</comp>

<comp id="82" class="1004" name="indvar_flatten_fu_82">
<pin_list>
<pin id="83" dir="0" index="0" bw="1" slack="0"/>
<pin id="84" dir="1" index="1" bw="64" slack="0"/>
</pin_list>
<bind>
<opcode="alloca(26) " fcode="alloca"/>
<opset="indvar_flatten/1 "/>
</bind>
</comp>

<comp id="86" class="1004" name="mul_ln96_1_read_read_fu_86">
<pin_list>
<pin id="87" dir="0" index="0" bw="64" slack="0"/>
<pin id="88" dir="0" index="1" bw="64" slack="0"/>
<pin id="89" dir="1" index="2" bw="64" slack="1"/>
</pin_list>
<bind>
<opcode="read(1150) " fcode="read"/>
<opset="mul_ln96_1_read/1 "/>
</bind>
</comp>

<comp id="92" class="1004" name="K_read_read_fu_92">
<pin_list>
<pin id="93" dir="0" index="0" bw="32" slack="0"/>
<pin id="94" dir="0" index="1" bw="32" slack="0"/>
<pin id="95" dir="1" index="2" bw="32" slack="2"/>
</pin_list>
<bind>
<opcode="read(1150) " fcode="read"/>
<opset="K_read/1 "/>
</bind>
</comp>

<comp id="98" class="1004" name="A_read_read_fu_98">
<pin_list>
<pin id="99" dir="0" index="0" bw="64" slack="0"/>
<pin id="100" dir="0" index="1" bw="64" slack="0"/>
<pin id="101" dir="1" index="2" bw="64" slack="1"/>
</pin_list>
<bind>
<opcode="read(1150) " fcode="read"/>
<opset="A_read/1 "/>
</bind>
</comp>

<comp id="104" class="1004" name="gmemA_addr_read_read_fu_104">
<pin_list>
<pin id="105" dir="0" index="0" bw="8" slack="0"/>
<pin id="106" dir="0" index="1" bw="8" slack="1"/>
<pin id="107" dir="1" index="2" bw="8" slack="1"/>
</pin_list>
<bind>
<opcode="read(1150) " fcode="read"/>
<opset="gmemA_addr_read/3 "/>
</bind>
</comp>

<comp id="109" class="1004" name="A_bram_addr_gep_fu_109">
<pin_list>
<pin id="110" dir="0" index="0" bw="8" slack="0"/>
<pin id="111" dir="0" index="1" bw="1" slack="0"/>
<pin id="112" dir="0" index="2" bw="16" slack="0"/>
<pin id="113" dir="1" index="3" bw="16" slack="0"/>
</pin_list>
<bind>
<opcode="getelementptr(29) " fcode="getelementptr"/>
<opset="A_bram_addr/4 "/>
</bind>
</comp>

<comp id="116" class="1004" name="store_ln99_access_fu_116">
<pin_list>
<pin id="117" dir="0" index="0" bw="16" slack="2147483647"/>
<pin id="118" dir="0" index="1" bw="8" slack="2147483647"/>
<pin id="119" dir="0" index="2" bw="0" slack="0"/>
<pin id="121" dir="0" index="4" bw="16" slack="1"/>
<pin id="122" dir="0" index="5" bw="8" slack="2147483647"/>
<pin id="123" dir="0" index="6" bw="0" slack="2147483647"/>
<pin id="120" dir="1" index="3" bw="8" slack="2147483647"/>
<pin id="124" dir="1" index="7" bw="8" slack="2147483647"/>
</pin_list>
<bind>
<opcode="store(28) " fcode="store"/>
<opset="store_ln99/4 "/>
</bind>
</comp>

<comp id="126" class="1004" name="store_ln0_store_fu_126">
<pin_list>
<pin id="127" dir="0" index="0" bw="1" slack="0"/>
<pin id="128" dir="0" index="1" bw="64" slack="0"/>
<pin id="129" dir="1" index="2" bw="0" slack="2147483647"/>
</pin_list>
<bind>
<opcode="store(28) " fcode="store"/>
<opset="store_ln0/1 "/>
</bind>
</comp>

<comp id="131" class="1004" name="store_ln0_store_fu_131">
<pin_list>
<pin id="132" dir="0" index="0" bw="1" slack="0"/>
<pin id="133" dir="0" index="1" bw="31" slack="0"/>
<pin id="134" dir="1" index="2" bw="0" slack="2147483647"/>
</pin_list>
<bind>
<opcode="store(28) " fcode="store"/>
<opset="store_ln0/1 "/>
</bind>
</comp>

<comp id="136" class="1004" name="store_ln0_store_fu_136">
<pin_list>
<pin id="137" dir="0" index="0" bw="1" slack="0"/>
<pin id="138" dir="0" index="1" bw="16" slack="0"/>
<pin id="139" dir="1" index="2" bw="0" slack="2147483647"/>
</pin_list>
<bind>
<opcode="store(28) " fcode="store"/>
<opset="store_ln0/1 "/>
</bind>
</comp>

<comp id="141" class="1004" name="indvar_flatten_load_load_fu_141">
<pin_list>
<pin id="142" dir="0" index="0" bw="64" slack="1"/>
<pin id="143" dir="1" index="1" bw="64" slack="0"/>
</pin_list>
<bind>
<opcode="load(27) " fcode="load"/>
<opset="indvar_flatten_load/2 "/>
</bind>
</comp>

<comp id="144" class="1004" name="gmemA_addr_fu_144">
<pin_list>
<pin id="145" dir="0" index="0" bw="64" slack="0"/>
<pin id="146" dir="0" index="1" bw="64" slack="1"/>
<pin id="147" dir="1" index="2" bw="64" slack="1"/>
</pin_list>
<bind>
<opcode="getelementptr(29) " fcode="getelementptr"/>
<opset="gmemA_addr/2 "/>
</bind>
</comp>

<comp id="149" class="1004" name="icmp_ln96_fu_149">
<pin_list>
<pin id="150" dir="0" index="0" bw="64" slack="0"/>
<pin id="151" dir="0" index="1" bw="64" slack="1"/>
<pin id="152" dir="1" index="2" bw="1" slack="1"/>
</pin_list>
<bind>
<opcode="icmp(45) " fcode="icmp"/>
<opset="icmp_ln96/2 "/>
</bind>
</comp>

<comp id="154" class="1004" name="add_ln96_1_fu_154">
<pin_list>
<pin id="155" dir="0" index="0" bw="64" slack="0"/>
<pin id="156" dir="0" index="1" bw="1" slack="0"/>
<pin id="157" dir="1" index="2" bw="64" slack="0"/>
</pin_list>
<bind>
<opcode="add(8) " fcode="add"/>
<opset="add_ln96_1/2 "/>
</bind>
</comp>

<comp id="160" class="1004" name="store_ln97_store_fu_160">
<pin_list>
<pin id="161" dir="0" index="0" bw="64" slack="0"/>
<pin id="162" dir="0" index="1" bw="64" slack="1"/>
<pin id="163" dir="1" index="2" bw="0" slack="2147483647"/>
</pin_list>
<bind>
<opcode="store(28) " fcode="store"/>
<opset="store_ln97/2 "/>
</bind>
</comp>

<comp id="165" class="1004" name="k_1_load_fu_165">
<pin_list>
<pin id="166" dir="0" index="0" bw="16" slack="2"/>
<pin id="167" dir="1" index="1" bw="16" slack="0"/>
</pin_list>
<bind>
<opcode="load(27) " fcode="load"/>
<opset="k_1/3 "/>
</bind>
</comp>

<comp id="168" class="1004" name="zext_ln97_fu_168">
<pin_list>
<pin id="169" dir="0" index="0" bw="16" slack="0"/>
<pin id="170" dir="1" index="1" bw="32" slack="0"/>
</pin_list>
<bind>
<opcode="zext(34) " fcode="zext"/>
<opset="zext_ln97/3 "/>
</bind>
</comp>

<comp id="172" class="1004" name="icmp_ln97_fu_172">
<pin_list>
<pin id="173" dir="0" index="0" bw="32" slack="0"/>
<pin id="174" dir="0" index="1" bw="32" slack="2"/>
<pin id="175" dir="1" index="2" bw="1" slack="0"/>
</pin_list>
<bind>
<opcode="icmp(45) " fcode="icmp"/>
<opset="icmp_ln97/3 "/>
</bind>
</comp>

<comp id="177" class="1004" name="i_load_load_fu_177">
<pin_list>
<pin id="178" dir="0" index="0" bw="31" slack="2"/>
<pin id="179" dir="1" index="1" bw="31" slack="0"/>
</pin_list>
<bind>
<opcode="load(27) " fcode="load"/>
<opset="i_load/3 "/>
</bind>
</comp>

<comp id="180" class="1004" name="add_ln96_fu_180">
<pin_list>
<pin id="181" dir="0" index="0" bw="31" slack="0"/>
<pin id="182" dir="0" index="1" bw="1" slack="0"/>
<pin id="183" dir="1" index="2" bw="31" slack="0"/>
</pin_list>
<bind>
<opcode="add(8) " fcode="add"/>
<opset="add_ln96/3 "/>
</bind>
</comp>

<comp id="186" class="1004" name="select_ln96_fu_186">
<pin_list>
<pin id="187" dir="0" index="0" bw="1" slack="0"/>
<pin id="188" dir="0" index="1" bw="16" slack="0"/>
<pin id="189" dir="0" index="2" bw="16" slack="0"/>
<pin id="190" dir="1" index="3" bw="16" slack="0"/>
</pin_list>
<bind>
<opcode="select(49) " fcode="select"/>
<opset="select_ln96/3 "/>
</bind>
</comp>

<comp id="194" class="1004" name="select_ln96_1_fu_194">
<pin_list>
<pin id="195" dir="0" index="0" bw="1" slack="0"/>
<pin id="196" dir="0" index="1" bw="31" slack="0"/>
<pin id="197" dir="0" index="2" bw="31" slack="0"/>
<pin id="198" dir="1" index="3" bw="31" slack="0"/>
</pin_list>
<bind>
<opcode="select(49) " fcode="select"/>
<opset="select_ln96_1/3 "/>
</bind>
</comp>

<comp id="202" class="1004" name="trunc_ln99_fu_202">
<pin_list>
<pin id="203" dir="0" index="0" bw="31" slack="0"/>
<pin id="204" dir="1" index="1" bw="8" slack="0"/>
</pin_list>
<bind>
<opcode="trunc(33) " fcode="trunc"/>
<opset="trunc_ln99/3 "/>
</bind>
</comp>

<comp id="206" class="1004" name="trunc_ln99_1_fu_206">
<pin_list>
<pin id="207" dir="0" index="0" bw="31" slack="0"/>
<pin id="208" dir="1" index="1" bw="6" slack="0"/>
</pin_list>
<bind>
<opcode="trunc(33) " fcode="trunc"/>
<opset="trunc_ln99_1/3 "/>
</bind>
</comp>

<comp id="210" class="1004" name="tmp_s_fu_210">
<pin_list>
<pin id="211" dir="0" index="0" bw="16" slack="0"/>
<pin id="212" dir="0" index="1" bw="6" slack="0"/>
<pin id="213" dir="0" index="2" bw="1" slack="0"/>
<pin id="214" dir="1" index="3" bw="16" slack="0"/>
</pin_list>
<bind>
<opcode="bitconcatenate(1004) " fcode="bitconcatenate"/>
<opset="tmp_s/3 "/>
</bind>
</comp>

<comp id="218" class="1004" name="tmp_32_fu_218">
<pin_list>
<pin id="219" dir="0" index="0" bw="16" slack="0"/>
<pin id="220" dir="0" index="1" bw="8" slack="0"/>
<pin id="221" dir="0" index="2" bw="1" slack="0"/>
<pin id="222" dir="1" index="3" bw="16" slack="0"/>
</pin_list>
<bind>
<opcode="bitconcatenate(1004) " fcode="bitconcatenate"/>
<opset="tmp_32/3 "/>
</bind>
</comp>

<comp id="226" class="1004" name="sub_ln99_fu_226">
<pin_list>
<pin id="227" dir="0" index="0" bw="16" slack="0"/>
<pin id="228" dir="0" index="1" bw="16" slack="0"/>
<pin id="229" dir="1" index="2" bw="16" slack="0"/>
</pin_list>
<bind>
<opcode="sub(10) " fcode="sub"/>
<opset="sub_ln99/3 "/>
</bind>
</comp>

<comp id="232" class="1004" name="add_ln99_fu_232">
<pin_list>
<pin id="233" dir="0" index="0" bw="16" slack="0"/>
<pin id="234" dir="0" index="1" bw="16" slack="0"/>
<pin id="235" dir="1" index="2" bw="16" slack="1"/>
</pin_list>
<bind>
<opcode="add(8) " fcode="add"/>
<opset="add_ln99/3 "/>
</bind>
</comp>

<comp id="238" class="1004" name="add_ln97_fu_238">
<pin_list>
<pin id="239" dir="0" index="0" bw="16" slack="0"/>
<pin id="240" dir="0" index="1" bw="1" slack="0"/>
<pin id="241" dir="1" index="2" bw="16" slack="0"/>
</pin_list>
<bind>
<opcode="add(8) " fcode="add"/>
<opset="add_ln97/3 "/>
</bind>
</comp>

<comp id="244" class="1004" name="store_ln97_store_fu_244">
<pin_list>
<pin id="245" dir="0" index="0" bw="31" slack="0"/>
<pin id="246" dir="0" index="1" bw="31" slack="2"/>
<pin id="247" dir="1" index="2" bw="0" slack="2147483647"/>
</pin_list>
<bind>
<opcode="store(28) " fcode="store"/>
<opset="store_ln97/3 "/>
</bind>
</comp>

<comp id="249" class="1004" name="store_ln97_store_fu_249">
<pin_list>
<pin id="250" dir="0" index="0" bw="16" slack="0"/>
<pin id="251" dir="0" index="1" bw="16" slack="2"/>
<pin id="252" dir="1" index="2" bw="0" slack="2147483647"/>
</pin_list>
<bind>
<opcode="store(28) " fcode="store"/>
<opset="store_ln97/3 "/>
</bind>
</comp>

<comp id="254" class="1004" name="zext_ln99_fu_254">
<pin_list>
<pin id="255" dir="0" index="0" bw="16" slack="1"/>
<pin id="256" dir="1" index="1" bw="64" slack="0"/>
</pin_list>
<bind>
<opcode="zext(34) " fcode="zext"/>
<opset="zext_ln99/4 "/>
</bind>
</comp>

<comp id="258" class="1005" name="k_reg_258">
<pin_list>
<pin id="259" dir="0" index="0" bw="16" slack="0"/>
<pin id="260" dir="1" index="1" bw="16" slack="0"/>
</pin_list>
<bind>
<opset="k "/>
</bind>
</comp>

<comp id="265" class="1005" name="i_reg_265">
<pin_list>
<pin id="266" dir="0" index="0" bw="31" slack="0"/>
<pin id="267" dir="1" index="1" bw="31" slack="0"/>
</pin_list>
<bind>
<opset="i "/>
</bind>
</comp>

<comp id="272" class="1005" name="indvar_flatten_reg_272">
<pin_list>
<pin id="273" dir="0" index="0" bw="64" slack="0"/>
<pin id="274" dir="1" index="1" bw="64" slack="0"/>
</pin_list>
<bind>
<opset="indvar_flatten "/>
</bind>
</comp>

<comp id="279" class="1005" name="mul_ln96_1_read_reg_279">
<pin_list>
<pin id="280" dir="0" index="0" bw="64" slack="1"/>
<pin id="281" dir="1" index="1" bw="64" slack="1"/>
</pin_list>
<bind>
<opset="mul_ln96_1_read "/>
</bind>
</comp>

<comp id="284" class="1005" name="K_read_reg_284">
<pin_list>
<pin id="285" dir="0" index="0" bw="32" slack="2"/>
<pin id="286" dir="1" index="1" bw="32" slack="2"/>
</pin_list>
<bind>
<opset="K_read "/>
</bind>
</comp>

<comp id="289" class="1005" name="A_read_reg_289">
<pin_list>
<pin id="290" dir="0" index="0" bw="64" slack="1"/>
<pin id="291" dir="1" index="1" bw="64" slack="1"/>
</pin_list>
<bind>
<opset="A_read "/>
</bind>
</comp>

<comp id="294" class="1005" name="gmemA_addr_reg_294">
<pin_list>
<pin id="295" dir="0" index="0" bw="8" slack="1"/>
<pin id="296" dir="1" index="1" bw="8" slack="1"/>
</pin_list>
<bind>
<opset="gmemA_addr "/>
</bind>
</comp>

<comp id="299" class="1005" name="icmp_ln96_reg_299">
<pin_list>
<pin id="300" dir="0" index="0" bw="1" slack="1"/>
<pin id="301" dir="1" index="1" bw="1" slack="2147483647"/>
</pin_list>
<bind>
<opset="icmp_ln96 "/>
</bind>
</comp>

<comp id="303" class="1005" name="add_ln99_reg_303">
<pin_list>
<pin id="304" dir="0" index="0" bw="16" slack="1"/>
<pin id="305" dir="1" index="1" bw="16" slack="1"/>
</pin_list>
<bind>
<opset="add_ln99 "/>
</bind>
</comp>

<comp id="308" class="1005" name="gmemA_addr_read_reg_308">
<pin_list>
<pin id="309" dir="0" index="0" bw="8" slack="1"/>
<pin id="310" dir="1" index="1" bw="8" slack="1"/>
</pin_list>
<bind>
<opset="gmemA_addr_read "/>
</bind>
</comp>

</comp_list>

<net_list>
<net id="77"><net_src comp="10" pin="0"/><net_sink comp="74" pin=0"/></net>

<net id="81"><net_src comp="10" pin="0"/><net_sink comp="78" pin=0"/></net>

<net id="85"><net_src comp="10" pin="0"/><net_sink comp="82" pin=0"/></net>

<net id="90"><net_src comp="38" pin="0"/><net_sink comp="86" pin=0"/></net>

<net id="91"><net_src comp="6" pin="0"/><net_sink comp="86" pin=1"/></net>

<net id="96"><net_src comp="40" pin="0"/><net_sink comp="92" pin=0"/></net>

<net id="97"><net_src comp="4" pin="0"/><net_sink comp="92" pin=1"/></net>

<net id="102"><net_src comp="38" pin="0"/><net_sink comp="98" pin=0"/></net>

<net id="103"><net_src comp="2" pin="0"/><net_sink comp="98" pin=1"/></net>

<net id="108"><net_src comp="62" pin="0"/><net_sink comp="104" pin=0"/></net>

<net id="114"><net_src comp="8" pin="0"/><net_sink comp="109" pin=0"/></net>

<net id="115"><net_src comp="42" pin="0"/><net_sink comp="109" pin=1"/></net>

<net id="125"><net_src comp="109" pin="3"/><net_sink comp="116" pin=2"/></net>

<net id="130"><net_src comp="42" pin="0"/><net_sink comp="126" pin=0"/></net>

<net id="135"><net_src comp="44" pin="0"/><net_sink comp="131" pin=0"/></net>

<net id="140"><net_src comp="46" pin="0"/><net_sink comp="136" pin=0"/></net>

<net id="148"><net_src comp="0" pin="0"/><net_sink comp="144" pin=0"/></net>

<net id="153"><net_src comp="141" pin="1"/><net_sink comp="149" pin=0"/></net>

<net id="158"><net_src comp="141" pin="1"/><net_sink comp="154" pin=0"/></net>

<net id="159"><net_src comp="48" pin="0"/><net_sink comp="154" pin=1"/></net>

<net id="164"><net_src comp="154" pin="2"/><net_sink comp="160" pin=0"/></net>

<net id="171"><net_src comp="165" pin="1"/><net_sink comp="168" pin=0"/></net>

<net id="176"><net_src comp="168" pin="1"/><net_sink comp="172" pin=0"/></net>

<net id="184"><net_src comp="177" pin="1"/><net_sink comp="180" pin=0"/></net>

<net id="185"><net_src comp="52" pin="0"/><net_sink comp="180" pin=1"/></net>

<net id="191"><net_src comp="172" pin="2"/><net_sink comp="186" pin=0"/></net>

<net id="192"><net_src comp="165" pin="1"/><net_sink comp="186" pin=1"/></net>

<net id="193"><net_src comp="46" pin="0"/><net_sink comp="186" pin=2"/></net>

<net id="199"><net_src comp="172" pin="2"/><net_sink comp="194" pin=0"/></net>

<net id="200"><net_src comp="177" pin="1"/><net_sink comp="194" pin=1"/></net>

<net id="201"><net_src comp="180" pin="2"/><net_sink comp="194" pin=2"/></net>

<net id="205"><net_src comp="194" pin="3"/><net_sink comp="202" pin=0"/></net>

<net id="209"><net_src comp="194" pin="3"/><net_sink comp="206" pin=0"/></net>

<net id="215"><net_src comp="54" pin="0"/><net_sink comp="210" pin=0"/></net>

<net id="216"><net_src comp="206" pin="1"/><net_sink comp="210" pin=1"/></net>

<net id="217"><net_src comp="56" pin="0"/><net_sink comp="210" pin=2"/></net>

<net id="223"><net_src comp="58" pin="0"/><net_sink comp="218" pin=0"/></net>

<net id="224"><net_src comp="202" pin="1"/><net_sink comp="218" pin=1"/></net>

<net id="225"><net_src comp="60" pin="0"/><net_sink comp="218" pin=2"/></net>

<net id="230"><net_src comp="210" pin="3"/><net_sink comp="226" pin=0"/></net>

<net id="231"><net_src comp="218" pin="3"/><net_sink comp="226" pin=1"/></net>

<net id="236"><net_src comp="226" pin="2"/><net_sink comp="232" pin=0"/></net>

<net id="237"><net_src comp="186" pin="3"/><net_sink comp="232" pin=1"/></net>

<net id="242"><net_src comp="186" pin="3"/><net_sink comp="238" pin=0"/></net>

<net id="243"><net_src comp="64" pin="0"/><net_sink comp="238" pin=1"/></net>

<net id="248"><net_src comp="194" pin="3"/><net_sink comp="244" pin=0"/></net>

<net id="253"><net_src comp="238" pin="2"/><net_sink comp="249" pin=0"/></net>

<net id="257"><net_src comp="254" pin="1"/><net_sink comp="109" pin=2"/></net>

<net id="261"><net_src comp="74" pin="1"/><net_sink comp="258" pin=0"/></net>

<net id="262"><net_src comp="258" pin="1"/><net_sink comp="136" pin=1"/></net>

<net id="263"><net_src comp="258" pin="1"/><net_sink comp="165" pin=0"/></net>

<net id="264"><net_src comp="258" pin="1"/><net_sink comp="249" pin=1"/></net>

<net id="268"><net_src comp="78" pin="1"/><net_sink comp="265" pin=0"/></net>

<net id="269"><net_src comp="265" pin="1"/><net_sink comp="131" pin=1"/></net>

<net id="270"><net_src comp="265" pin="1"/><net_sink comp="177" pin=0"/></net>

<net id="271"><net_src comp="265" pin="1"/><net_sink comp="244" pin=1"/></net>

<net id="275"><net_src comp="82" pin="1"/><net_sink comp="272" pin=0"/></net>

<net id="276"><net_src comp="272" pin="1"/><net_sink comp="126" pin=1"/></net>

<net id="277"><net_src comp="272" pin="1"/><net_sink comp="141" pin=0"/></net>

<net id="278"><net_src comp="272" pin="1"/><net_sink comp="160" pin=1"/></net>

<net id="282"><net_src comp="86" pin="2"/><net_sink comp="279" pin=0"/></net>

<net id="283"><net_src comp="279" pin="1"/><net_sink comp="149" pin=1"/></net>

<net id="287"><net_src comp="92" pin="2"/><net_sink comp="284" pin=0"/></net>

<net id="288"><net_src comp="284" pin="1"/><net_sink comp="172" pin=1"/></net>

<net id="292"><net_src comp="98" pin="2"/><net_sink comp="289" pin=0"/></net>

<net id="293"><net_src comp="289" pin="1"/><net_sink comp="144" pin=1"/></net>

<net id="297"><net_src comp="144" pin="2"/><net_sink comp="294" pin=0"/></net>

<net id="298"><net_src comp="294" pin="1"/><net_sink comp="104" pin=1"/></net>

<net id="302"><net_src comp="149" pin="2"/><net_sink comp="299" pin=0"/></net>

<net id="306"><net_src comp="232" pin="2"/><net_sink comp="303" pin=0"/></net>

<net id="307"><net_src comp="303" pin="1"/><net_sink comp="254" pin=0"/></net>

<net id="311"><net_src comp="104" pin="2"/><net_sink comp="308" pin=0"/></net>

<net id="312"><net_src comp="308" pin="1"/><net_sink comp="116" pin=4"/></net>

</net_list>

</model> 
---------------- Datapath Model END ------------------

* FSMD analyzer results:
  - Output states:
	Port: gmemA | {}
	Port: A_bram | {4 }
 - Input state : 
	Port: mmult_accel_Pipeline_copy_A_VITIS_LOOP_97_1 : gmemA | {3 }
	Port: mmult_accel_Pipeline_copy_A_VITIS_LOOP_97_1 : A | {1 }
	Port: mmult_accel_Pipeline_copy_A_VITIS_LOOP_97_1 : K | {1 }
	Port: mmult_accel_Pipeline_copy_A_VITIS_LOOP_97_1 : mul_ln96_1 | {1 }
	Port: mmult_accel_Pipeline_copy_A_VITIS_LOOP_97_1 : A_bram | {}
  - Chain level:
	State 1
		store_ln0 : 1
		store_ln0 : 1
		store_ln0 : 1
	State 2
		icmp_ln96 : 1
		add_ln96_1 : 1
		br_ln96 : 2
		store_ln97 : 2
	State 3
		zext_ln97 : 1
		icmp_ln97 : 2
		add_ln96 : 1
		select_ln96 : 3
		select_ln96_1 : 3
		trunc_ln99 : 4
		trunc_ln99_1 : 4
		tmp_s : 5
		tmp_32 : 5
		sub_ln99 : 6
		add_ln99 : 7
		add_ln97 : 4
		store_ln97 : 4
		store_ln97 : 5
	State 4
		A_bram_addr : 1
		store_ln99 : 2


============================================================
+ Verbose Summary: Datapath Resource usage 
============================================================

* Functional unit list:
|----------|-----------------------------|---------|---------|
| Operation|       Functional Unit       |    FF   |   LUT   |
|----------|-----------------------------|---------|---------|
|          |      add_ln96_1_fu_154      |    0    |    71   |
|    add   |       add_ln96_fu_180       |    0    |    38   |
|          |       add_ln99_fu_232       |    0    |    16   |
|          |       add_ln97_fu_238       |    0    |    23   |
|----------|-----------------------------|---------|---------|
|   icmp   |       icmp_ln96_fu_149      |    0    |    29   |
|          |       icmp_ln97_fu_172      |    0    |    20   |
|----------|-----------------------------|---------|---------|
|  select  |      select_ln96_fu_186     |    0    |    16   |
|          |     select_ln96_1_fu_194    |    0    |    31   |
|----------|-----------------------------|---------|---------|
|    sub   |       sub_ln99_fu_226       |    0    |    16   |
|----------|-----------------------------|---------|---------|
|          |  mul_ln96_1_read_read_fu_86 |    0    |    0    |
|   read   |      K_read_read_fu_92      |    0    |    0    |
|          |      A_read_read_fu_98      |    0    |    0    |
|          | gmemA_addr_read_read_fu_104 |    0    |    0    |
|----------|-----------------------------|---------|---------|
|   zext   |       zext_ln97_fu_168      |    0    |    0    |
|          |       zext_ln99_fu_254      |    0    |    0    |
|----------|-----------------------------|---------|---------|
|   trunc  |      trunc_ln99_fu_202      |    0    |    0    |
|          |     trunc_ln99_1_fu_206     |    0    |    0    |
|----------|-----------------------------|---------|---------|
|bitconcatenate|         tmp_s_fu_210        |    0    |    0    |
|          |        tmp_32_fu_218        |    0    |    0    |
|----------|-----------------------------|---------|---------|
|   Total  |                             |    0    |   260   |
|----------|-----------------------------|---------|---------|

Memories:
N/A

* Register list:
+-----------------------+--------+
|                       |   FF   |
+-----------------------+--------+
|     A_read_reg_289    |   64   |
|     K_read_reg_284    |   32   |
|    add_ln99_reg_303   |   16   |
|gmemA_addr_read_reg_308|    8   |
|   gmemA_addr_reg_294  |    8   |
|       i_reg_265       |   31   |
|   icmp_ln96_reg_299   |    1   |
| indvar_flatten_reg_272|   64   |
|       k_reg_258       |   16   |
|mul_ln96_1_read_reg_279|   64   |
+-----------------------+--------+
|         Total         |   304  |
+-----------------------+--------+

* Multiplexer (MUX) list: 
|--------|------|------|------|--------|
|  Comp  |  Pin | Size |  BW  | S x BW |
|--------|------|------|------|--------|
|  Total |      |      |      |    0   |
|--------|------|------|------|--------|



* Summary:
+-----------+--------+--------+
|           |   FF   |   LUT  |
+-----------+--------+--------+
|  Function |    0   |   260  |
|   Memory  |    -   |    -   |
|Multiplexer|    -   |    -   |
|  Register |   304  |    -   |
+-----------+--------+--------+
|   Total   |   304  |   260  |
+-----------+--------+--------+
