

================================================================
== Vitis HLS Report for 'mmult_accel_Pipeline_VITIS_LOOP_120_2'
================================================================
* Date:           Thu Jul 23 14:47:22 2026

* Version:        2022.2 (Build 3670227 on Oct 13 2022)
* Project:        mmult_accel_hls
* Solution:       solution1 (Vivado IP Flow Target)
* Product family: zynquplus
* Target device:  xck26-sfvc784-2LV-c


================================================================
== Performance Estimates
================================================================
+ Timing: 
    * Summary: 
    +--------+----------+----------+------------+
    |  Clock |  Target  | Estimated| Uncertainty|
    +--------+----------+----------+------------+
    |ap_clk  |  10.00 ns|  7.300 ns|     2.70 ns|
    +--------+----------+----------+------------+

+ Latency: 
    * Summary: 
    +---------+---------+----------+----------+-----+-----+---------+
    |  Latency (cycles) |  Latency (absolute) |  Interval | Pipeline|
    |   min   |   max   |    min   |    max   | min | max |   Type  |
    +---------+---------+----------+----------+-----+-----+---------+
    |        ?|        ?|         ?|         ?|    ?|    ?|       no|
    +---------+---------+----------+----------+-----+-----+---------+

    + Detail: 
        * Instance: 
        N/A

        * Loop: 
        +---------------------------------+---------+---------+----------+-----------+-----------+------+----------+
        |                                 |  Latency (cycles) | Iteration|  Initiation Interval  | Trip |          |
        |            Loop Name            |   min   |   max   |  Latency |  achieved |   target  | Count| Pipelined|
        +---------------------------------+---------+---------+----------+-----------+-----------+------+----------+
        |- copy_B_block_VITIS_LOOP_120_2  |        ?|        ?|        10|          1|          1|     ?|       yes|
        +---------------------------------+---------+---------+----------+-----------+-----------+------+----------+

============================================================
+ Verbose Summary: Synthesis Manager
============================================================
InlineROM: 1
ExposeGlobal: 0
============================================================
+ Verbose Summary: CDFG Model
============================================================
IsTopModel: 0
ResetActiveHigh: 1
IsCombinational: 0
IsDatapathOnly: 0
HasWiredReturn: 1
HasMFsm: 2
HasVarLatency: 1
IsPipeline: 0
IsRtlPipelined: 0
IsInstanceOverlapped: 0
IsDontTouch: 0
HasImplIP: 0
IsGatedGlobalClock: 0

+ Individual pipeline summary: 
  * Pipeline-0: initiation interval (II) = 1, depth = 11


============================================================
+ Verbose Summary: Schedule
============================================================
* Number of FSM states : 11
* Pipeline : 1
  Pipeline-0 : II = 1, D = 11, States = { 1 2 3 4 5 6 7 8 9 10 11 }
* Dataflow Pipeline: 0

* FSM state transitions: 
1 --> 2 
2 --> 3 
3 --> 4 
4 --> 5 
5 --> 6 
6 --> 7 
7 --> 8 
8 --> 9 
9 --> 10 
10 --> 11 
11 --> 

* FSM state operations: 

State 1 <SV = 0> <Delay = 0.42>
ST_1 : Operation 13 [1/1] (0.00ns)   --->   "%j = alloca i32 1"   --->   Operation 13 'alloca' 'j' <Predicate = true> <Delay = 0.00>
ST_1 : Operation 14 [1/1] (0.00ns)   --->   "%k_1 = alloca i32 1"   --->   Operation 14 'alloca' 'k_1' <Predicate = true> <Delay = 0.00>
ST_1 : Operation 15 [1/1] (0.00ns)   --->   "%indvar_flatten17 = alloca i32 1"   --->   Operation 15 'alloca' 'indvar_flatten17' <Predicate = true> <Delay = 0.00>
ST_1 : Operation 16 [1/1] (0.00ns)   --->   "%j_block_read = read i64 @_ssdm_op_Read.ap_auto.i64, i64 %j_block"   --->   Operation 16 'read' 'j_block_read' <Predicate = true> <Delay = 0.00>
ST_1 : Operation 17 [1/1] (0.00ns)   --->   "%B_read = read i64 @_ssdm_op_Read.ap_auto.i64, i64 %B"   --->   Operation 17 'read' 'B_read' <Predicate = true> <Delay = 0.00>
ST_1 : Operation 18 [1/1] (0.00ns)   --->   "%zext_ln110_read = read i32 @_ssdm_op_Read.ap_auto.i32, i32 %zext_ln110"   --->   Operation 18 'read' 'zext_ln110_read' <Predicate = true> <Delay = 0.00>
ST_1 : Operation 19 [1/1] (0.00ns)   --->   "%zext_ln119_read = read i31 @_ssdm_op_Read.ap_auto.i31, i31 %zext_ln119"   --->   Operation 19 'read' 'zext_ln119_read' <Predicate = true> <Delay = 0.00>
ST_1 : Operation 20 [1/1] (0.00ns)   --->   "%mul_ln110_read = read i64 @_ssdm_op_Read.ap_auto.i64, i64 %mul_ln110"   --->   Operation 20 'read' 'mul_ln110_read' <Predicate = true> <Delay = 0.00>
ST_1 : Operation 21 [1/1] (0.00ns)   --->   "%current_block_M_read = read i32 @_ssdm_op_Read.ap_auto.i32, i32 %current_block_M"   --->   Operation 21 'read' 'current_block_M_read' <Predicate = true> <Delay = 0.00>
ST_1 : Operation 22 [1/1] (0.00ns)   --->   "%zext_ln110_cast = zext i32 %zext_ln110_read"   --->   Operation 22 'zext' 'zext_ln110_cast' <Predicate = true> <Delay = 0.00>
ST_1 : Operation 23 [1/1] (0.00ns)   --->   "%zext_ln119_cast = zext i31 %zext_ln119_read"   --->   Operation 23 'zext' 'zext_ln119_cast' <Predicate = true> <Delay = 0.00>
ST_1 : Operation 24 [1/1] (0.00ns)   --->   "%specmemcore_ln0 = specmemcore void @_ssdm_op_SpecMemCore, i8 %B_bram, i64 666, i64 22, i64 18446744073709551615"   --->   Operation 24 'specmemcore' 'specmemcore_ln0' <Predicate = true> <Delay = 0.00>
ST_1 : Operation 25 [1/1] (0.00ns)   --->   "%specinterface_ln0 = specinterface void @_ssdm_op_SpecInterface, i8 %gmemB, void @empty_16, i32 0, i32 0, void @empty_17, i32 0, i32 589824, void @empty_20, void @empty_19, void @empty_17, i32 16, i32 16, i32 16, i32 16, void @empty_17, void @empty_17, i32 4294967295, i32 0"   --->   Operation 25 'specinterface' 'specinterface_ln0' <Predicate = true> <Delay = 0.00>
ST_1 : Operation 26 [1/1] (0.42ns)   --->   "%store_ln0 = store i64 0, i64 %indvar_flatten17"   --->   Operation 26 'store' 'store_ln0' <Predicate = true> <Delay = 0.42>
ST_1 : Operation 27 [1/1] (0.42ns)   --->   "%store_ln0 = store i31 0, i31 %k_1"   --->   Operation 27 'store' 'store_ln0' <Predicate = true> <Delay = 0.42>
ST_1 : Operation 28 [1/1] (0.42ns)   --->   "%store_ln0 = store i18 0, i18 %j"   --->   Operation 28 'store' 'store_ln0' <Predicate = true> <Delay = 0.42>
ST_1 : Operation 29 [1/1] (0.42ns)   --->   "%br_ln0 = br void %for.inc36"   --->   Operation 29 'br' 'br_ln0' <Predicate = true> <Delay = 0.42>

State 2 <SV = 1> <Delay = 5.66>
ST_2 : Operation 30 [1/1] (0.00ns)   --->   "%first_iter_0 = phi i1 1, void %newFuncRoot, i1 0, void %for.inc36.split"   --->   Operation 30 'phi' 'first_iter_0' <Predicate = true> <Delay = 0.00>
ST_2 : Operation 31 [1/1] (0.00ns)   --->   "%j_1 = load i18 %j" [mmult_accel.cpp:120]   --->   Operation 31 'load' 'j_1' <Predicate = true> <Delay = 0.00>
ST_2 : Operation 32 [1/1] (0.00ns)   --->   "%indvar_flatten17_load = load i64 %indvar_flatten17" [mmult_accel.cpp:119]   --->   Operation 32 'load' 'indvar_flatten17_load' <Predicate = true> <Delay = 0.00>
ST_2 : Operation 33 [1/1] (0.00ns)   --->   "%specbitsmap_ln0 = specbitsmap void @_ssdm_op_SpecBitsMap, i8 %gmemB"   --->   Operation 33 'specbitsmap' 'specbitsmap_ln0' <Predicate = true> <Delay = 0.00>
ST_2 : Operation 34 [1/1] (0.00ns)   --->   "%zext_ln120 = zext i18 %j_1" [mmult_accel.cpp:120]   --->   Operation 34 'zext' 'zext_ln120' <Predicate = true> <Delay = 0.00>
ST_2 : Operation 35 [1/1] (0.99ns)   --->   "%icmp_ln120 = icmp_slt  i32 %zext_ln120, i32 %current_block_M_read" [mmult_accel.cpp:120]   --->   Operation 35 'icmp' 'icmp_ln120' <Predicate = true> <Delay = 0.99> <CoreInst = "Cmp">   --->   Core 9 'Cmp' <Latency = 0> <II = 1> <Delay = 0.99> <FuncUnit> <Opcode : 'icmp'> <InPorts = 2> <OutPorts = 1>
ST_2 : Operation 36 [1/1] (1.13ns)   --->   "%icmp_ln119 = icmp_eq  i64 %indvar_flatten17_load, i64 %mul_ln110_read" [mmult_accel.cpp:119]   --->   Operation 36 'icmp' 'icmp_ln119' <Predicate = true> <Delay = 1.13> <CoreInst = "Cmp">   --->   Core 9 'Cmp' <Latency = 0> <II = 1> <Delay = 1.13> <FuncUnit> <Opcode : 'icmp'> <InPorts = 2> <OutPorts = 1>
ST_2 : Operation 37 [1/1] (1.08ns)   --->   "%add_ln119_3 = add i64 %indvar_flatten17_load, i64 1" [mmult_accel.cpp:119]   --->   Operation 37 'add' 'add_ln119_3' <Predicate = true> <Delay = 1.08> <CoreInst = "Adder">   --->   Core 1 'Adder' <Latency = 0> <II = 1> <Delay = 1.08> <FuncUnit> <Opcode : 'add' 'sub'> <InPorts = 2> <OutPorts = 1>
ST_2 : Operation 38 [1/1] (0.00ns)   --->   "%br_ln119 = br i1 %icmp_ln119, void %for.inc39.loopexit, void %tile_j.preheader.exitStub" [mmult_accel.cpp:119]   --->   Operation 38 'br' 'br_ln119' <Predicate = true> <Delay = 0.00>
ST_2 : Operation 39 [1/1] (0.00ns)   --->   "%k_1_load = load i31 %k_1" [mmult_accel.cpp:119]   --->   Operation 39 'load' 'k_1_load' <Predicate = (!icmp_ln119)> <Delay = 0.00>
ST_2 : Operation 40 [1/1] (1.00ns)   --->   "%add_ln119 = add i31 %k_1_load, i31 1" [mmult_accel.cpp:119]   --->   Operation 40 'add' 'add_ln119' <Predicate = (!icmp_ln119)> <Delay = 1.00> <CoreInst = "Adder">   --->   Core 1 'Adder' <Latency = 0> <II = 1> <Delay = 1.00> <FuncUnit> <Opcode : 'add' 'sub'> <InPorts = 2> <OutPorts = 1>
ST_2 : Operation 41 [1/1] (0.00ns)   --->   "%specloopname_ln0 = specloopname void @_ssdm_op_SpecLoopName, void @copy_B_block_VITIS_LOOP_120_2_str"   --->   Operation 41 'specloopname' 'specloopname_ln0' <Predicate = (!icmp_ln119)> <Delay = 0.00>
ST_2 : Operation 42 [1/1] (0.00ns) (grouped into LUT with out node or_ln119)   --->   "%xor_ln119 = xor i1 %icmp_ln120, i1 1" [mmult_accel.cpp:119]   --->   Operation 42 'xor' 'xor_ln119' <Predicate = (!icmp_ln119)> <Delay = 0.00> <CoreInst = "LogicGate">   --->   Core 74 'LogicGate' <Latency = 0> <II = 1> <Delay = 0.28> <FuncUnit> <Opcode : 'and' 'or' 'xor'> <InPorts = 2> <OutPorts = 1>
ST_2 : Operation 43 [1/1] (0.28ns) (out node of the LUT)   --->   "%or_ln119 = or i1 %first_iter_0, i1 %xor_ln119" [mmult_accel.cpp:119]   --->   Operation 43 'or' 'or_ln119' <Predicate = (!icmp_ln119)> <Delay = 0.28> <CoreInst = "LogicGate">   --->   Core 74 'LogicGate' <Latency = 0> <II = 1> <Delay = 0.28> <FuncUnit> <Opcode : 'and' 'or' 'xor'> <InPorts = 2> <OutPorts = 1>
ST_2 : Operation 44 [1/1] (0.36ns)   --->   "%select_ln119 = select i1 %icmp_ln120, i18 %j_1, i18 0" [mmult_accel.cpp:119]   --->   Operation 44 'select' 'select_ln119' <Predicate = (!icmp_ln119)> <Delay = 0.36> <CoreInst = "Sel">   --->   Core 73 'Sel' <Latency = 0> <II = 1> <Delay = 0.36> <FuncUnit> <Opcode : 'select'> <InPorts = 3> <OutPorts = 1>
ST_2 : Operation 45 [1/1] (0.41ns)   --->   "%select_ln119_1 = select i1 %icmp_ln120, i31 %k_1_load, i31 %add_ln119" [mmult_accel.cpp:119]   --->   Operation 45 'select' 'select_ln119_1' <Predicate = (!icmp_ln119)> <Delay = 0.41> <CoreInst = "Sel">   --->   Core 73 'Sel' <Latency = 0> <II = 1> <Delay = 0.41> <FuncUnit> <Opcode : 'select'> <InPorts = 3> <OutPorts = 1>
ST_2 : Operation 46 [1/1] (0.00ns)   --->   "%trunc_ln122 = trunc i31 %select_ln119_1" [mmult_accel.cpp:122]   --->   Operation 46 'trunc' 'trunc_ln122' <Predicate = (!icmp_ln119)> <Delay = 0.00>
ST_2 : Operation 47 [1/1] (0.00ns)   --->   "%tmp_s = bitconcatenate i18 @_ssdm_op_BitConcatenate.i18.i10.i8, i10 %trunc_ln122, i8 0" [mmult_accel.cpp:122]   --->   Operation 47 'bitconcatenate' 'tmp_s' <Predicate = (!icmp_ln119)> <Delay = 0.00>
ST_2 : Operation 48 [1/1] (0.00ns)   --->   "%zext_ln119_1 = zext i31 %select_ln119_1" [mmult_accel.cpp:119]   --->   Operation 48 'zext' 'zext_ln119_1' <Predicate = (!icmp_ln119)> <Delay = 0.00>
ST_2 : Operation 49 [1/1] (3.42ns)   --->   "%mul_ln119 = mul i63 %zext_ln119_1, i63 %zext_ln110_cast" [mmult_accel.cpp:119]   --->   Operation 49 'mul' 'mul_ln119' <Predicate = (!icmp_ln119)> <Delay = 3.42> <CoreInst = "Multiplier">   --->   Core 3 'Multiplier' <Latency = 0> <II = 1> <Delay = 3.42> <FuncUnit> <Opcode : 'mul'> <InPorts = 2> <OutPorts = 1>
ST_2 : Operation 50 [1/1] (0.00ns)   --->   "%zext_ln119_2 = zext i63 %mul_ln119" [mmult_accel.cpp:119]   --->   Operation 50 'zext' 'zext_ln119_2' <Predicate = (!icmp_ln119)> <Delay = 0.00>
ST_2 : Operation 51 [1/1] (0.00ns) (grouped into TernaryAdder)   --->   "%add_ln119_1 = add i64 %zext_ln119_2, i64 %B_read" [mmult_accel.cpp:119]   --->   Operation 51 'add' 'add_ln119_1' <Predicate = (!icmp_ln119)> <Delay = 0.00> <CoreInst = "TAddSub">   --->   Core 10 'TAddSub' <Latency = 0> <II = 1> <Delay = 0.40> <IPBlock> <Opcode : 'add' 'sub'> <InPorts = 3> <OutPorts = 1> <Sync> <CReg>
ST_2 : Operation 52 [1/1] (0.81ns) (root node of TernaryAdder)   --->   "%add_ln119_2 = add i64 %add_ln119_1, i64 %j_block_read" [mmult_accel.cpp:119]   --->   Operation 52 'add' 'add_ln119_2' <Predicate = (!icmp_ln119)> <Delay = 0.81> <CoreInst = "TAddSub">   --->   Core 10 'TAddSub' <Latency = 0> <II = 1> <Delay = 0.40> <IPBlock> <Opcode : 'add' 'sub'> <InPorts = 3> <OutPorts = 1> <Sync> <CReg>
ST_2 : Operation 53 [1/1] (0.87ns)   --->   "%add_ln122 = add i18 %tmp_s, i18 %select_ln119" [mmult_accel.cpp:122]   --->   Operation 53 'add' 'add_ln122' <Predicate = (!icmp_ln119)> <Delay = 0.87> <CoreInst = "Adder">   --->   Core 1 'Adder' <Latency = 0> <II = 1> <Delay = 0.87> <FuncUnit> <Opcode : 'add' 'sub'> <InPorts = 2> <OutPorts = 1>
ST_2 : Operation 54 [1/1] (0.00ns)   --->   "%zext_ln122 = zext i18 %add_ln122" [mmult_accel.cpp:122]   --->   Operation 54 'zext' 'zext_ln122' <Predicate = (!icmp_ln119)> <Delay = 0.00>
ST_2 : Operation 55 [1/1] (0.00ns)   --->   "%B_bram_addr = getelementptr i8 %B_bram, i64 0, i64 %zext_ln122" [mmult_accel.cpp:122]   --->   Operation 55 'getelementptr' 'B_bram_addr' <Predicate = (!icmp_ln119)> <Delay = 0.00>
ST_2 : Operation 56 [1/1] (0.00ns)   --->   "%br_ln120 = br i1 %or_ln119, void %for.inc36.split, void %for.first.iter.for.inc36" [mmult_accel.cpp:120]   --->   Operation 56 'br' 'br_ln120' <Predicate = (!icmp_ln119)> <Delay = 0.00>
ST_2 : Operation 57 [1/1] (0.00ns)   --->   "%gmemB_addr = getelementptr i8 %gmemB, i64 %add_ln119_2" [mmult_accel.cpp:120]   --->   Operation 57 'getelementptr' 'gmemB_addr' <Predicate = (!icmp_ln119 & or_ln119)> <Delay = 0.00>
ST_2 : Operation 58 [1/1] (0.00ns)   --->   "%gmemB_addr_1 = getelementptr i8 %gmemB, i64 %add_ln119_2" [mmult_accel.cpp:120]   --->   Operation 58 'getelementptr' 'gmemB_addr_1' <Predicate = (!icmp_ln119)> <Delay = 0.00>
ST_2 : Operation 59 [1/1] (0.87ns)   --->   "%add_ln120 = add i18 %select_ln119, i18 1" [mmult_accel.cpp:120]   --->   Operation 59 'add' 'add_ln120' <Predicate = (!icmp_ln119)> <Delay = 0.87> <CoreInst = "Adder">   --->   Core 1 'Adder' <Latency = 0> <II = 1> <Delay = 0.87> <FuncUnit> <Opcode : 'add' 'sub'> <InPorts = 2> <OutPorts = 1>
ST_2 : Operation 60 [1/1] (0.42ns)   --->   "%store_ln120 = store i64 %add_ln119_3, i64 %indvar_flatten17" [mmult_accel.cpp:120]   --->   Operation 60 'store' 'store_ln120' <Predicate = (!icmp_ln119)> <Delay = 0.42>
ST_2 : Operation 61 [1/1] (0.42ns)   --->   "%store_ln120 = store i31 %select_ln119_1, i31 %k_1" [mmult_accel.cpp:120]   --->   Operation 61 'store' 'store_ln120' <Predicate = (!icmp_ln119)> <Delay = 0.42>
ST_2 : Operation 62 [1/1] (0.42ns)   --->   "%store_ln120 = store i18 %add_ln120, i18 %j" [mmult_accel.cpp:120]   --->   Operation 62 'store' 'store_ln120' <Predicate = (!icmp_ln119)> <Delay = 0.42>
ST_2 : Operation 63 [1/1] (0.00ns)   --->   "%br_ln120 = br void %for.inc36" [mmult_accel.cpp:120]   --->   Operation 63 'br' 'br_ln120' <Predicate = (!icmp_ln119)> <Delay = 0.00>

State 3 <SV = 2> <Delay = 7.30>
ST_3 : Operation 64 [7/7] (7.30ns)   --->   "%empty = readreq i1 @_ssdm_op_ReadReq.m_axi.p1i8, i8 %gmemB_addr, i32 %zext_ln119_cast" [mmult_accel.cpp:120]   --->   Operation 64 'readreq' 'empty' <Predicate = (or_ln119)> <Delay = 7.30> <CoreInst = "m_axi">   --->   Core 121 'm_axi' <Latency = 0> <II = 1> <Delay = 1.00> <Adapter> <Opcode : 'read' 'write' 'readreq' 'writereq' 'writeresp'>

State 4 <SV = 3> <Delay = 7.30>
ST_4 : Operation 65 [6/7] (7.30ns)   --->   "%empty = readreq i1 @_ssdm_op_ReadReq.m_axi.p1i8, i8 %gmemB_addr, i32 %zext_ln119_cast" [mmult_accel.cpp:120]   --->   Operation 65 'readreq' 'empty' <Predicate = (or_ln119)> <Delay = 7.30> <CoreInst = "m_axi">   --->   Core 121 'm_axi' <Latency = 0> <II = 1> <Delay = 1.00> <Adapter> <Opcode : 'read' 'write' 'readreq' 'writereq' 'writeresp'>

State 5 <SV = 4> <Delay = 7.30>
ST_5 : Operation 66 [5/7] (7.30ns)   --->   "%empty = readreq i1 @_ssdm_op_ReadReq.m_axi.p1i8, i8 %gmemB_addr, i32 %zext_ln119_cast" [mmult_accel.cpp:120]   --->   Operation 66 'readreq' 'empty' <Predicate = (or_ln119)> <Delay = 7.30> <CoreInst = "m_axi">   --->   Core 121 'm_axi' <Latency = 0> <II = 1> <Delay = 1.00> <Adapter> <Opcode : 'read' 'write' 'readreq' 'writereq' 'writeresp'>

State 6 <SV = 5> <Delay = 7.30>
ST_6 : Operation 67 [4/7] (7.30ns)   --->   "%empty = readreq i1 @_ssdm_op_ReadReq.m_axi.p1i8, i8 %gmemB_addr, i32 %zext_ln119_cast" [mmult_accel.cpp:120]   --->   Operation 67 'readreq' 'empty' <Predicate = (or_ln119)> <Delay = 7.30> <CoreInst = "m_axi">   --->   Core 121 'm_axi' <Latency = 0> <II = 1> <Delay = 1.00> <Adapter> <Opcode : 'read' 'write' 'readreq' 'writereq' 'writeresp'>

State 7 <SV = 6> <Delay = 7.30>
ST_7 : Operation 68 [3/7] (7.30ns)   --->   "%empty = readreq i1 @_ssdm_op_ReadReq.m_axi.p1i8, i8 %gmemB_addr, i32 %zext_ln119_cast" [mmult_accel.cpp:120]   --->   Operation 68 'readreq' 'empty' <Predicate = (or_ln119)> <Delay = 7.30> <CoreInst = "m_axi">   --->   Core 121 'm_axi' <Latency = 0> <II = 1> <Delay = 1.00> <Adapter> <Opcode : 'read' 'write' 'readreq' 'writereq' 'writeresp'>

State 8 <SV = 7> <Delay = 7.30>
ST_8 : Operation 69 [2/7] (7.30ns)   --->   "%empty = readreq i1 @_ssdm_op_ReadReq.m_axi.p1i8, i8 %gmemB_addr, i32 %zext_ln119_cast" [mmult_accel.cpp:120]   --->   Operation 69 'readreq' 'empty' <Predicate = (or_ln119)> <Delay = 7.30> <CoreInst = "m_axi">   --->   Core 121 'm_axi' <Latency = 0> <II = 1> <Delay = 1.00> <Adapter> <Opcode : 'read' 'write' 'readreq' 'writereq' 'writeresp'>

State 9 <SV = 8> <Delay = 7.30>
ST_9 : Operation 70 [1/7] (7.30ns)   --->   "%empty = readreq i1 @_ssdm_op_ReadReq.m_axi.p1i8, i8 %gmemB_addr, i32 %zext_ln119_cast" [mmult_accel.cpp:120]   --->   Operation 70 'readreq' 'empty' <Predicate = (or_ln119)> <Delay = 7.30> <CoreInst = "m_axi">   --->   Core 121 'm_axi' <Latency = 0> <II = 1> <Delay = 1.00> <Adapter> <Opcode : 'read' 'write' 'readreq' 'writereq' 'writeresp'>
ST_9 : Operation 71 [1/1] (0.00ns)   --->   "%br_ln120 = br void %for.inc36.split" [mmult_accel.cpp:120]   --->   Operation 71 'br' 'br_ln120' <Predicate = (or_ln119)> <Delay = 0.00>

State 10 <SV = 9> <Delay = 7.30>
ST_10 : Operation 72 [1/1] (7.30ns)   --->   "%gmemB_addr_1_read = read i8 @_ssdm_op_Read.m_axi.p1i8, i8 %gmemB_addr_1" [mmult_accel.cpp:122]   --->   Operation 72 'read' 'gmemB_addr_1_read' <Predicate = (!icmp_ln119)> <Delay = 7.30> <CoreInst = "m_axi">   --->   Core 121 'm_axi' <Latency = 0> <II = 1> <Delay = 1.00> <Adapter> <Opcode : 'read' 'write' 'readreq' 'writereq' 'writeresp'>
ST_10 : Operation 76 [1/1] (0.00ns)   --->   "%ret_ln0 = ret"   --->   Operation 76 'ret' 'ret_ln0' <Predicate = (icmp_ln119)> <Delay = 0.00>

State 11 <SV = 10> <Delay = 1.23>
ST_11 : Operation 73 [1/1] (0.00ns)   --->   "%specpipeline_ln121 = specpipeline void @_ssdm_op_SpecPipeline, i32 1, i32 0, i32 0, i32 0, void @empty_17" [mmult_accel.cpp:121]   --->   Operation 73 'specpipeline' 'specpipeline_ln121' <Predicate = (!icmp_ln119)> <Delay = 0.00>
ST_11 : Operation 74 [1/1] (0.00ns)   --->   "%specloopname_ln120 = specloopname void @_ssdm_op_SpecLoopName, void @empty_18" [mmult_accel.cpp:120]   --->   Operation 74 'specloopname' 'specloopname_ln120' <Predicate = (!icmp_ln119)> <Delay = 0.00>
ST_11 : Operation 75 [1/1] (1.23ns)   --->   "%store_ln122 = store i8 %gmemB_addr_1_read, i18 %B_bram_addr" [mmult_accel.cpp:122]   --->   Operation 75 'store' 'store_ln122' <Predicate = (!icmp_ln119)> <Delay = 1.23> <CoreInst = "RAM_2P_BRAM">   --->   Core 94 'RAM_2P_BRAM' <Latency = 1> <II = 1> <Delay = 1.23> <Storage> <Opcode : 'load' 'store'> <Ports = 2> <Width = 8> <Depth = 196608> <RAM>


============================================================
+ Verbose Summary: Timing violations
============================================================
Target clock period: 10ns, clock uncertainty: 2.7ns.

 <State 1>: 0.427ns
The critical path consists of the following:
	'alloca' operation ('indvar_flatten17') [11]  (0 ns)
	'store' operation ('store_ln0') of constant 0 on local variable 'indvar_flatten17' [22]  (0.427 ns)

 <State 2>: 5.66ns
The critical path consists of the following:
	'load' operation ('k_1_load', mmult_accel.cpp:119) on local variable 'k' [37]  (0 ns)
	'add' operation ('add_ln119', mmult_accel.cpp:119) [38]  (1.01 ns)
	'select' operation ('select_ln119_1', mmult_accel.cpp:119) [43]  (0.418 ns)
	'mul' operation ('mul_ln119', mmult_accel.cpp:119) [47]  (3.42 ns)
	'add' operation ('add_ln119_1', mmult_accel.cpp:119) [49]  (0 ns)
	'add' operation ('add_ln119_2', mmult_accel.cpp:119) [50]  (0.819 ns)
	'getelementptr' operation ('gmemB_addr', mmult_accel.cpp:120) [56]  (0 ns)

 <State 3>: 7.3ns
The critical path consists of the following:
	bus request operation ('empty', mmult_accel.cpp:120) on port 'gmemB' (mmult_accel.cpp:120) [57]  (7.3 ns)

 <State 4>: 7.3ns
The critical path consists of the following:
	bus request operation ('empty', mmult_accel.cpp:120) on port 'gmemB' (mmult_accel.cpp:120) [57]  (7.3 ns)

 <State 5>: 7.3ns
The critical path consists of the following:
	bus request operation ('empty', mmult_accel.cpp:120) on port 'gmemB' (mmult_accel.cpp:120) [57]  (7.3 ns)

 <State 6>: 7.3ns
The critical path consists of the following:
	bus request operation ('empty', mmult_accel.cpp:120) on port 'gmemB' (mmult_accel.cpp:120) [57]  (7.3 ns)

 <State 7>: 7.3ns
The critical path consists of the following:
	bus request operation ('empty', mmult_accel.cpp:120) on port 'gmemB' (mmult_accel.cpp:120) [57]  (7.3 ns)

 <State 8>: 7.3ns
The critical path consists of the following:
	bus request operation ('empty', mmult_accel.cpp:120) on port 'gmemB' (mmult_accel.cpp:120) [57]  (7.3 ns)

 <State 9>: 7.3ns
The critical path consists of the following:
	bus request operation ('empty', mmult_accel.cpp:120) on port 'gmemB' (mmult_accel.cpp:120) [57]  (7.3 ns)

 <State 10>: 7.3ns
The critical path consists of the following:
	bus read operation ('gmemB_addr_1_read', mmult_accel.cpp:122) on port 'gmemB' (mmult_accel.cpp:122) [63]  (7.3 ns)

 <State 11>: 1.24ns
The critical path consists of the following:
	'store' operation ('store_ln122', mmult_accel.cpp:122) of variable 'gmemB_addr_1_read', mmult_accel.cpp:122 on array 'B_bram' [64]  (1.24 ns)


============================================================
+ Verbose Summary: Binding
============================================================
N/A
* FSMD analyzer results:
  - Output states:
 - Input state : 
  - Chain level:
	State 1
	State 2
	State 3
	State 4
	State 5
	State 6
	State 7
	State 8
	State 9
	State 10
	State 11


============================================================
+ Verbose Summary: Datapath Resource usage 
============================================================
N/A
