

================================================================
== Vitis HLS Report for 'mmult_accel_Pipeline_VITIS_LOOP_120_2'
================================================================
* Date:           Thu Jul 23 14:53:11 2026

* Version:        2022.2 (Build 3670227 on Oct 13 2022)
* Project:        mmult_accel_hls
* Solution:       solution1 (Vivado IP Flow Target)
* Product family: zynquplus
* Target device:  xck26-sfvc784-2LV-c


================================================================
== Performance Estimates
================================================================
+ Timing: 
    * Summary: 
    +--------+----------+----------+------------+
    |  Clock |  Target  | Estimated| Uncertainty|
    +--------+----------+----------+------------+
    |ap_clk  |  10.00 ns|  7.300 ns|     2.70 ns|
    +--------+----------+----------+------------+

+ Latency: 
    * Summary: 
    +---------+---------+----------+----------+-----+-----+---------+
    |  Latency (cycles) |  Latency (absolute) |  Interval | Pipeline|
    |   min   |   max   |    min   |    max   | min | max |   Type  |
    +---------+---------+----------+----------+-----+-----+---------+
    |        ?|        ?|         ?|         ?|    ?|    ?|       no|
    +---------+---------+----------+----------+-----+-----+---------+

    + Detail: 
        * Instance: 
        N/A

        * Loop: 
        +---------------------------------+---------+---------+----------+-----------+-----------+------+----------+
        |                                 |  Latency (cycles) | Iteration|  Initiation Interval  | Trip |          |
        |            Loop Name            |   min   |   max   |  Latency |  achieved |   target  | Count| Pipelined|
        +---------------------------------+---------+---------+----------+-----------+-----------+------+----------+
        |- copy_B_block_VITIS_LOOP_120_2  |        ?|        ?|        10|          1|          1|     ?|       yes|
        +---------------------------------+---------+---------+----------+-----------+-----------+------+----------+



================================================================
== Utilization Estimates
================================================================
* Summary: 
+-----------------+---------+------+--------+--------+-----+
|       Name      | BRAM_18K|  DSP |   FF   |   LUT  | URAM|
+-----------------+---------+------+--------+--------+-----+
|DSP              |        -|     -|       -|       -|    -|
|Expression       |        -|     -|       0|     396|    -|
|FIFO             |        -|     -|       -|       -|    -|
|Instance         |        -|     3|       0|      20|    -|
|Memory           |        -|     -|       -|       -|    -|
|Multiplexer      |        -|     -|       -|      81|    -|
|Register         |        -|     -|     417|      64|    -|
+-----------------+---------+------+--------+--------+-----+
|Total            |        0|     3|     417|     561|    0|
+-----------------+---------+------+--------+--------+-----+
|Available        |      288|  1248|  234240|  117120|   64|
+-----------------+---------+------+--------+--------+-----+
|Utilization (%)  |        0|    ~0|      ~0|      ~0|    0|
+-----------------+---------+------+--------+--------+-----+

+ Detail: 
    * Instance: 
    +-------------------------+----------------------+---------+----+---+----+-----+
    |         Instance        |        Module        | BRAM_18K| DSP| FF| LUT| URAM|
    +-------------------------+----------------------+---------+----+---+----+-----+
    |mul_31ns_32ns_63_1_1_U6  |mul_31ns_32ns_63_1_1  |        0|   3|  0|  20|    0|
    +-------------------------+----------------------+---------+----+---+----+-----+
    |Total                    |                      |        0|   3|  0|  20|    0|
    +-------------------------+----------------------+---------+----+---+----+-----+

    * DSP: 
    N/A

    * Memory: 
    N/A

    * FIFO: 
    N/A

    * Expression: 
    +-----------------------------------+----------+----+---+----+------------+------------+
    |           Variable Name           | Operation| DSP| FF| LUT| Bitwidth P0| Bitwidth P1|
    +-----------------------------------+----------+----+---+----+------------+------------+
    |add_ln119_1_fu_282_p2              |         +|   0|  0|  64|          64|          64|
    |add_ln119_2_fu_287_p2              |         +|   0|  0|  64|          64|          64|
    |add_ln119_3_fu_214_p2              |         +|   0|  0|  71|          64|           1|
    |add_ln119_fu_223_p2                |         +|   0|  0|  38|          31|           1|
    |add_ln120_fu_315_p2                |         +|   0|  0|  25|          18|           1|
    |add_ln122_fu_292_p2                |         +|   0|  0|  25|          18|          18|
    |ap_block_state10_pp0_stage0_iter9  |       and|   0|  0|   2|           1|           1|
    |ap_block_state3_io                 |       and|   0|  0|   2|           1|           1|
    |icmp_ln119_fu_209_p2               |      icmp|   0|  0|  29|          64|          64|
    |icmp_ln120_fu_204_p2               |      icmp|   0|  0|  20|          32|          32|
    |ap_block_pp0_stage0_11001          |        or|   0|  0|   2|           1|           1|
    |or_ln119_fu_235_p2                 |        or|   0|  0|   2|           1|           1|
    |select_ln119_1_fu_249_p3           |    select|   0|  0|  31|           1|          31|
    |select_ln119_fu_241_p3             |    select|   0|  0|  17|           1|          18|
    |ap_enable_pp0                      |       xor|   0|  0|   2|           1|           2|
    |xor_ln119_fu_229_p2                |       xor|   0|  0|   2|           1|           2|
    +-----------------------------------+----------+----+---+----+------------+------------+
    |Total                              |          |   0|  0| 396|         363|         302|
    +-----------------------------------+----------+----+---+----+------------+------------+

    * Multiplexer: 
    +---------------------------------------+----+-----------+-----+-----------+
    |                  Name                 | LUT| Input Size| Bits| Total Bits|
    +---------------------------------------+----+-----------+-----+-----------+
    |ap_done_int                            |   9|          2|    1|          2|
    |ap_enable_reg_pp0_iter1                |   9|          2|    1|          2|
    |ap_enable_reg_pp0_iter2                |   9|          2|    1|          2|
    |ap_phi_mux_first_iter_0_phi_fu_163_p4  |   9|          2|    1|          2|
    |gmemB_blk_n_AR                         |   9|          2|    1|          2|
    |gmemB_blk_n_R                          |   9|          2|    1|          2|
    |indvar_flatten17_fu_92                 |   9|          2|   64|        128|
    |j_fu_84                                |   9|          2|   18|         36|
    |k_1_fu_88                              |   9|          2|   31|         62|
    +---------------------------------------+----+-----------+-----+-----------+
    |Total                                  |  81|         18|  119|        238|
    +---------------------------------------+----+-----------+-----+-----------+

    * Register: 
    +----------------------------------+----+----+-----+-----------+
    |               Name               | FF | LUT| Bits| Const Bits|
    +----------------------------------+----+----+-----+-----------+
    |B_bram_addr_reg_395               |  18|   0|   18|          0|
    |ap_CS_fsm                         |   1|   0|    1|          0|
    |ap_done_reg                       |   1|   0|    1|          0|
    |ap_enable_reg_pp0_iter1           |   1|   0|    1|          0|
    |ap_enable_reg_pp0_iter10          |   1|   0|    1|          0|
    |ap_enable_reg_pp0_iter2           |   1|   0|    1|          0|
    |ap_enable_reg_pp0_iter3           |   1|   0|    1|          0|
    |ap_enable_reg_pp0_iter4           |   1|   0|    1|          0|
    |ap_enable_reg_pp0_iter5           |   1|   0|    1|          0|
    |ap_enable_reg_pp0_iter6           |   1|   0|    1|          0|
    |ap_enable_reg_pp0_iter7           |   1|   0|    1|          0|
    |ap_enable_reg_pp0_iter8           |   1|   0|    1|          0|
    |ap_enable_reg_pp0_iter9           |   1|   0|    1|          0|
    |ap_loop_exit_ready_pp0_iter2_reg  |   1|   0|    1|          0|
    |ap_loop_exit_ready_pp0_iter3_reg  |   1|   0|    1|          0|
    |ap_loop_exit_ready_pp0_iter4_reg  |   1|   0|    1|          0|
    |ap_loop_exit_ready_pp0_iter5_reg  |   1|   0|    1|          0|
    |ap_loop_exit_ready_pp0_iter6_reg  |   1|   0|    1|          0|
    |ap_loop_exit_ready_pp0_iter7_reg  |   1|   0|    1|          0|
    |ap_loop_exit_ready_pp0_iter8_reg  |   1|   0|    1|          0|
    |ap_loop_exit_ready_pp0_iter9_reg  |   1|   0|    1|          0|
    |first_iter_0_reg_159              |   1|   0|    1|          0|
    |gmemB_addr_1_read_reg_410         |   8|   0|    8|          0|
    |gmemB_addr_reg_400                |  64|   0|   64|          0|
    |icmp_ln119_reg_387                |   1|   0|    1|          0|
    |indvar_flatten17_fu_92            |  64|   0|   64|          0|
    |j_fu_84                           |  18|   0|   18|          0|
    |k_1_fu_88                         |  31|   0|   31|          0|
    |or_ln119_reg_391                  |   1|   0|    1|          0|
    |zext_ln110_cast_reg_377           |  32|   0|   63|         31|
    |zext_ln119_cast_reg_382           |  31|   0|   32|          1|
    |B_bram_addr_reg_395               |  64|  32|   18|          0|
    |icmp_ln119_reg_387                |  64|  32|    1|          0|
    +----------------------------------+----+----+-----+-----------+
    |Total                             | 417|  64|  340|         32|
    +----------------------------------+----+----+-----+-----------+



================================================================
== Interface
================================================================
* Summary: 
+----------------------+-----+-----+------------+---------------------------------------+--------------+
|       RTL Ports      | Dir | Bits|  Protocol  |             Source Object             |    C Type    |
+----------------------+-----+-----+------------+---------------------------------------+--------------+
|ap_clk                |   in|    1|  ap_ctrl_hs|  mmult_accel_Pipeline_VITIS_LOOP_120_2|  return value|
|ap_rst                |   in|    1|  ap_ctrl_hs|  mmult_accel_Pipeline_VITIS_LOOP_120_2|  return value|
|ap_start              |   in|    1|  ap_ctrl_hs|  mmult_accel_Pipeline_VITIS_LOOP_120_2|  return value|
|ap_done               |  out|    1|  ap_ctrl_hs|  mmult_accel_Pipeline_VITIS_LOOP_120_2|  return value|
|ap_idle               |  out|    1|  ap_ctrl_hs|  mmult_accel_Pipeline_VITIS_LOOP_120_2|  return value|
|ap_ready              |  out|    1|  ap_ctrl_hs|  mmult_accel_Pipeline_VITIS_LOOP_120_2|  return value|
|m_axi_gmemB_AWVALID   |  out|    1|       m_axi|                                  gmemB|       pointer|
|m_axi_gmemB_AWREADY   |   in|    1|       m_axi|                                  gmemB|       pointer|
|m_axi_gmemB_AWADDR    |  out|   64|       m_axi|                                  gmemB|       pointer|
|m_axi_gmemB_AWID      |  out|    1|       m_axi|                                  gmemB|       pointer|
|m_axi_gmemB_AWLEN     |  out|   32|       m_axi|                                  gmemB|       pointer|
|m_axi_gmemB_AWSIZE    |  out|    3|       m_axi|                                  gmemB|       pointer|
|m_axi_gmemB_AWBURST   |  out|    2|       m_axi|                                  gmemB|       pointer|
|m_axi_gmemB_AWLOCK    |  out|    2|       m_axi|                                  gmemB|       pointer|
|m_axi_gmemB_AWCACHE   |  out|    4|       m_axi|                                  gmemB|       pointer|
|m_axi_gmemB_AWPROT    |  out|    3|       m_axi|                                  gmemB|       pointer|
|m_axi_gmemB_AWQOS     |  out|    4|       m_axi|                                  gmemB|       pointer|
|m_axi_gmemB_AWREGION  |  out|    4|       m_axi|                                  gmemB|       pointer|
|m_axi_gmemB_AWUSER    |  out|    1|       m_axi|                                  gmemB|       pointer|
|m_axi_gmemB_WVALID    |  out|    1|       m_axi|                                  gmemB|       pointer|
|m_axi_gmemB_WREADY    |   in|    1|       m_axi|                                  gmemB|       pointer|
|m_axi_gmemB_WDATA     |  out|    8|       m_axi|                                  gmemB|       pointer|
|m_axi_gmemB_WSTRB     |  out|    1|       m_axi|                                  gmemB|       pointer|
|m_axi_gmemB_WLAST     |  out|    1|       m_axi|                                  gmemB|       pointer|
|m_axi_gmemB_WID       |  out|    1|       m_axi|                                  gmemB|       pointer|
|m_axi_gmemB_WUSER     |  out|    1|       m_axi|                                  gmemB|       pointer|
|m_axi_gmemB_ARVALID   |  out|    1|       m_axi|                                  gmemB|       pointer|
|m_axi_gmemB_ARREADY   |   in|    1|       m_axi|                                  gmemB|       pointer|
|m_axi_gmemB_ARADDR    |  out|   64|       m_axi|                                  gmemB|       pointer|
|m_axi_gmemB_ARID      |  out|    1|       m_axi|                                  gmemB|       pointer|
|m_axi_gmemB_ARLEN     |  out|   32|       m_axi|                                  gmemB|       pointer|
|m_axi_gmemB_ARSIZE    |  out|    3|       m_axi|                                  gmemB|       pointer|
|m_axi_gmemB_ARBURST   |  out|    2|       m_axi|                                  gmemB|       pointer|
|m_axi_gmemB_ARLOCK    |  out|    2|       m_axi|                                  gmemB|       pointer|
|m_axi_gmemB_ARCACHE   |  out|    4|       m_axi|                                  gmemB|       pointer|
|m_axi_gmemB_ARPROT    |  out|    3|       m_axi|                                  gmemB|       pointer|
|m_axi_gmemB_ARQOS     |  out|    4|       m_axi|                                  gmemB|       pointer|
|m_axi_gmemB_ARREGION  |  out|    4|       m_axi|                                  gmemB|       pointer|
|m_axi_gmemB_ARUSER    |  out|    1|       m_axi|                                  gmemB|       pointer|
|m_axi_gmemB_RVALID    |   in|    1|       m_axi|                                  gmemB|       pointer|
|m_axi_gmemB_RREADY    |  out|    1|       m_axi|                                  gmemB|       pointer|
|m_axi_gmemB_RDATA     |   in|    8|       m_axi|                                  gmemB|       pointer|
|m_axi_gmemB_RLAST     |   in|    1|       m_axi|                                  gmemB|       pointer|
|m_axi_gmemB_RID       |   in|    1|       m_axi|                                  gmemB|       pointer|
|m_axi_gmemB_RFIFONUM  |   in|   11|       m_axi|                                  gmemB|       pointer|
|m_axi_gmemB_RUSER     |   in|    1|       m_axi|                                  gmemB|       pointer|
|m_axi_gmemB_RRESP     |   in|    2|       m_axi|                                  gmemB|       pointer|
|m_axi_gmemB_BVALID    |   in|    1|       m_axi|                                  gmemB|       pointer|
|m_axi_gmemB_BREADY    |  out|    1|       m_axi|                                  gmemB|       pointer|
|m_axi_gmemB_BRESP     |   in|    2|       m_axi|                                  gmemB|       pointer|
|m_axi_gmemB_BID       |   in|    1|       m_axi|                                  gmemB|       pointer|
|m_axi_gmemB_BUSER     |   in|    1|       m_axi|                                  gmemB|       pointer|
|current_block_M       |   in|   32|     ap_none|                        current_block_M|        scalar|
|mul_ln110             |   in|   64|     ap_none|                              mul_ln110|        scalar|
|zext_ln119            |   in|   31|     ap_none|                             zext_ln119|        scalar|
|zext_ln110            |   in|   32|     ap_none|                             zext_ln110|        scalar|
|B                     |   in|   64|     ap_none|                                      B|        scalar|
|j_block               |   in|   64|     ap_none|                                j_block|        scalar|
|B_bram_address1       |  out|   18|   ap_memory|                                 B_bram|         array|
|B_bram_ce1            |  out|    1|   ap_memory|                                 B_bram|         array|
|B_bram_we1            |  out|    1|   ap_memory|                                 B_bram|         array|
|B_bram_d1             |  out|    8|   ap_memory|                                 B_bram|         array|
+----------------------+-----+-----+------------+---------------------------------------+--------------+

============================================================
+ Verbose Summary: Synthesis Manager
============================================================
InlineROM: 1
ExposeGlobal: 0
============================================================
+ Verbose Summary: CDFG Model
============================================================
IsTopModel: 0
ResetActiveHigh: 1
IsCombinational: 2
IsDatapathOnly: 2
HasWiredReturn: 1
HasMFsm: 2
HasVarLatency: 1
IsPipeline: 0
IsRtlPipelined: 0
IsInstanceOverlapped: 0
IsDontTouch: 0
HasImplIP: 0
IsGatedGlobalClock: 0

+ Individual pipeline summary: 
  * Pipeline-0: initiation interval (II) = 1, depth = 11


============================================================
+ Verbose Summary: Schedule
============================================================
* Number of FSM states : 11
* Pipeline : 1
  Pipeline-0 : II = 1, D = 11, States = { 1 2 3 4 5 6 7 8 9 10 11 }
* Dataflow Pipeline: 0

* FSM state transitions: 
1 --> 2 
2 --> 3 
3 --> 4 
4 --> 5 
5 --> 6 
6 --> 7 
7 --> 8 
8 --> 9 
9 --> 10 
10 --> 11 
11 --> 

* FSM state operations: 

State 1 <SV = 0> <Delay = 0.42>
ST_1 : Operation 13 [1/1] (0.00ns)   --->   "%j = alloca i32 1"   --->   Operation 13 'alloca' 'j' <Predicate = true> <Delay = 0.00>
ST_1 : Operation 14 [1/1] (0.00ns)   --->   "%k_1 = alloca i32 1"   --->   Operation 14 'alloca' 'k_1' <Predicate = true> <Delay = 0.00>
ST_1 : Operation 15 [1/1] (0.00ns)   --->   "%indvar_flatten17 = alloca i32 1"   --->   Operation 15 'alloca' 'indvar_flatten17' <Predicate = true> <Delay = 0.00>
ST_1 : Operation 16 [1/1] (0.00ns)   --->   "%j_block_read = read i64 @_ssdm_op_Read.ap_auto.i64, i64 %j_block"   --->   Operation 16 'read' 'j_block_read' <Predicate = true> <Delay = 0.00>
ST_1 : Operation 17 [1/1] (0.00ns)   --->   "%B_read = read i64 @_ssdm_op_Read.ap_auto.i64, i64 %B"   --->   Operation 17 'read' 'B_read' <Predicate = true> <Delay = 0.00>
ST_1 : Operation 18 [1/1] (0.00ns)   --->   "%zext_ln110_read = read i32 @_ssdm_op_Read.ap_auto.i32, i32 %zext_ln110"   --->   Operation 18 'read' 'zext_ln110_read' <Predicate = true> <Delay = 0.00>
ST_1 : Operation 19 [1/1] (0.00ns)   --->   "%zext_ln119_read = read i31 @_ssdm_op_Read.ap_auto.i31, i31 %zext_ln119"   --->   Operation 19 'read' 'zext_ln119_read' <Predicate = true> <Delay = 0.00>
ST_1 : Operation 20 [1/1] (0.00ns)   --->   "%mul_ln110_read = read i64 @_ssdm_op_Read.ap_auto.i64, i64 %mul_ln110"   --->   Operation 20 'read' 'mul_ln110_read' <Predicate = true> <Delay = 0.00>
ST_1 : Operation 21 [1/1] (0.00ns)   --->   "%current_block_M_read = read i32 @_ssdm_op_Read.ap_auto.i32, i32 %current_block_M"   --->   Operation 21 'read' 'current_block_M_read' <Predicate = true> <Delay = 0.00>
ST_1 : Operation 22 [1/1] (0.00ns)   --->   "%zext_ln110_cast = zext i32 %zext_ln110_read"   --->   Operation 22 'zext' 'zext_ln110_cast' <Predicate = true> <Delay = 0.00>
ST_1 : Operation 23 [1/1] (0.00ns)   --->   "%zext_ln119_cast = zext i31 %zext_ln119_read"   --->   Operation 23 'zext' 'zext_ln119_cast' <Predicate = true> <Delay = 0.00>
ST_1 : Operation 24 [1/1] (0.00ns)   --->   "%specmemcore_ln0 = specmemcore void @_ssdm_op_SpecMemCore, i8 %B_bram, i64 666, i64 22, i64 18446744073709551615"   --->   Operation 24 'specmemcore' 'specmemcore_ln0' <Predicate = true> <Delay = 0.00>
ST_1 : Operation 25 [1/1] (0.00ns)   --->   "%specinterface_ln0 = specinterface void @_ssdm_op_SpecInterface, i8 %gmemB, void @empty_16, i32 0, i32 0, void @empty_17, i32 0, i32 589824, void @empty_20, void @empty_19, void @empty_17, i32 16, i32 16, i32 16, i32 16, void @empty_17, void @empty_17, i32 4294967295, i32 0"   --->   Operation 25 'specinterface' 'specinterface_ln0' <Predicate = true> <Delay = 0.00>
ST_1 : Operation 26 [1/1] (0.42ns)   --->   "%store_ln0 = store i64 0, i64 %indvar_flatten17"   --->   Operation 26 'store' 'store_ln0' <Predicate = true> <Delay = 0.42>
ST_1 : Operation 27 [1/1] (0.42ns)   --->   "%store_ln0 = store i31 0, i31 %k_1"   --->   Operation 27 'store' 'store_ln0' <Predicate = true> <Delay = 0.42>
ST_1 : Operation 28 [1/1] (0.42ns)   --->   "%store_ln0 = store i18 0, i18 %j"   --->   Operation 28 'store' 'store_ln0' <Predicate = true> <Delay = 0.42>
ST_1 : Operation 29 [1/1] (0.42ns)   --->   "%br_ln0 = br void %for.inc36"   --->   Operation 29 'br' 'br_ln0' <Predicate = true> <Delay = 0.42>

State 2 <SV = 1> <Delay = 5.66>
ST_2 : Operation 30 [1/1] (0.00ns)   --->   "%first_iter_0 = phi i1 1, void %newFuncRoot, i1 0, void %for.inc36.split"   --->   Operation 30 'phi' 'first_iter_0' <Predicate = true> <Delay = 0.00>
ST_2 : Operation 31 [1/1] (0.00ns)   --->   "%j_1 = load i18 %j" [mmult_accel.cpp:120]   --->   Operation 31 'load' 'j_1' <Predicate = true> <Delay = 0.00>
ST_2 : Operation 32 [1/1] (0.00ns)   --->   "%indvar_flatten17_load = load i64 %indvar_flatten17" [mmult_accel.cpp:119]   --->   Operation 32 'load' 'indvar_flatten17_load' <Predicate = true> <Delay = 0.00>
ST_2 : Operation 33 [1/1] (0.00ns)   --->   "%specbitsmap_ln0 = specbitsmap void @_ssdm_op_SpecBitsMap, i8 %gmemB"   --->   Operation 33 'specbitsmap' 'specbitsmap_ln0' <Predicate = true> <Delay = 0.00>
ST_2 : Operation 34 [1/1] (0.00ns)   --->   "%zext_ln120 = zext i18 %j_1" [mmult_accel.cpp:120]   --->   Operation 34 'zext' 'zext_ln120' <Predicate = true> <Delay = 0.00>
ST_2 : Operation 35 [1/1] (0.99ns)   --->   "%icmp_ln120 = icmp_slt  i32 %zext_ln120, i32 %current_block_M_read" [mmult_accel.cpp:120]   --->   Operation 35 'icmp' 'icmp_ln120' <Predicate = true> <Delay = 0.99> <CoreInst = "Cmp">   --->   Core 9 'Cmp' <Latency = 0> <II = 1> <Delay = 0.99> <FuncUnit> <Opcode : 'icmp'> <InPorts = 2> <OutPorts = 1>
ST_2 : Operation 36 [1/1] (1.13ns)   --->   "%icmp_ln119 = icmp_eq  i64 %indvar_flatten17_load, i64 %mul_ln110_read" [mmult_accel.cpp:119]   --->   Operation 36 'icmp' 'icmp_ln119' <Predicate = true> <Delay = 1.13> <CoreInst = "Cmp">   --->   Core 9 'Cmp' <Latency = 0> <II = 1> <Delay = 1.13> <FuncUnit> <Opcode : 'icmp'> <InPorts = 2> <OutPorts = 1>
ST_2 : Operation 37 [1/1] (1.08ns)   --->   "%add_ln119_3 = add i64 %indvar_flatten17_load, i64 1" [mmult_accel.cpp:119]   --->   Operation 37 'add' 'add_ln119_3' <Predicate = true> <Delay = 1.08> <CoreInst = "Adder">   --->   Core 1 'Adder' <Latency = 0> <II = 1> <Delay = 1.08> <FuncUnit> <Opcode : 'add' 'sub'> <InPorts = 2> <OutPorts = 1>
ST_2 : Operation 38 [1/1] (0.00ns)   --->   "%br_ln119 = br i1 %icmp_ln119, void %for.inc39.loopexit, void %tile_j.preheader.exitStub" [mmult_accel.cpp:119]   --->   Operation 38 'br' 'br_ln119' <Predicate = true> <Delay = 0.00>
ST_2 : Operation 39 [1/1] (0.00ns)   --->   "%k_1_load = load i31 %k_1" [mmult_accel.cpp:119]   --->   Operation 39 'load' 'k_1_load' <Predicate = (!icmp_ln119)> <Delay = 0.00>
ST_2 : Operation 40 [1/1] (1.00ns)   --->   "%add_ln119 = add i31 %k_1_load, i31 1" [mmult_accel.cpp:119]   --->   Operation 40 'add' 'add_ln119' <Predicate = (!icmp_ln119)> <Delay = 1.00> <CoreInst = "Adder">   --->   Core 1 'Adder' <Latency = 0> <II = 1> <Delay = 1.00> <FuncUnit> <Opcode : 'add' 'sub'> <InPorts = 2> <OutPorts = 1>
ST_2 : Operation 41 [1/1] (0.00ns)   --->   "%specloopname_ln0 = specloopname void @_ssdm_op_SpecLoopName, void @copy_B_block_VITIS_LOOP_120_2_str"   --->   Operation 41 'specloopname' 'specloopname_ln0' <Predicate = (!icmp_ln119)> <Delay = 0.00>
ST_2 : Operation 42 [1/1] (0.00ns) (grouped into LUT with out node or_ln119)   --->   "%xor_ln119 = xor i1 %icmp_ln120, i1 1" [mmult_accel.cpp:119]   --->   Operation 42 'xor' 'xor_ln119' <Predicate = (!icmp_ln119)> <Delay = 0.00> <CoreInst = "LogicGate">   --->   Core 74 'LogicGate' <Latency = 0> <II = 1> <Delay = 0.28> <FuncUnit> <Opcode : 'and' 'or' 'xor'> <InPorts = 2> <OutPorts = 1>
ST_2 : Operation 43 [1/1] (0.28ns) (out node of the LUT)   --->   "%or_ln119 = or i1 %first_iter_0, i1 %xor_ln119" [mmult_accel.cpp:119]   --->   Operation 43 'or' 'or_ln119' <Predicate = (!icmp_ln119)> <Delay = 0.28> <CoreInst = "LogicGate">   --->   Core 74 'LogicGate' <Latency = 0> <II = 1> <Delay = 0.28> <FuncUnit> <Opcode : 'and' 'or' 'xor'> <InPorts = 2> <OutPorts = 1>
ST_2 : Operation 44 [1/1] (0.36ns)   --->   "%select_ln119 = select i1 %icmp_ln120, i18 %j_1, i18 0" [mmult_accel.cpp:119]   --->   Operation 44 'select' 'select_ln119' <Predicate = (!icmp_ln119)> <Delay = 0.36> <CoreInst = "Sel">   --->   Core 73 'Sel' <Latency = 0> <II = 1> <Delay = 0.36> <FuncUnit> <Opcode : 'select'> <InPorts = 3> <OutPorts = 1>
ST_2 : Operation 45 [1/1] (0.41ns)   --->   "%select_ln119_1 = select i1 %icmp_ln120, i31 %k_1_load, i31 %add_ln119" [mmult_accel.cpp:119]   --->   Operation 45 'select' 'select_ln119_1' <Predicate = (!icmp_ln119)> <Delay = 0.41> <CoreInst = "Sel">   --->   Core 73 'Sel' <Latency = 0> <II = 1> <Delay = 0.41> <FuncUnit> <Opcode : 'select'> <InPorts = 3> <OutPorts = 1>
ST_2 : Operation 46 [1/1] (0.00ns)   --->   "%trunc_ln122 = trunc i31 %select_ln119_1" [mmult_accel.cpp:122]   --->   Operation 46 'trunc' 'trunc_ln122' <Predicate = (!icmp_ln119)> <Delay = 0.00>
ST_2 : Operation 47 [1/1] (0.00ns)   --->   "%tmp_s = bitconcatenate i18 @_ssdm_op_BitConcatenate.i18.i10.i8, i10 %trunc_ln122, i8 0" [mmult_accel.cpp:122]   --->   Operation 47 'bitconcatenate' 'tmp_s' <Predicate = (!icmp_ln119)> <Delay = 0.00>
ST_2 : Operation 48 [1/1] (0.00ns)   --->   "%zext_ln119_1 = zext i31 %select_ln119_1" [mmult_accel.cpp:119]   --->   Operation 48 'zext' 'zext_ln119_1' <Predicate = (!icmp_ln119)> <Delay = 0.00>
ST_2 : Operation 49 [1/1] (3.42ns)   --->   "%mul_ln119 = mul i63 %zext_ln119_1, i63 %zext_ln110_cast" [mmult_accel.cpp:119]   --->   Operation 49 'mul' 'mul_ln119' <Predicate = (!icmp_ln119)> <Delay = 3.42> <CoreInst = "Multiplier">   --->   Core 3 'Multiplier' <Latency = 0> <II = 1> <Delay = 3.42> <FuncUnit> <Opcode : 'mul'> <InPorts = 2> <OutPorts = 1>
ST_2 : Operation 50 [1/1] (0.00ns)   --->   "%zext_ln119_2 = zext i63 %mul_ln119" [mmult_accel.cpp:119]   --->   Operation 50 'zext' 'zext_ln119_2' <Predicate = (!icmp_ln119)> <Delay = 0.00>
ST_2 : Operation 51 [1/1] (0.00ns) (grouped into TernaryAdder)   --->   "%add_ln119_1 = add i64 %zext_ln119_2, i64 %B_read" [mmult_accel.cpp:119]   --->   Operation 51 'add' 'add_ln119_1' <Predicate = (!icmp_ln119)> <Delay = 0.00> <CoreInst = "TAddSub">   --->   Core 10 'TAddSub' <Latency = 0> <II = 1> <Delay = 0.40> <IPBlock> <Opcode : 'add' 'sub'> <InPorts = 3> <OutPorts = 1> <Sync> <CReg>
ST_2 : Operation 52 [1/1] (0.81ns) (root node of TernaryAdder)   --->   "%add_ln119_2 = add i64 %add_ln119_1, i64 %j_block_read" [mmult_accel.cpp:119]   --->   Operation 52 'add' 'add_ln119_2' <Predicate = (!icmp_ln119)> <Delay = 0.81> <CoreInst = "TAddSub">   --->   Core 10 'TAddSub' <Latency = 0> <II = 1> <Delay = 0.40> <IPBlock> <Opcode : 'add' 'sub'> <InPorts = 3> <OutPorts = 1> <Sync> <CReg>
ST_2 : Operation 53 [1/1] (0.87ns)   --->   "%add_ln122 = add i18 %tmp_s, i18 %select_ln119" [mmult_accel.cpp:122]   --->   Operation 53 'add' 'add_ln122' <Predicate = (!icmp_ln119)> <Delay = 0.87> <CoreInst = "Adder">   --->   Core 1 'Adder' <Latency = 0> <II = 1> <Delay = 0.87> <FuncUnit> <Opcode : 'add' 'sub'> <InPorts = 2> <OutPorts = 1>
ST_2 : Operation 54 [1/1] (0.00ns)   --->   "%zext_ln122 = zext i18 %add_ln122" [mmult_accel.cpp:122]   --->   Operation 54 'zext' 'zext_ln122' <Predicate = (!icmp_ln119)> <Delay = 0.00>
ST_2 : Operation 55 [1/1] (0.00ns)   --->   "%B_bram_addr = getelementptr i8 %B_bram, i64 0, i64 %zext_ln122" [mmult_accel.cpp:122]   --->   Operation 55 'getelementptr' 'B_bram_addr' <Predicate = (!icmp_ln119)> <Delay = 0.00>
ST_2 : Operation 56 [1/1] (0.00ns)   --->   "%br_ln120 = br i1 %or_ln119, void %for.inc36.split, void %for.first.iter.for.inc36" [mmult_accel.cpp:120]   --->   Operation 56 'br' 'br_ln120' <Predicate = (!icmp_ln119)> <Delay = 0.00>
ST_2 : Operation 57 [1/1] (0.00ns)   --->   "%gmemB_addr = getelementptr i8 %gmemB, i64 %add_ln119_2" [mmult_accel.cpp:120]   --->   Operation 57 'getelementptr' 'gmemB_addr' <Predicate = (!icmp_ln119 & or_ln119)> <Delay = 0.00>
ST_2 : Operation 58 [1/1] (0.00ns)   --->   "%gmemB_addr_1 = getelementptr i8 %gmemB, i64 %add_ln119_2" [mmult_accel.cpp:120]   --->   Operation 58 'getelementptr' 'gmemB_addr_1' <Predicate = (!icmp_ln119)> <Delay = 0.00>
ST_2 : Operation 59 [1/1] (0.87ns)   --->   "%add_ln120 = add i18 %select_ln119, i18 1" [mmult_accel.cpp:120]   --->   Operation 59 'add' 'add_ln120' <Predicate = (!icmp_ln119)> <Delay = 0.87> <CoreInst = "Adder">   --->   Core 1 'Adder' <Latency = 0> <II = 1> <Delay = 0.87> <FuncUnit> <Opcode : 'add' 'sub'> <InPorts = 2> <OutPorts = 1>
ST_2 : Operation 60 [1/1] (0.42ns)   --->   "%store_ln120 = store i64 %add_ln119_3, i64 %indvar_flatten17" [mmult_accel.cpp:120]   --->   Operation 60 'store' 'store_ln120' <Predicate = (!icmp_ln119)> <Delay = 0.42>
ST_2 : Operation 61 [1/1] (0.42ns)   --->   "%store_ln120 = store i31 %select_ln119_1, i31 %k_1" [mmult_accel.cpp:120]   --->   Operation 61 'store' 'store_ln120' <Predicate = (!icmp_ln119)> <Delay = 0.42>
ST_2 : Operation 62 [1/1] (0.42ns)   --->   "%store_ln120 = store i18 %add_ln120, i18 %j" [mmult_accel.cpp:120]   --->   Operation 62 'store' 'store_ln120' <Predicate = (!icmp_ln119)> <Delay = 0.42>
ST_2 : Operation 63 [1/1] (0.00ns)   --->   "%br_ln120 = br void %for.inc36" [mmult_accel.cpp:120]   --->   Operation 63 'br' 'br_ln120' <Predicate = (!icmp_ln119)> <Delay = 0.00>

State 3 <SV = 2> <Delay = 7.30>
ST_3 : Operation 64 [7/7] (7.30ns)   --->   "%empty = readreq i1 @_ssdm_op_ReadReq.m_axi.p1i8, i64 %gmemB_addr, i32 %zext_ln119_cast" [mmult_accel.cpp:120]   --->   Operation 64 'readreq' 'empty' <Predicate = (or_ln119)> <Delay = 7.30> <CoreInst = "m_axi">   --->   Core 121 'm_axi' <Latency = 0> <II = 1> <Delay = 1.00> <Adapter> <Opcode : 'read' 'write' 'readreq' 'writereq' 'writeresp'>

State 4 <SV = 3> <Delay = 7.30>
ST_4 : Operation 65 [6/7] (7.30ns)   --->   "%empty = readreq i1 @_ssdm_op_ReadReq.m_axi.p1i8, i64 %gmemB_addr, i32 %zext_ln119_cast" [mmult_accel.cpp:120]   --->   Operation 65 'readreq' 'empty' <Predicate = (or_ln119)> <Delay = 7.30> <CoreInst = "m_axi">   --->   Core 121 'm_axi' <Latency = 0> <II = 1> <Delay = 1.00> <Adapter> <Opcode : 'read' 'write' 'readreq' 'writereq' 'writeresp'>

State 5 <SV = 4> <Delay = 7.30>
ST_5 : Operation 66 [5/7] (7.30ns)   --->   "%empty = readreq i1 @_ssdm_op_ReadReq.m_axi.p1i8, i64 %gmemB_addr, i32 %zext_ln119_cast" [mmult_accel.cpp:120]   --->   Operation 66 'readreq' 'empty' <Predicate = (or_ln119)> <Delay = 7.30> <CoreInst = "m_axi">   --->   Core 121 'm_axi' <Latency = 0> <II = 1> <Delay = 1.00> <Adapter> <Opcode : 'read' 'write' 'readreq' 'writereq' 'writeresp'>

State 6 <SV = 5> <Delay = 7.30>
ST_6 : Operation 67 [4/7] (7.30ns)   --->   "%empty = readreq i1 @_ssdm_op_ReadReq.m_axi.p1i8, i64 %gmemB_addr, i32 %zext_ln119_cast" [mmult_accel.cpp:120]   --->   Operation 67 'readreq' 'empty' <Predicate = (or_ln119)> <Delay = 7.30> <CoreInst = "m_axi">   --->   Core 121 'm_axi' <Latency = 0> <II = 1> <Delay = 1.00> <Adapter> <Opcode : 'read' 'write' 'readreq' 'writereq' 'writeresp'>

State 7 <SV = 6> <Delay = 7.30>
ST_7 : Operation 68 [3/7] (7.30ns)   --->   "%empty = readreq i1 @_ssdm_op_ReadReq.m_axi.p1i8, i64 %gmemB_addr, i32 %zext_ln119_cast" [mmult_accel.cpp:120]   --->   Operation 68 'readreq' 'empty' <Predicate = (or_ln119)> <Delay = 7.30> <CoreInst = "m_axi">   --->   Core 121 'm_axi' <Latency = 0> <II = 1> <Delay = 1.00> <Adapter> <Opcode : 'read' 'write' 'readreq' 'writereq' 'writeresp'>

State 8 <SV = 7> <Delay = 7.30>
ST_8 : Operation 69 [2/7] (7.30ns)   --->   "%empty = readreq i1 @_ssdm_op_ReadReq.m_axi.p1i8, i64 %gmemB_addr, i32 %zext_ln119_cast" [mmult_accel.cpp:120]   --->   Operation 69 'readreq' 'empty' <Predicate = (or_ln119)> <Delay = 7.30> <CoreInst = "m_axi">   --->   Core 121 'm_axi' <Latency = 0> <II = 1> <Delay = 1.00> <Adapter> <Opcode : 'read' 'write' 'readreq' 'writereq' 'writeresp'>

State 9 <SV = 8> <Delay = 7.30>
ST_9 : Operation 70 [1/7] (7.30ns)   --->   "%empty = readreq i1 @_ssdm_op_ReadReq.m_axi.p1i8, i64 %gmemB_addr, i32 %zext_ln119_cast" [mmult_accel.cpp:120]   --->   Operation 70 'readreq' 'empty' <Predicate = (or_ln119)> <Delay = 7.30> <CoreInst = "m_axi">   --->   Core 121 'm_axi' <Latency = 0> <II = 1> <Delay = 1.00> <Adapter> <Opcode : 'read' 'write' 'readreq' 'writereq' 'writeresp'>
ST_9 : Operation 71 [1/1] (0.00ns)   --->   "%br_ln120 = br void %for.inc36.split" [mmult_accel.cpp:120]   --->   Operation 71 'br' 'br_ln120' <Predicate = (or_ln119)> <Delay = 0.00>

State 10 <SV = 9> <Delay = 7.30>
ST_10 : Operation 72 [1/1] (7.30ns)   --->   "%gmemB_addr_1_read = read i8 @_ssdm_op_Read.m_axi.p1i8, i64 %gmemB_addr_1" [mmult_accel.cpp:122]   --->   Operation 72 'read' 'gmemB_addr_1_read' <Predicate = (!icmp_ln119)> <Delay = 7.30> <CoreInst = "m_axi">   --->   Core 121 'm_axi' <Latency = 0> <II = 1> <Delay = 1.00> <Adapter> <Opcode : 'read' 'write' 'readreq' 'writereq' 'writeresp'>
ST_10 : Operation 76 [1/1] (0.00ns)   --->   "%ret_ln0 = ret"   --->   Operation 76 'ret' 'ret_ln0' <Predicate = (icmp_ln119)> <Delay = 0.00>

State 11 <SV = 10> <Delay = 1.23>
ST_11 : Operation 73 [1/1] (0.00ns)   --->   "%specpipeline_ln121 = specpipeline void @_ssdm_op_SpecPipeline, i32 1, i32 0, i32 0, i32 0, void @empty_17" [mmult_accel.cpp:121]   --->   Operation 73 'specpipeline' 'specpipeline_ln121' <Predicate = (!icmp_ln119)> <Delay = 0.00>
ST_11 : Operation 74 [1/1] (0.00ns)   --->   "%specloopname_ln120 = specloopname void @_ssdm_op_SpecLoopName, void @empty_18" [mmult_accel.cpp:120]   --->   Operation 74 'specloopname' 'specloopname_ln120' <Predicate = (!icmp_ln119)> <Delay = 0.00>
ST_11 : Operation 75 [1/1] (1.23ns)   --->   "%store_ln122 = store i8 %gmemB_addr_1_read, i18 %B_bram_addr" [mmult_accel.cpp:122]   --->   Operation 75 'store' 'store_ln122' <Predicate = (!icmp_ln119)> <Delay = 1.23> <CoreInst = "RAM_2P_BRAM">   --->   Core 94 'RAM_2P_BRAM' <Latency = 1> <II = 1> <Delay = 1.23> <Storage> <Opcode : 'load' 'store'> <Ports = 2> <Width = 8> <Depth = 196608> <RAM>


============================================================
+ Verbose Summary: Binding
============================================================
STG Binding: 
---------------- STG Properties BEGIN ----------------
- Is combinational: 0
- Is one-state seq: 0
- Is datapath-only: 0
- Is pipelined: 0
- Is top level: 0
Port [ Return ] is wired: 1; IO mode=ap_ctrl_hs:ce=0
Port [ gmemB]:  wired=1; compound=1; hidden=0; nouse=0; global=0; static=0; extern=0; dir=0; type=4; pingpong=0; private_global=0; IO mode=m_axi:ce=0
Port [ current_block_M]:  wired=1; compound=0; hidden=0; nouse=0; global=0; static=0; extern=0; dir=0; type=0; pingpong=0; private_global=0; IO mode=ap_none:ce=0
Port [ mul_ln110]:  wired=1; compound=0; hidden=0; nouse=0; global=0; static=0; extern=0; dir=0; type=0; pingpong=0; private_global=0; IO mode=ap_none:ce=0
Port [ zext_ln119]:  wired=1; compound=0; hidden=0; nouse=0; global=0; static=0; extern=0; dir=0; type=0; pingpong=0; private_global=0; IO mode=ap_none:ce=0
Port [ zext_ln110]:  wired=1; compound=0; hidden=0; nouse=0; global=0; static=0; extern=0; dir=0; type=0; pingpong=0; private_global=0; IO mode=ap_none:ce=0
Port [ B]:  wired=1; compound=0; hidden=0; nouse=0; global=0; static=0; extern=0; dir=0; type=0; pingpong=0; private_global=0; IO mode=ap_none:ce=0
Port [ j_block]:  wired=1; compound=0; hidden=0; nouse=0; global=0; static=0; extern=0; dir=0; type=0; pingpong=0; private_global=0; IO mode=ap_none:ce=0
Port [ B_bram]:  wired=1; compound=1; hidden=0; nouse=0; global=0; static=0; extern=0; dir=1; type=1; pingpong=0; private_global=0; MemPort=[30]; IO mode=ap_memory:ce=0
---------------- STG Properties END ------------------

---------------- Datapath Model BEGIN ----------------

<LifeTime>
<method=bitvector/>
j                     (alloca        ) [ 011000000000]
k_1                   (alloca        ) [ 011000000000]
indvar_flatten17      (alloca        ) [ 011000000000]
j_block_read          (read          ) [ 011000000000]
B_read                (read          ) [ 011000000000]
zext_ln110_read       (read          ) [ 000000000000]
zext_ln119_read       (read          ) [ 000000000000]
mul_ln110_read        (read          ) [ 011000000000]
current_block_M_read  (read          ) [ 011000000000]
zext_ln110_cast       (zext          ) [ 011000000000]
zext_ln119_cast       (zext          ) [ 011111111100]
specmemcore_ln0       (specmemcore   ) [ 000000000000]
specinterface_ln0     (specinterface ) [ 000000000000]
store_ln0             (store         ) [ 000000000000]
store_ln0             (store         ) [ 000000000000]
store_ln0             (store         ) [ 000000000000]
br_ln0                (br            ) [ 011000000000]
first_iter_0          (phi           ) [ 011000000000]
j_1                   (load          ) [ 000000000000]
indvar_flatten17_load (load          ) [ 000000000000]
specbitsmap_ln0       (specbitsmap   ) [ 000000000000]
zext_ln120            (zext          ) [ 000000000000]
icmp_ln120            (icmp          ) [ 000000000000]
icmp_ln119            (icmp          ) [ 011111111111]
add_ln119_3           (add           ) [ 000000000000]
br_ln119              (br            ) [ 000000000000]
k_1_load              (load          ) [ 000000000000]
add_ln119             (add           ) [ 000000000000]
specloopname_ln0      (specloopname  ) [ 000000000000]
xor_ln119             (xor           ) [ 000000000000]
or_ln119              (or            ) [ 011111111100]
select_ln119          (select        ) [ 000000000000]
select_ln119_1        (select        ) [ 000000000000]
trunc_ln122           (trunc         ) [ 000000000000]
tmp_s                 (bitconcatenate) [ 000000000000]
zext_ln119_1          (zext          ) [ 000000000000]
mul_ln119             (mul           ) [ 000000000000]
zext_ln119_2          (zext          ) [ 000000000000]
add_ln119_1           (add           ) [ 000000000000]
add_ln119_2           (add           ) [ 000000000000]
add_ln122             (add           ) [ 000000000000]
zext_ln122            (zext          ) [ 000000000000]
B_bram_addr           (getelementptr ) [ 010111111111]
br_ln120              (br            ) [ 000000000000]
gmemB_addr            (getelementptr ) [ 010111111100]
gmemB_addr_1          (getelementptr ) [ 010111111110]
add_ln120             (add           ) [ 000000000000]
store_ln120           (store         ) [ 000000000000]
store_ln120           (store         ) [ 000000000000]
store_ln120           (store         ) [ 000000000000]
br_ln120              (br            ) [ 011000000000]
empty                 (readreq       ) [ 000000000000]
br_ln120              (br            ) [ 000000000000]
gmemB_addr_1_read     (read          ) [ 010000000001]
specpipeline_ln121    (specpipeline  ) [ 000000000000]
specloopname_ln120    (specloopname  ) [ 000000000000]
store_ln122           (store         ) [ 000000000000]
ret_ln0               (ret           ) [ 000000000000]
</LifeTime>

<model>

<comp_list>
<comp id="0" class="1000" name="gmemB">
<pin_list>
<pin id="1" dir="1" index="0" bw="1" slack="0"/>
</pin_list>
<bind>
<StgValue><ssdm name="gmemB"/></StgValue>
</bind>
</comp>

<comp id="2" class="1000" name="current_block_M">
<pin_list>
<pin id="3" dir="1" index="0" bw="1" slack="0"/>
</pin_list>
<bind>
<StgValue><ssdm name="current_block_M"/></StgValue>
</bind>
</comp>

<comp id="4" class="1000" name="mul_ln110">
<pin_list>
<pin id="5" dir="1" index="0" bw="1" slack="0"/>
</pin_list>
<bind>
<StgValue><ssdm name="mul_ln110"/></StgValue>
</bind>
</comp>

<comp id="6" class="1000" name="zext_ln119">
<pin_list>
<pin id="7" dir="1" index="0" bw="1" slack="0"/>
</pin_list>
<bind>
<StgValue><ssdm name="zext_ln119"/></StgValue>
</bind>
</comp>

<comp id="8" class="1000" name="zext_ln110">
<pin_list>
<pin id="9" dir="1" index="0" bw="1" slack="0"/>
</pin_list>
<bind>
<StgValue><ssdm name="zext_ln110"/></StgValue>
</bind>
</comp>

<comp id="10" class="1000" name="B">
<pin_list>
<pin id="11" dir="1" index="0" bw="1" slack="0"/>
</pin_list>
<bind>
<StgValue><ssdm name="B"/></StgValue>
</bind>
</comp>

<comp id="12" class="1000" name="j_block">
<pin_list>
<pin id="13" dir="1" index="0" bw="1" slack="0"/>
</pin_list>
<bind>
<StgValue><ssdm name="j_block"/></StgValue>
</bind>
</comp>

<comp id="14" class="1000" name="B_bram">
<pin_list>
<pin id="15" dir="1" index="0" bw="1" slack="0"/>
</pin_list>
<bind>
<StgValue><ssdm name="B_bram"/><MemPortTyVec>3 0 </MemPortTyVec>
</StgValue>
</bind>
</comp>

<comp id="16" class="1001" name="const_16">
<pin_list>
<pin id="17" dir="1" index="0" bw="1" slack="0"/>
</pin_list>
<bind>
<StgValue><ssdm name=""/></StgValue>
</bind>
</comp>

<comp id="18" class="1001" name="const_18">
<pin_list>
<pin id="19" dir="1" index="0" bw="1" slack="0"/>
</pin_list>
<bind>
<StgValue><ssdm name="_ssdm_op_Read.ap_auto.i64"/></StgValue>
</bind>
</comp>

<comp id="20" class="1001" name="const_20">
<pin_list>
<pin id="21" dir="1" index="0" bw="1" slack="0"/>
</pin_list>
<bind>
<StgValue><ssdm name="_ssdm_op_Read.ap_auto.i32"/></StgValue>
</bind>
</comp>

<comp id="22" class="1001" name="const_22">
<pin_list>
<pin id="23" dir="1" index="0" bw="1" slack="0"/>
</pin_list>
<bind>
<StgValue><ssdm name="_ssdm_op_Read.ap_auto.i31"/></StgValue>
</bind>
</comp>

<comp id="24" class="1001" name="const_24">
<pin_list>
<pin id="25" dir="1" index="0" bw="1" slack="2147483647"/>
</pin_list>
<bind>
<StgValue><ssdm name="_ssdm_op_SpecMemCore"/></StgValue>
</bind>
</comp>

<comp id="26" class="1001" name="const_26">
<pin_list>
<pin id="27" dir="1" index="0" bw="1" slack="2147483647"/>
</pin_list>
<bind>
<StgValue><ssdm name=""/></StgValue>
</bind>
</comp>

<comp id="28" class="1001" name="const_28">
<pin_list>
<pin id="29" dir="1" index="0" bw="1" slack="2147483647"/>
</pin_list>
<bind>
<StgValue><ssdm name=""/></StgValue>
</bind>
</comp>

<comp id="30" class="1001" name="const_30">
<pin_list>
<pin id="31" dir="1" index="0" bw="1" slack="2147483647"/>
</pin_list>
<bind>
<StgValue><ssdm name=""/></StgValue>
</bind>
</comp>

<comp id="32" class="1001" name="const_32">
<pin_list>
<pin id="33" dir="1" index="0" bw="1" slack="2147483647"/>
</pin_list>
<bind>
<StgValue><ssdm name="_ssdm_op_SpecInterface"/></StgValue>
</bind>
</comp>

<comp id="34" class="1001" name="const_34">
<pin_list>
<pin id="35" dir="1" index="0" bw="1" slack="2147483647"/>
</pin_list>
<bind>
<StgValue><ssdm name="empty_16"/></StgValue>
</bind>
</comp>

<comp id="36" class="1001" name="const_36">
<pin_list>
<pin id="37" dir="1" index="0" bw="1" slack="2147483647"/>
</pin_list>
<bind>
<StgValue><ssdm name=""/></StgValue>
</bind>
</comp>

<comp id="38" class="1001" name="const_38">
<pin_list>
<pin id="39" dir="1" index="0" bw="1" slack="2147483647"/>
</pin_list>
<bind>
<StgValue><ssdm name="empty_17"/></StgValue>
</bind>
</comp>

<comp id="40" class="1001" name="const_40">
<pin_list>
<pin id="41" dir="1" index="0" bw="1" slack="2147483647"/>
</pin_list>
<bind>
<StgValue><ssdm name=""/></StgValue>
</bind>
</comp>

<comp id="42" class="1001" name="const_42">
<pin_list>
<pin id="43" dir="1" index="0" bw="1" slack="2147483647"/>
</pin_list>
<bind>
<StgValue><ssdm name="empty_20"/></StgValue>
</bind>
</comp>

<comp id="44" class="1001" name="const_44">
<pin_list>
<pin id="45" dir="1" index="0" bw="1" slack="2147483647"/>
</pin_list>
<bind>
<StgValue><ssdm name="empty_19"/></StgValue>
</bind>
</comp>

<comp id="46" class="1001" name="const_46">
<pin_list>
<pin id="47" dir="1" index="0" bw="1" slack="2147483647"/>
</pin_list>
<bind>
<StgValue><ssdm name=""/></StgValue>
</bind>
</comp>

<comp id="48" class="1001" name="const_48">
<pin_list>
<pin id="49" dir="1" index="0" bw="1" slack="2147483647"/>
</pin_list>
<bind>
<StgValue><ssdm name=""/></StgValue>
</bind>
</comp>

<comp id="50" class="1001" name="const_50">
<pin_list>
<pin id="51" dir="1" index="0" bw="1" slack="0"/>
</pin_list>
<bind>
<StgValue><ssdm name=""/></StgValue>
</bind>
</comp>

<comp id="52" class="1001" name="const_52">
<pin_list>
<pin id="53" dir="1" index="0" bw="1" slack="0"/>
</pin_list>
<bind>
<StgValue><ssdm name=""/></StgValue>
</bind>
</comp>

<comp id="54" class="1001" name="const_54">
<pin_list>
<pin id="55" dir="1" index="0" bw="1" slack="0"/>
</pin_list>
<bind>
<StgValue><ssdm name=""/></StgValue>
</bind>
</comp>

<comp id="56" class="1001" name="const_56">
<pin_list>
<pin id="57" dir="1" index="0" bw="1" slack="0"/>
</pin_list>
<bind>
<StgValue><ssdm name=""/></StgValue>
</bind>
</comp>

<comp id="58" class="1001" name="const_58">
<pin_list>
<pin id="59" dir="1" index="0" bw="1" slack="0"/>
</pin_list>
<bind>
<StgValue><ssdm name=""/></StgValue>
</bind>
</comp>

<comp id="60" class="1001" name="const_60">
<pin_list>
<pin id="61" dir="1" index="0" bw="1" slack="2147483647"/>
</pin_list>
<bind>
<StgValue><ssdm name="_ssdm_op_SpecBitsMap"/></StgValue>
</bind>
</comp>

<comp id="62" class="1001" name="const_62">
<pin_list>
<pin id="63" dir="1" index="0" bw="1" slack="0"/>
</pin_list>
<bind>
<StgValue><ssdm name=""/></StgValue>
</bind>
</comp>

<comp id="64" class="1001" name="const_64">
<pin_list>
<pin id="65" dir="1" index="0" bw="1" slack="0"/>
</pin_list>
<bind>
<StgValue><ssdm name=""/></StgValue>
</bind>
</comp>

<comp id="66" class="1001" name="const_66">
<pin_list>
<pin id="67" dir="1" index="0" bw="1" slack="2147483647"/>
</pin_list>
<bind>
<StgValue><ssdm name="_ssdm_op_SpecLoopName"/></StgValue>
</bind>
</comp>

<comp id="68" class="1001" name="const_68">
<pin_list>
<pin id="69" dir="1" index="0" bw="1" slack="2147483647"/>
</pin_list>
<bind>
<StgValue><ssdm name="copy_B_block_VITIS_LOOP_120_2_str"/></StgValue>
</bind>
</comp>

<comp id="70" class="1001" name="const_70">
<pin_list>
<pin id="71" dir="1" index="0" bw="1" slack="0"/>
</pin_list>
<bind>
<StgValue><ssdm name="_ssdm_op_BitConcatenate.i18.i10.i8"/></StgValue>
</bind>
</comp>

<comp id="72" class="1001" name="const_72">
<pin_list>
<pin id="73" dir="1" index="0" bw="1" slack="0"/>
</pin_list>
<bind>
<StgValue><ssdm name=""/></StgValue>
</bind>
</comp>

<comp id="74" class="1001" name="const_74">
<pin_list>
<pin id="75" dir="1" index="0" bw="1" slack="0"/>
</pin_list>
<bind>
<StgValue><ssdm name=""/></StgValue>
</bind>
</comp>

<comp id="76" class="1001" name="const_76">
<pin_list>
<pin id="77" dir="1" index="0" bw="1" slack="0"/>
</pin_list>
<bind>
<StgValue><ssdm name="_ssdm_op_ReadReq.m_axi.p1i8"/></StgValue>
</bind>
</comp>

<comp id="78" class="1001" name="const_78">
<pin_list>
<pin id="79" dir="1" index="0" bw="1" slack="0"/>
</pin_list>
<bind>
<StgValue><ssdm name="_ssdm_op_Read.m_axi.p1i8"/></StgValue>
</bind>
</comp>

<comp id="80" class="1001" name="const_80">
<pin_list>
<pin id="81" dir="1" index="0" bw="1" slack="2147483647"/>
</pin_list>
<bind>
<StgValue><ssdm name="_ssdm_op_SpecPipeline"/></StgValue>
</bind>
</comp>

<comp id="82" class="1001" name="const_82">
<pin_list>
<pin id="83" dir="1" index="0" bw="1" slack="2147483647"/>
</pin_list>
<bind>
<StgValue><ssdm name="empty_18"/></StgValue>
</bind>
</comp>

<comp id="84" class="1004" name="j_fu_84">
<pin_list>
<pin id="85" dir="0" index="0" bw="1" slack="0"/>
<pin id="86" dir="1" index="1" bw="18" slack="0"/>
</pin_list>
<bind>
<opcode="alloca(26) " fcode="alloca"/>
<opset="j/1 "/>
</bind>
</comp>

<comp id="88" class="1004" name="k_1_fu_88">
<pin_list>
<pin id="89" dir="0" index="0" bw="1" slack="0"/>
<pin id="90" dir="1" index="1" bw="31" slack="0"/>
</pin_list>
<bind>
<opcode="alloca(26) " fcode="alloca"/>
<opset="k_1/1 "/>
</bind>
</comp>

<comp id="92" class="1004" name="indvar_flatten17_fu_92">
<pin_list>
<pin id="93" dir="0" index="0" bw="1" slack="0"/>
<pin id="94" dir="1" index="1" bw="64" slack="0"/>
</pin_list>
<bind>
<opcode="alloca(26) " fcode="alloca"/>
<opset="indvar_flatten17/1 "/>
</bind>
</comp>

<comp id="96" class="1004" name="j_block_read_read_fu_96">
<pin_list>
<pin id="97" dir="0" index="0" bw="64" slack="0"/>
<pin id="98" dir="0" index="1" bw="64" slack="0"/>
<pin id="99" dir="1" index="2" bw="64" slack="1"/>
</pin_list>
<bind>
<opcode="read(1150) " fcode="read"/>
<opset="j_block_read/1 "/>
</bind>
</comp>

<comp id="102" class="1004" name="B_read_read_fu_102">
<pin_list>
<pin id="103" dir="0" index="0" bw="64" slack="0"/>
<pin id="104" dir="0" index="1" bw="64" slack="0"/>
<pin id="105" dir="1" index="2" bw="64" slack="1"/>
</pin_list>
<bind>
<opcode="read(1150) " fcode="read"/>
<opset="B_read/1 "/>
</bind>
</comp>

<comp id="108" class="1004" name="zext_ln110_read_read_fu_108">
<pin_list>
<pin id="109" dir="0" index="0" bw="32" slack="0"/>
<pin id="110" dir="0" index="1" bw="32" slack="0"/>
<pin id="111" dir="1" index="2" bw="32" slack="0"/>
</pin_list>
<bind>
<opcode="read(1150) " fcode="read"/>
<opset="zext_ln110_read/1 "/>
</bind>
</comp>

<comp id="114" class="1004" name="zext_ln119_read_read_fu_114">
<pin_list>
<pin id="115" dir="0" index="0" bw="31" slack="0"/>
<pin id="116" dir="0" index="1" bw="31" slack="0"/>
<pin id="117" dir="1" index="2" bw="31" slack="0"/>
</pin_list>
<bind>
<opcode="read(1150) " fcode="read"/>
<opset="zext_ln119_read/1 "/>
</bind>
</comp>

<comp id="120" class="1004" name="mul_ln110_read_read_fu_120">
<pin_list>
<pin id="121" dir="0" index="0" bw="64" slack="0"/>
<pin id="122" dir="0" index="1" bw="64" slack="0"/>
<pin id="123" dir="1" index="2" bw="64" slack="1"/>
</pin_list>
<bind>
<opcode="read(1150) " fcode="read"/>
<opset="mul_ln110_read/1 "/>
</bind>
</comp>

<comp id="126" class="1004" name="current_block_M_read_read_fu_126">
<pin_list>
<pin id="127" dir="0" index="0" bw="32" slack="0"/>
<pin id="128" dir="0" index="1" bw="32" slack="0"/>
<pin id="129" dir="1" index="2" bw="32" slack="1"/>
</pin_list>
<bind>
<opcode="read(1150) " fcode="read"/>
<opset="current_block_M_read/1 "/>
</bind>
</comp>

<comp id="132" class="1004" name="grp_readreq_fu_132">
<pin_list>
<pin id="133" dir="0" index="0" bw="1" slack="0"/>
<pin id="134" dir="0" index="1" bw="8" slack="1"/>
<pin id="135" dir="0" index="2" bw="31" slack="2"/>
<pin id="136" dir="1" index="3" bw="1" slack="2147483647"/>
</pin_list>
<bind>
<opcode="readreq(1154) " fcode="readreq"/>
<opset="empty/3 "/>
</bind>
</comp>

<comp id="138" class="1004" name="gmemB_addr_1_read_read_fu_138">
<pin_list>
<pin id="139" dir="0" index="0" bw="8" slack="0"/>
<pin id="140" dir="0" index="1" bw="8" slack="8"/>
<pin id="141" dir="1" index="2" bw="8" slack="1"/>
</pin_list>
<bind>
<opcode="read(1150) " fcode="read"/>
<opset="gmemB_addr_1_read/10 "/>
</bind>
</comp>

<comp id="143" class="1004" name="B_bram_addr_gep_fu_143">
<pin_list>
<pin id="144" dir="0" index="0" bw="8" slack="0"/>
<pin id="145" dir="0" index="1" bw="1" slack="0"/>
<pin id="146" dir="0" index="2" bw="18" slack="0"/>
<pin id="147" dir="1" index="3" bw="18" slack="9"/>
</pin_list>
<bind>
<opcode="getelementptr(29) " fcode="getelementptr"/>
<opset="B_bram_addr/2 "/>
</bind>
</comp>

<comp id="150" class="1004" name="store_ln122_access_fu_150">
<pin_list>
<pin id="151" dir="0" index="0" bw="18" slack="2147483647"/>
<pin id="152" dir="0" index="1" bw="8" slack="2147483647"/>
<pin id="153" dir="0" index="2" bw="0" slack="9"/>
<pin id="155" dir="0" index="4" bw="18" slack="1"/>
<pin id="156" dir="0" index="5" bw="8" slack="2147483647"/>
<pin id="157" dir="0" index="6" bw="0" slack="2147483647"/>
<pin id="154" dir="1" index="3" bw="8" slack="2147483647"/>
<pin id="158" dir="1" index="7" bw="8" slack="2147483647"/>
</pin_list>
<bind>
<opcode="store(28) " fcode="store"/>
<opset="store_ln122/11 "/>
</bind>
</comp>

<comp id="159" class="1005" name="first_iter_0_reg_159">
<pin_list>
<pin id="160" dir="0" index="0" bw="1" slack="1"/>
<pin id="161" dir="1" index="1" bw="1" slack="1"/>
</pin_list>
<bind>
<opset="first_iter_0 (phireg) "/>
</bind>
</comp>

<comp id="163" class="1004" name="first_iter_0_phi_fu_163">
<pin_list>
<pin id="164" dir="0" index="0" bw="1" slack="1"/>
<pin id="165" dir="0" index="1" bw="0" slack="2147483647"/>
<pin id="166" dir="0" index="2" bw="1" slack="0"/>
<pin id="167" dir="0" index="3" bw="0" slack="2147483647"/>
<pin id="168" dir="1" index="4" bw="1" slack="0"/>
</pin_list>
<bind>
<opcode="phi(47) " fcode="phi"/>
<opset="first_iter_0/2 "/>
</bind>
</comp>

<comp id="171" class="1004" name="zext_ln110_cast_fu_171">
<pin_list>
<pin id="172" dir="0" index="0" bw="32" slack="0"/>
<pin id="173" dir="1" index="1" bw="63" slack="1"/>
</pin_list>
<bind>
<opcode="zext(34) " fcode="zext"/>
<opset="zext_ln110_cast/1 "/>
</bind>
</comp>

<comp id="175" class="1004" name="zext_ln119_cast_fu_175">
<pin_list>
<pin id="176" dir="0" index="0" bw="31" slack="0"/>
<pin id="177" dir="1" index="1" bw="32" slack="2"/>
</pin_list>
<bind>
<opcode="zext(34) " fcode="zext"/>
<opset="zext_ln119_cast/1 "/>
</bind>
</comp>

<comp id="179" class="1004" name="store_ln0_store_fu_179">
<pin_list>
<pin id="180" dir="0" index="0" bw="1" slack="0"/>
<pin id="181" dir="0" index="1" bw="64" slack="0"/>
<pin id="182" dir="1" index="2" bw="0" slack="2147483647"/>
</pin_list>
<bind>
<opcode="store(28) " fcode="store"/>
<opset="store_ln0/1 "/>
</bind>
</comp>

<comp id="184" class="1004" name="store_ln0_store_fu_184">
<pin_list>
<pin id="185" dir="0" index="0" bw="1" slack="0"/>
<pin id="186" dir="0" index="1" bw="31" slack="0"/>
<pin id="187" dir="1" index="2" bw="0" slack="2147483647"/>
</pin_list>
<bind>
<opcode="store(28) " fcode="store"/>
<opset="store_ln0/1 "/>
</bind>
</comp>

<comp id="189" class="1004" name="store_ln0_store_fu_189">
<pin_list>
<pin id="190" dir="0" index="0" bw="1" slack="0"/>
<pin id="191" dir="0" index="1" bw="18" slack="0"/>
<pin id="192" dir="1" index="2" bw="0" slack="2147483647"/>
</pin_list>
<bind>
<opcode="store(28) " fcode="store"/>
<opset="store_ln0/1 "/>
</bind>
</comp>

<comp id="194" class="1004" name="j_1_load_fu_194">
<pin_list>
<pin id="195" dir="0" index="0" bw="18" slack="1"/>
<pin id="196" dir="1" index="1" bw="18" slack="0"/>
</pin_list>
<bind>
<opcode="load(27) " fcode="load"/>
<opset="j_1/2 "/>
</bind>
</comp>

<comp id="197" class="1004" name="indvar_flatten17_load_load_fu_197">
<pin_list>
<pin id="198" dir="0" index="0" bw="64" slack="1"/>
<pin id="199" dir="1" index="1" bw="64" slack="0"/>
</pin_list>
<bind>
<opcode="load(27) " fcode="load"/>
<opset="indvar_flatten17_load/2 "/>
</bind>
</comp>

<comp id="200" class="1004" name="zext_ln120_fu_200">
<pin_list>
<pin id="201" dir="0" index="0" bw="18" slack="0"/>
<pin id="202" dir="1" index="1" bw="32" slack="0"/>
</pin_list>
<bind>
<opcode="zext(34) " fcode="zext"/>
<opset="zext_ln120/2 "/>
</bind>
</comp>

<comp id="204" class="1004" name="icmp_ln120_fu_204">
<pin_list>
<pin id="205" dir="0" index="0" bw="32" slack="0"/>
<pin id="206" dir="0" index="1" bw="32" slack="1"/>
<pin id="207" dir="1" index="2" bw="1" slack="0"/>
</pin_list>
<bind>
<opcode="icmp(45) " fcode="icmp"/>
<opset="icmp_ln120/2 "/>
</bind>
</comp>

<comp id="209" class="1004" name="icmp_ln119_fu_209">
<pin_list>
<pin id="210" dir="0" index="0" bw="64" slack="0"/>
<pin id="211" dir="0" index="1" bw="64" slack="1"/>
<pin id="212" dir="1" index="2" bw="1" slack="1"/>
</pin_list>
<bind>
<opcode="icmp(45) " fcode="icmp"/>
<opset="icmp_ln119/2 "/>
</bind>
</comp>

<comp id="214" class="1004" name="add_ln119_3_fu_214">
<pin_list>
<pin id="215" dir="0" index="0" bw="64" slack="0"/>
<pin id="216" dir="0" index="1" bw="1" slack="0"/>
<pin id="217" dir="1" index="2" bw="64" slack="0"/>
</pin_list>
<bind>
<opcode="add(8) " fcode="add"/>
<opset="add_ln119_3/2 "/>
</bind>
</comp>

<comp id="220" class="1004" name="k_1_load_load_fu_220">
<pin_list>
<pin id="221" dir="0" index="0" bw="31" slack="1"/>
<pin id="222" dir="1" index="1" bw="31" slack="0"/>
</pin_list>
<bind>
<opcode="load(27) " fcode="load"/>
<opset="k_1_load/2 "/>
</bind>
</comp>

<comp id="223" class="1004" name="add_ln119_fu_223">
<pin_list>
<pin id="224" dir="0" index="0" bw="31" slack="0"/>
<pin id="225" dir="0" index="1" bw="1" slack="0"/>
<pin id="226" dir="1" index="2" bw="31" slack="0"/>
</pin_list>
<bind>
<opcode="add(8) " fcode="add"/>
<opset="add_ln119/2 "/>
</bind>
</comp>

<comp id="229" class="1004" name="xor_ln119_fu_229">
<pin_list>
<pin id="230" dir="0" index="0" bw="1" slack="0"/>
<pin id="231" dir="0" index="1" bw="1" slack="0"/>
<pin id="232" dir="1" index="2" bw="1" slack="0"/>
</pin_list>
<bind>
<opcode="xor(25) " fcode="xor"/>
<opset="xor_ln119/2 "/>
</bind>
</comp>

<comp id="235" class="1004" name="or_ln119_fu_235">
<pin_list>
<pin id="236" dir="0" index="0" bw="1" slack="0"/>
<pin id="237" dir="0" index="1" bw="1" slack="0"/>
<pin id="238" dir="1" index="2" bw="1" slack="1"/>
</pin_list>
<bind>
<opcode="or(24) " fcode="or"/>
<opset="or_ln119/2 "/>
</bind>
</comp>

<comp id="241" class="1004" name="select_ln119_fu_241">
<pin_list>
<pin id="242" dir="0" index="0" bw="1" slack="0"/>
<pin id="243" dir="0" index="1" bw="18" slack="0"/>
<pin id="244" dir="0" index="2" bw="18" slack="0"/>
<pin id="245" dir="1" index="3" bw="18" slack="0"/>
</pin_list>
<bind>
<opcode="select(49) " fcode="select"/>
<opset="select_ln119/2 "/>
</bind>
</comp>

<comp id="249" class="1004" name="select_ln119_1_fu_249">
<pin_list>
<pin id="250" dir="0" index="0" bw="1" slack="0"/>
<pin id="251" dir="0" index="1" bw="31" slack="0"/>
<pin id="252" dir="0" index="2" bw="31" slack="0"/>
<pin id="253" dir="1" index="3" bw="31" slack="0"/>
</pin_list>
<bind>
<opcode="select(49) " fcode="select"/>
<opset="select_ln119_1/2 "/>
</bind>
</comp>

<comp id="257" class="1004" name="trunc_ln122_fu_257">
<pin_list>
<pin id="258" dir="0" index="0" bw="31" slack="0"/>
<pin id="259" dir="1" index="1" bw="10" slack="0"/>
</pin_list>
<bind>
<opcode="trunc(33) " fcode="trunc"/>
<opset="trunc_ln122/2 "/>
</bind>
</comp>

<comp id="261" class="1004" name="tmp_s_fu_261">
<pin_list>
<pin id="262" dir="0" index="0" bw="18" slack="0"/>
<pin id="263" dir="0" index="1" bw="10" slack="0"/>
<pin id="264" dir="0" index="2" bw="1" slack="0"/>
<pin id="265" dir="1" index="3" bw="18" slack="0"/>
</pin_list>
<bind>
<opcode="bitconcatenate(1004) " fcode="bitconcatenate"/>
<opset="tmp_s/2 "/>
</bind>
</comp>

<comp id="269" class="1004" name="zext_ln119_1_fu_269">
<pin_list>
<pin id="270" dir="0" index="0" bw="31" slack="0"/>
<pin id="271" dir="1" index="1" bw="63" slack="0"/>
</pin_list>
<bind>
<opcode="zext(34) " fcode="zext"/>
<opset="zext_ln119_1/2 "/>
</bind>
</comp>

<comp id="273" class="1004" name="mul_ln119_fu_273">
<pin_list>
<pin id="274" dir="0" index="0" bw="31" slack="0"/>
<pin id="275" dir="0" index="1" bw="32" slack="1"/>
<pin id="276" dir="1" index="2" bw="63" slack="0"/>
</pin_list>
<bind>
<opcode="mul(12) " fcode="mul"/>
<opset="mul_ln119/2 "/>
</bind>
</comp>

<comp id="278" class="1004" name="zext_ln119_2_fu_278">
<pin_list>
<pin id="279" dir="0" index="0" bw="63" slack="0"/>
<pin id="280" dir="1" index="1" bw="64" slack="0"/>
</pin_list>
<bind>
<opcode="zext(34) " fcode="zext"/>
<opset="zext_ln119_2/2 "/>
</bind>
</comp>

<comp id="282" class="1004" name="add_ln119_1_fu_282">
<pin_list>
<pin id="283" dir="0" index="0" bw="63" slack="0"/>
<pin id="284" dir="0" index="1" bw="64" slack="1"/>
<pin id="285" dir="1" index="2" bw="64" slack="0"/>
</pin_list>
<bind>
<opcode="add(8) " fcode="add"/>
<opset="add_ln119_1/2 "/>
</bind>
</comp>

<comp id="287" class="1004" name="add_ln119_2_fu_287">
<pin_list>
<pin id="288" dir="0" index="0" bw="64" slack="0"/>
<pin id="289" dir="0" index="1" bw="64" slack="1"/>
<pin id="290" dir="1" index="2" bw="64" slack="0"/>
</pin_list>
<bind>
<opcode="add(8) " fcode="add"/>
<opset="add_ln119_2/2 "/>
</bind>
</comp>

<comp id="292" class="1004" name="add_ln122_fu_292">
<pin_list>
<pin id="293" dir="0" index="0" bw="18" slack="0"/>
<pin id="294" dir="0" index="1" bw="18" slack="0"/>
<pin id="295" dir="1" index="2" bw="18" slack="0"/>
</pin_list>
<bind>
<opcode="add(8) " fcode="add"/>
<opset="add_ln122/2 "/>
</bind>
</comp>

<comp id="298" class="1004" name="zext_ln122_fu_298">
<pin_list>
<pin id="299" dir="0" index="0" bw="18" slack="0"/>
<pin id="300" dir="1" index="1" bw="64" slack="0"/>
</pin_list>
<bind>
<opcode="zext(34) " fcode="zext"/>
<opset="zext_ln122/2 "/>
</bind>
</comp>

<comp id="303" class="1004" name="gmemB_addr_fu_303">
<pin_list>
<pin id="304" dir="0" index="0" bw="64" slack="0"/>
<pin id="305" dir="0" index="1" bw="64" slack="0"/>
<pin id="306" dir="1" index="2" bw="64" slack="1"/>
</pin_list>
<bind>
<opcode="getelementptr(29) " fcode="getelementptr"/>
<opset="gmemB_addr/2 "/>
</bind>
</comp>

<comp id="309" class="1004" name="gmemB_addr_1_fu_309">
<pin_list>
<pin id="310" dir="0" index="0" bw="64" slack="0"/>
<pin id="311" dir="0" index="1" bw="64" slack="0"/>
<pin id="312" dir="1" index="2" bw="64" slack="8"/>
</pin_list>
<bind>
<opcode="getelementptr(29) " fcode="getelementptr"/>
<opset="gmemB_addr_1/2 "/>
</bind>
</comp>

<comp id="315" class="1004" name="add_ln120_fu_315">
<pin_list>
<pin id="316" dir="0" index="0" bw="18" slack="0"/>
<pin id="317" dir="0" index="1" bw="1" slack="0"/>
<pin id="318" dir="1" index="2" bw="18" slack="0"/>
</pin_list>
<bind>
<opcode="add(8) " fcode="add"/>
<opset="add_ln120/2 "/>
</bind>
</comp>

<comp id="321" class="1004" name="store_ln120_store_fu_321">
<pin_list>
<pin id="322" dir="0" index="0" bw="64" slack="0"/>
<pin id="323" dir="0" index="1" bw="64" slack="1"/>
<pin id="324" dir="1" index="2" bw="0" slack="2147483647"/>
</pin_list>
<bind>
<opcode="store(28) " fcode="store"/>
<opset="store_ln120/2 "/>
</bind>
</comp>

<comp id="326" class="1004" name="store_ln120_store_fu_326">
<pin_list>
<pin id="327" dir="0" index="0" bw="31" slack="0"/>
<pin id="328" dir="0" index="1" bw="31" slack="1"/>
<pin id="329" dir="1" index="2" bw="0" slack="2147483647"/>
</pin_list>
<bind>
<opcode="store(28) " fcode="store"/>
<opset="store_ln120/2 "/>
</bind>
</comp>

<comp id="331" class="1004" name="store_ln120_store_fu_331">
<pin_list>
<pin id="332" dir="0" index="0" bw="18" slack="0"/>
<pin id="333" dir="0" index="1" bw="18" slack="1"/>
<pin id="334" dir="1" index="2" bw="0" slack="2147483647"/>
</pin_list>
<bind>
<opcode="store(28) " fcode="store"/>
<opset="store_ln120/2 "/>
</bind>
</comp>

<comp id="336" class="1005" name="j_reg_336">
<pin_list>
<pin id="337" dir="0" index="0" bw="18" slack="0"/>
<pin id="338" dir="1" index="1" bw="18" slack="0"/>
</pin_list>
<bind>
<opset="j "/>
</bind>
</comp>

<comp id="343" class="1005" name="k_1_reg_343">
<pin_list>
<pin id="344" dir="0" index="0" bw="31" slack="0"/>
<pin id="345" dir="1" index="1" bw="31" slack="0"/>
</pin_list>
<bind>
<opset="k_1 "/>
</bind>
</comp>

<comp id="350" class="1005" name="indvar_flatten17_reg_350">
<pin_list>
<pin id="351" dir="0" index="0" bw="64" slack="0"/>
<pin id="352" dir="1" index="1" bw="64" slack="0"/>
</pin_list>
<bind>
<opset="indvar_flatten17 "/>
</bind>
</comp>

<comp id="357" class="1005" name="j_block_read_reg_357">
<pin_list>
<pin id="358" dir="0" index="0" bw="64" slack="1"/>
<pin id="359" dir="1" index="1" bw="64" slack="1"/>
</pin_list>
<bind>
<opset="j_block_read "/>
</bind>
</comp>

<comp id="362" class="1005" name="B_read_reg_362">
<pin_list>
<pin id="363" dir="0" index="0" bw="64" slack="1"/>
<pin id="364" dir="1" index="1" bw="64" slack="1"/>
</pin_list>
<bind>
<opset="B_read "/>
</bind>
</comp>

<comp id="367" class="1005" name="mul_ln110_read_reg_367">
<pin_list>
<pin id="368" dir="0" index="0" bw="64" slack="1"/>
<pin id="369" dir="1" index="1" bw="64" slack="1"/>
</pin_list>
<bind>
<opset="mul_ln110_read "/>
</bind>
</comp>

<comp id="372" class="1005" name="current_block_M_read_reg_372">
<pin_list>
<pin id="373" dir="0" index="0" bw="32" slack="1"/>
<pin id="374" dir="1" index="1" bw="32" slack="1"/>
</pin_list>
<bind>
<opset="current_block_M_read "/>
</bind>
</comp>

<comp id="377" class="1005" name="zext_ln110_cast_reg_377">
<pin_list>
<pin id="378" dir="0" index="0" bw="63" slack="1"/>
<pin id="379" dir="1" index="1" bw="63" slack="1"/>
</pin_list>
<bind>
<opset="zext_ln110_cast "/>
</bind>
</comp>

<comp id="382" class="1005" name="zext_ln119_cast_reg_382">
<pin_list>
<pin id="383" dir="0" index="0" bw="32" slack="2"/>
<pin id="384" dir="1" index="1" bw="32" slack="2"/>
</pin_list>
<bind>
<opset="zext_ln119_cast "/>
</bind>
</comp>

<comp id="387" class="1005" name="icmp_ln119_reg_387">
<pin_list>
<pin id="388" dir="0" index="0" bw="1" slack="1"/>
<pin id="389" dir="1" index="1" bw="1" slack="2147483647"/>
</pin_list>
<bind>
<opset="icmp_ln119 "/>
</bind>
</comp>

<comp id="391" class="1005" name="or_ln119_reg_391">
<pin_list>
<pin id="392" dir="0" index="0" bw="1" slack="1"/>
<pin id="393" dir="1" index="1" bw="1" slack="2147483647"/>
</pin_list>
<bind>
<opset="or_ln119 "/>
</bind>
</comp>

<comp id="395" class="1005" name="B_bram_addr_reg_395">
<pin_list>
<pin id="396" dir="0" index="0" bw="18" slack="9"/>
<pin id="397" dir="1" index="1" bw="18" slack="9"/>
</pin_list>
<bind>
<opset="B_bram_addr "/>
</bind>
</comp>

<comp id="400" class="1005" name="gmemB_addr_reg_400">
<pin_list>
<pin id="401" dir="0" index="0" bw="8" slack="1"/>
<pin id="402" dir="1" index="1" bw="8" slack="1"/>
</pin_list>
<bind>
<opset="gmemB_addr "/>
</bind>
</comp>

<comp id="405" class="1005" name="gmemB_addr_1_reg_405">
<pin_list>
<pin id="406" dir="0" index="0" bw="8" slack="8"/>
<pin id="407" dir="1" index="1" bw="8" slack="8"/>
</pin_list>
<bind>
<opset="gmemB_addr_1 "/>
</bind>
</comp>

<comp id="410" class="1005" name="gmemB_addr_1_read_reg_410">
<pin_list>
<pin id="411" dir="0" index="0" bw="8" slack="1"/>
<pin id="412" dir="1" index="1" bw="8" slack="1"/>
</pin_list>
<bind>
<opset="gmemB_addr_1_read "/>
</bind>
</comp>

</comp_list>

<net_list>
<net id="87"><net_src comp="16" pin="0"/><net_sink comp="84" pin=0"/></net>

<net id="91"><net_src comp="16" pin="0"/><net_sink comp="88" pin=0"/></net>

<net id="95"><net_src comp="16" pin="0"/><net_sink comp="92" pin=0"/></net>

<net id="100"><net_src comp="18" pin="0"/><net_sink comp="96" pin=0"/></net>

<net id="101"><net_src comp="12" pin="0"/><net_sink comp="96" pin=1"/></net>

<net id="106"><net_src comp="18" pin="0"/><net_sink comp="102" pin=0"/></net>

<net id="107"><net_src comp="10" pin="0"/><net_sink comp="102" pin=1"/></net>

<net id="112"><net_src comp="20" pin="0"/><net_sink comp="108" pin=0"/></net>

<net id="113"><net_src comp="8" pin="0"/><net_sink comp="108" pin=1"/></net>

<net id="118"><net_src comp="22" pin="0"/><net_sink comp="114" pin=0"/></net>

<net id="119"><net_src comp="6" pin="0"/><net_sink comp="114" pin=1"/></net>

<net id="124"><net_src comp="18" pin="0"/><net_sink comp="120" pin=0"/></net>

<net id="125"><net_src comp="4" pin="0"/><net_sink comp="120" pin=1"/></net>

<net id="130"><net_src comp="20" pin="0"/><net_sink comp="126" pin=0"/></net>

<net id="131"><net_src comp="2" pin="0"/><net_sink comp="126" pin=1"/></net>

<net id="137"><net_src comp="76" pin="0"/><net_sink comp="132" pin=0"/></net>

<net id="142"><net_src comp="78" pin="0"/><net_sink comp="138" pin=0"/></net>

<net id="148"><net_src comp="14" pin="0"/><net_sink comp="143" pin=0"/></net>

<net id="149"><net_src comp="50" pin="0"/><net_sink comp="143" pin=1"/></net>

<net id="162"><net_src comp="56" pin="0"/><net_sink comp="159" pin=0"/></net>

<net id="169"><net_src comp="159" pin="1"/><net_sink comp="163" pin=0"/></net>

<net id="170"><net_src comp="58" pin="0"/><net_sink comp="163" pin=2"/></net>

<net id="174"><net_src comp="108" pin="2"/><net_sink comp="171" pin=0"/></net>

<net id="178"><net_src comp="114" pin="2"/><net_sink comp="175" pin=0"/></net>

<net id="183"><net_src comp="50" pin="0"/><net_sink comp="179" pin=0"/></net>

<net id="188"><net_src comp="52" pin="0"/><net_sink comp="184" pin=0"/></net>

<net id="193"><net_src comp="54" pin="0"/><net_sink comp="189" pin=0"/></net>

<net id="203"><net_src comp="194" pin="1"/><net_sink comp="200" pin=0"/></net>

<net id="208"><net_src comp="200" pin="1"/><net_sink comp="204" pin=0"/></net>

<net id="213"><net_src comp="197" pin="1"/><net_sink comp="209" pin=0"/></net>

<net id="218"><net_src comp="197" pin="1"/><net_sink comp="214" pin=0"/></net>

<net id="219"><net_src comp="62" pin="0"/><net_sink comp="214" pin=1"/></net>

<net id="227"><net_src comp="220" pin="1"/><net_sink comp="223" pin=0"/></net>

<net id="228"><net_src comp="64" pin="0"/><net_sink comp="223" pin=1"/></net>

<net id="233"><net_src comp="204" pin="2"/><net_sink comp="229" pin=0"/></net>

<net id="234"><net_src comp="56" pin="0"/><net_sink comp="229" pin=1"/></net>

<net id="239"><net_src comp="163" pin="4"/><net_sink comp="235" pin=0"/></net>

<net id="240"><net_src comp="229" pin="2"/><net_sink comp="235" pin=1"/></net>

<net id="246"><net_src comp="204" pin="2"/><net_sink comp="241" pin=0"/></net>

<net id="247"><net_src comp="194" pin="1"/><net_sink comp="241" pin=1"/></net>

<net id="248"><net_src comp="54" pin="0"/><net_sink comp="241" pin=2"/></net>

<net id="254"><net_src comp="204" pin="2"/><net_sink comp="249" pin=0"/></net>

<net id="255"><net_src comp="220" pin="1"/><net_sink comp="249" pin=1"/></net>

<net id="256"><net_src comp="223" pin="2"/><net_sink comp="249" pin=2"/></net>

<net id="260"><net_src comp="249" pin="3"/><net_sink comp="257" pin=0"/></net>

<net id="266"><net_src comp="70" pin="0"/><net_sink comp="261" pin=0"/></net>

<net id="267"><net_src comp="257" pin="1"/><net_sink comp="261" pin=1"/></net>

<net id="268"><net_src comp="72" pin="0"/><net_sink comp="261" pin=2"/></net>

<net id="272"><net_src comp="249" pin="3"/><net_sink comp="269" pin=0"/></net>

<net id="277"><net_src comp="269" pin="1"/><net_sink comp="273" pin=0"/></net>

<net id="281"><net_src comp="273" pin="2"/><net_sink comp="278" pin=0"/></net>

<net id="286"><net_src comp="278" pin="1"/><net_sink comp="282" pin=0"/></net>

<net id="291"><net_src comp="282" pin="2"/><net_sink comp="287" pin=0"/></net>

<net id="296"><net_src comp="261" pin="3"/><net_sink comp="292" pin=0"/></net>

<net id="297"><net_src comp="241" pin="3"/><net_sink comp="292" pin=1"/></net>

<net id="301"><net_src comp="292" pin="2"/><net_sink comp="298" pin=0"/></net>

<net id="302"><net_src comp="298" pin="1"/><net_sink comp="143" pin=2"/></net>

<net id="307"><net_src comp="0" pin="0"/><net_sink comp="303" pin=0"/></net>

<net id="308"><net_src comp="287" pin="2"/><net_sink comp="303" pin=1"/></net>

<net id="313"><net_src comp="0" pin="0"/><net_sink comp="309" pin=0"/></net>

<net id="314"><net_src comp="287" pin="2"/><net_sink comp="309" pin=1"/></net>

<net id="319"><net_src comp="241" pin="3"/><net_sink comp="315" pin=0"/></net>

<net id="320"><net_src comp="74" pin="0"/><net_sink comp="315" pin=1"/></net>

<net id="325"><net_src comp="214" pin="2"/><net_sink comp="321" pin=0"/></net>

<net id="330"><net_src comp="249" pin="3"/><net_sink comp="326" pin=0"/></net>

<net id="335"><net_src comp="315" pin="2"/><net_sink comp="331" pin=0"/></net>

<net id="339"><net_src comp="84" pin="1"/><net_sink comp="336" pin=0"/></net>

<net id="340"><net_src comp="336" pin="1"/><net_sink comp="189" pin=1"/></net>

<net id="341"><net_src comp="336" pin="1"/><net_sink comp="194" pin=0"/></net>

<net id="342"><net_src comp="336" pin="1"/><net_sink comp="331" pin=1"/></net>

<net id="346"><net_src comp="88" pin="1"/><net_sink comp="343" pin=0"/></net>

<net id="347"><net_src comp="343" pin="1"/><net_sink comp="184" pin=1"/></net>

<net id="348"><net_src comp="343" pin="1"/><net_sink comp="220" pin=0"/></net>

<net id="349"><net_src comp="343" pin="1"/><net_sink comp="326" pin=1"/></net>

<net id="353"><net_src comp="92" pin="1"/><net_sink comp="350" pin=0"/></net>

<net id="354"><net_src comp="350" pin="1"/><net_sink comp="179" pin=1"/></net>

<net id="355"><net_src comp="350" pin="1"/><net_sink comp="197" pin=0"/></net>

<net id="356"><net_src comp="350" pin="1"/><net_sink comp="321" pin=1"/></net>

<net id="360"><net_src comp="96" pin="2"/><net_sink comp="357" pin=0"/></net>

<net id="361"><net_src comp="357" pin="1"/><net_sink comp="287" pin=1"/></net>

<net id="365"><net_src comp="102" pin="2"/><net_sink comp="362" pin=0"/></net>

<net id="366"><net_src comp="362" pin="1"/><net_sink comp="282" pin=1"/></net>

<net id="370"><net_src comp="120" pin="2"/><net_sink comp="367" pin=0"/></net>

<net id="371"><net_src comp="367" pin="1"/><net_sink comp="209" pin=1"/></net>

<net id="375"><net_src comp="126" pin="2"/><net_sink comp="372" pin=0"/></net>

<net id="376"><net_src comp="372" pin="1"/><net_sink comp="204" pin=1"/></net>

<net id="380"><net_src comp="171" pin="1"/><net_sink comp="377" pin=0"/></net>

<net id="381"><net_src comp="377" pin="1"/><net_sink comp="273" pin=1"/></net>

<net id="385"><net_src comp="175" pin="1"/><net_sink comp="382" pin=0"/></net>

<net id="386"><net_src comp="382" pin="1"/><net_sink comp="132" pin=2"/></net>

<net id="390"><net_src comp="209" pin="2"/><net_sink comp="387" pin=0"/></net>

<net id="394"><net_src comp="235" pin="2"/><net_sink comp="391" pin=0"/></net>

<net id="398"><net_src comp="143" pin="3"/><net_sink comp="395" pin=0"/></net>

<net id="399"><net_src comp="395" pin="1"/><net_sink comp="150" pin=2"/></net>

<net id="403"><net_src comp="303" pin="2"/><net_sink comp="400" pin=0"/></net>

<net id="404"><net_src comp="400" pin="1"/><net_sink comp="132" pin=1"/></net>

<net id="408"><net_src comp="309" pin="2"/><net_sink comp="405" pin=0"/></net>

<net id="409"><net_src comp="405" pin="1"/><net_sink comp="138" pin=1"/></net>

<net id="413"><net_src comp="138" pin="2"/><net_sink comp="410" pin=0"/></net>

<net id="414"><net_src comp="410" pin="1"/><net_sink comp="150" pin=4"/></net>

</net_list>

</model> 
---------------- Datapath Model END ------------------

* FSMD analyzer results:
  - Output states:
	Port: gmemB | {}
	Port: B_bram | {11 }
 - Input state : 
	Port: mmult_accel_Pipeline_VITIS_LOOP_120_2 : gmemB | {3 4 5 6 7 8 9 10 }
	Port: mmult_accel_Pipeline_VITIS_LOOP_120_2 : current_block_M | {1 }
	Port: mmult_accel_Pipeline_VITIS_LOOP_120_2 : mul_ln110 | {1 }
	Port: mmult_accel_Pipeline_VITIS_LOOP_120_2 : zext_ln119 | {1 }
	Port: mmult_accel_Pipeline_VITIS_LOOP_120_2 : zext_ln110 | {1 }
	Port: mmult_accel_Pipeline_VITIS_LOOP_120_2 : B | {1 }
	Port: mmult_accel_Pipeline_VITIS_LOOP_120_2 : j_block | {1 }
  - Chain level:
	State 1
		store_ln0 : 1
		store_ln0 : 1
		store_ln0 : 1
	State 2
		zext_ln120 : 1
		icmp_ln120 : 2
		icmp_ln119 : 1
		add_ln119_3 : 1
		br_ln119 : 2
		add_ln119 : 1
		xor_ln119 : 3
		or_ln119 : 3
		select_ln119 : 3
		select_ln119_1 : 3
		trunc_ln122 : 4
		tmp_s : 5
		zext_ln119_1 : 4
		mul_ln119 : 5
		zext_ln119_2 : 6
		add_ln119_1 : 7
		add_ln119_2 : 8
		add_ln122 : 6
		zext_ln122 : 7
		B_bram_addr : 8
		br_ln120 : 3
		gmemB_addr : 9
		gmemB_addr_1 : 9
		add_ln120 : 4
		store_ln120 : 2
		store_ln120 : 4
		store_ln120 : 5
	State 3
	State 4
	State 5
	State 6
	State 7
	State 8
	State 9
	State 10
	State 11


============================================================
+ Verbose Summary: Datapath Resource usage 
============================================================

* Functional unit list:
|----------|----------------------------------|---------|---------|---------|
| Operation|          Functional Unit         |   DSP   |    FF   |   LUT   |
|----------|----------------------------------|---------|---------|---------|
|          |        add_ln119_3_fu_214        |    0    |    0    |    71   |
|          |         add_ln119_fu_223         |    0    |    0    |    38   |
|    add   |        add_ln119_1_fu_282        |    0    |    0    |    64   |
|          |        add_ln119_2_fu_287        |    0    |    0    |    64   |
|          |         add_ln122_fu_292         |    0    |    0    |    25   |
|          |         add_ln120_fu_315         |    0    |    0    |    25   |
|----------|----------------------------------|---------|---------|---------|
|   icmp   |         icmp_ln120_fu_204        |    0    |    0    |    20   |
|          |         icmp_ln119_fu_209        |    0    |    0    |    29   |
|----------|----------------------------------|---------|---------|---------|
|  select  |        select_ln119_fu_241       |    0    |    0    |    17   |
|          |       select_ln119_1_fu_249      |    0    |    0    |    31   |
|----------|----------------------------------|---------|---------|---------|
|    mul   |         mul_ln119_fu_273         |    3    |    0    |    20   |
|----------|----------------------------------|---------|---------|---------|
|    xor   |         xor_ln119_fu_229         |    0    |    0    |    2    |
|----------|----------------------------------|---------|---------|---------|
|    or    |          or_ln119_fu_235         |    0    |    0    |    2    |
|----------|----------------------------------|---------|---------|---------|
|          |      j_block_read_read_fu_96     |    0    |    0    |    0    |
|          |        B_read_read_fu_102        |    0    |    0    |    0    |
|          |    zext_ln110_read_read_fu_108   |    0    |    0    |    0    |
|   read   |    zext_ln119_read_read_fu_114   |    0    |    0    |    0    |
|          |    mul_ln110_read_read_fu_120    |    0    |    0    |    0    |
|          | current_block_M_read_read_fu_126 |    0    |    0    |    0    |
|          |   gmemB_addr_1_read_read_fu_138  |    0    |    0    |    0    |
|----------|----------------------------------|---------|---------|---------|
|  readreq |        grp_readreq_fu_132        |    0    |    0    |    0    |
|----------|----------------------------------|---------|---------|---------|
|          |      zext_ln110_cast_fu_171      |    0    |    0    |    0    |
|          |      zext_ln119_cast_fu_175      |    0    |    0    |    0    |
|   zext   |         zext_ln120_fu_200        |    0    |    0    |    0    |
|          |        zext_ln119_1_fu_269       |    0    |    0    |    0    |
|          |        zext_ln119_2_fu_278       |    0    |    0    |    0    |
|          |         zext_ln122_fu_298        |    0    |    0    |    0    |
|----------|----------------------------------|---------|---------|---------|
|   trunc  |        trunc_ln122_fu_257        |    0    |    0    |    0    |
|----------|----------------------------------|---------|---------|---------|
|bitconcatenate|           tmp_s_fu_261           |    0    |    0    |    0    |
|----------|----------------------------------|---------|---------|---------|
|   Total  |                                  |    3    |    0    |   408   |
|----------|----------------------------------|---------|---------|---------|

Memories:
N/A

* Register list:
+----------------------------+--------+
|                            |   FF   |
+----------------------------+--------+
|     B_bram_addr_reg_395    |   18   |
|       B_read_reg_362       |   64   |
|current_block_M_read_reg_372|   32   |
|    first_iter_0_reg_159    |    1   |
|  gmemB_addr_1_read_reg_410 |    8   |
|    gmemB_addr_1_reg_405    |    8   |
|     gmemB_addr_reg_400     |    8   |
|     icmp_ln119_reg_387     |    1   |
|  indvar_flatten17_reg_350  |   64   |
|    j_block_read_reg_357    |   64   |
|          j_reg_336         |   18   |
|         k_1_reg_343        |   31   |
|   mul_ln110_read_reg_367   |   64   |
|      or_ln119_reg_391      |    1   |
|   zext_ln110_cast_reg_377  |   63   |
|   zext_ln119_cast_reg_382  |   32   |
+----------------------------+--------+
|            Total           |   477  |
+----------------------------+--------+

* Multiplexer (MUX) list: 
|--------|------|------|------|--------|
|  Comp  |  Pin | Size |  BW  | S x BW |
|--------|------|------|------|--------|
|  Total |      |      |      |    0   |
|--------|------|------|------|--------|



* Summary:
+-----------+--------+--------+--------+
|           |   DSP  |   FF   |   LUT  |
+-----------+--------+--------+--------+
|  Function |    3   |    0   |   408  |
|   Memory  |    -   |    -   |    -   |
|Multiplexer|    -   |    -   |    -   |
|  Register |    -   |   477  |    -   |
+-----------+--------+--------+--------+
|   Total   |    3   |   477  |   408  |
+-----------+--------+--------+--------+
