E:\CENTOS7\shared\tiled_matmul_accelerator\mmult_accel_hls\solution1\.autopilot\db\mmult_accel.pp.0.cpp:1320:7: warning: Added loop label VITIS_LOOP_1211_1:   [xilinx-label-all-loops]
      for (i = 0; i < __N - 1; ++i) {
      ^~~
      VITIS_LOOP_1211_1: 
E:\CENTOS7\shared\tiled_matmul_accelerator\mmult_accel_hls\solution1\.autopilot\db\mmult_accel.pp.0.cpp:1320:7: note: FIX-IT applied suggested code changes
E:\CENTOS7\shared\tiled_matmul_accelerator\mmult_accel_hls\solution1\.autopilot\db\mmult_accel.pp.0.cpp:2294:5: warning: Added loop label VITIS_LOOP_676_1:   [xilinx-label-all-loops]
    for (unsigned i = low; i != high; ++i) {
    ^~~
    VITIS_LOOP_676_1: 
E:\CENTOS7\shared\tiled_matmul_accelerator\mmult_accel_hls\solution1\.autopilot\db\mmult_accel.pp.0.cpp:2294:5: note: FIX-IT applied suggested code changes
E:\CENTOS7\shared\tiled_matmul_accelerator\mmult_accel_hls\solution1\.autopilot\db\mmult_accel.pp.0.cpp:2308:5: warning: Added loop label VITIS_LOOP_690_1:   [xilinx-label-all-loops]
    for (unsigned i = low; i != high; ++i) {
    ^~~
    VITIS_LOOP_690_1: 
E:\CENTOS7\shared\tiled_matmul_accelerator\mmult_accel_hls\solution1\.autopilot\db\mmult_accel.pp.0.cpp:2308:5: note: FIX-IT applied suggested code changes
E:\CENTOS7\shared\tiled_matmul_accelerator\mmult_accel_hls\solution1\.autopilot\db\mmult_accel.pp.0.cpp:2322:5: warning: Added loop label VITIS_LOOP_704_1:   [xilinx-label-all-loops]
    for (unsigned i = low; i != high; ++i) {
    ^~~
    VITIS_LOOP_704_1: 
E:\CENTOS7\shared\tiled_matmul_accelerator\mmult_accel_hls\solution1\.autopilot\db\mmult_accel.pp.0.cpp:2322:5: note: FIX-IT applied suggested code changes
E:\CENTOS7\shared\tiled_matmul_accelerator\mmult_accel_hls\solution1\.autopilot\db\mmult_accel.pp.0.cpp:3933:7: warning: Added loop label VITIS_LOOP_1245_1:   [xilinx-label-all-loops]
      for (i = 0; i < __N - 1; ++i) {
      ^~~
      VITIS_LOOP_1245_1: 
E:\CENTOS7\shared\tiled_matmul_accelerator\mmult_accel_hls\solution1\.autopilot\db\mmult_accel.pp.0.cpp:3933:7: note: FIX-IT applied suggested code changes
E:\CENTOS7\shared\tiled_matmul_accelerator\mmult_accel_hls\solution1\.autopilot\db\mmult_accel.pp.0.cpp:6112:47: error: Invalid Directive: for current device, ram_2p + bram is invalid combination for BIND_STORAGE's option 'type + impl' [clang-diagnostic-error]
#pragma HLS BIND_STORAGE variable=A_bram type=ram_2p impl=bram
                                              ^
E:\CENTOS7\shared\tiled_matmul_accelerator\mmult_accel_hls\solution1\.autopilot\db\mmult_accel.pp.0.cpp:6120:17: warning: Added loop label VITIS_LOOP_97_1:   [xilinx-label-all-loops]
                for (int k = 0; k < K; k++) {
                ^~~
                VITIS_LOOP_97_1: 
E:\CENTOS7\shared\tiled_matmul_accelerator\mmult_accel_hls\solution1\.autopilot\db\mmult_accel.pp.0.cpp:6120:17: note: FIX-IT applied suggested code changes
E:\CENTOS7\shared\tiled_matmul_accelerator\mmult_accel_hls\solution1\.autopilot\db\mmult_accel.pp.0.cpp:6138:47: error: Invalid Directive: for current device, ram_2p + bram is invalid combination for BIND_STORAGE's option 'type + impl' [clang-diagnostic-error]
#pragma HLS BIND_STORAGE variable=B_bram type=ram_2p impl=bram
                                              ^
E:\CENTOS7\shared\tiled_matmul_accelerator\mmult_accel_hls\solution1\.autopilot\db\mmult_accel.pp.0.cpp:6143:17: warning: Added loop label VITIS_LOOP_120_2:   [xilinx-label-all-loops]
                for (int j = 0; j < current_block_M; j++) {
                ^~~
                VITIS_LOOP_120_2: 
E:\CENTOS7\shared\tiled_matmul_accelerator\mmult_accel_hls\solution1\.autopilot\db\mmult_accel.pp.0.cpp:6143:17: note: FIX-IT applied suggested code changes
E:\CENTOS7\shared\tiled_matmul_accelerator\mmult_accel_hls\solution1\.autopilot\db\mmult_accel.pp.0.cpp:6170:2: warning: Added loop label VITIS_LOOP_147_3:   [xilinx-label-all-loops]
 for (int jj = 0; jj < TILE_SIZE; jj++) {
 ^~~
 VITIS_LOOP_147_3: 
E:\CENTOS7\shared\tiled_matmul_accelerator\mmult_accel_hls\solution1\.autopilot\db\mmult_accel.pp.0.cpp:6170:2: note: FIX-IT applied suggested code changes
E:\CENTOS7\shared\tiled_matmul_accelerator\mmult_accel_hls\solution1\.autopilot\db\mmult_accel.pp.0.cpp:6194:29: warning: Added loop label VITIS_LOOP_171_4:   [xilinx-label-all-loops]
                            for (int kk = 0; kk < TILE_SIZE; kk++) {
                            ^~~
                            VITIS_LOOP_171_4: 
E:\CENTOS7\shared\tiled_matmul_accelerator\mmult_accel_hls\solution1\.autopilot\db\mmult_accel.pp.0.cpp:6194:29: note: FIX-IT applied suggested code changes
E:\CENTOS7\shared\tiled_matmul_accelerator\mmult_accel_hls\solution1\.autopilot\db\mmult_accel.pp.0.cpp:6209:29: warning: Added loop label VITIS_LOOP_186_5:   [xilinx-label-all-loops]
                            for (int jj = 0; jj < TILE_SIZE; jj++) {
                            ^~~
                            VITIS_LOOP_186_5: 
E:\CENTOS7\shared\tiled_matmul_accelerator\mmult_accel_hls\solution1\.autopilot\db\mmult_accel.pp.0.cpp:6209:29: note: FIX-IT applied suggested code changes
E:\CENTOS7\shared\tiled_matmul_accelerator\mmult_accel_hls\solution1\.autopilot\db\mmult_accel.pp.0.cpp:6225:2: warning: Added loop label VITIS_LOOP_202_6:   [xilinx-label-all-loops]
 for (int ii = 0; ii < TILE_SIZE; ii++) {
 ^~~
 VITIS_LOOP_202_6: 
E:\CENTOS7\shared\tiled_matmul_accelerator\mmult_accel_hls\solution1\.autopilot\db\mmult_accel.pp.0.cpp:6225:2: note: FIX-IT applied suggested code changes
E:\CENTOS7\shared\tiled_matmul_accelerator\mmult_accel_hls\solution1\.autopilot\db\mmult_accel.pp.0.cpp:6229:33: warning: Added loop label VITIS_LOOP_206_7:   [xilinx-label-all-loops]
                                for (int jj = 0; jj < TILE_SIZE; jj++) {
                                ^~~
                                VITIS_LOOP_206_7: 
E:\CENTOS7\shared\tiled_matmul_accelerator\mmult_accel_hls\solution1\.autopilot\db\mmult_accel.pp.0.cpp:6229:33: note: FIX-IT applied suggested code changes
E:\CENTOS7\shared\tiled_matmul_accelerator\mmult_accel_hls\solution1\.autopilot\db\mmult_accel.pp.0.cpp:6243:25: warning: Added loop label VITIS_LOOP_220_8:   [xilinx-label-all-loops]
                        for (int jj = 0; jj < TILE_SIZE; jj++) {
                        ^~~
                        VITIS_LOOP_220_8: 
E:\CENTOS7\shared\tiled_matmul_accelerator\mmult_accel_hls\solution1\.autopilot\db\mmult_accel.pp.0.cpp:6243:25: note: FIX-IT applied suggested code changes
