

================================================================
== Vitis HLS Report for 'mmult_accel_Pipeline_copy_A_VITIS_LOOP_97_1'
================================================================
* Date:           Thu Jul 23 14:47:22 2026

* Version:        2022.2 (Build 3670227 on Oct 13 2022)
* Project:        mmult_accel_hls
* Solution:       solution1 (Vivado IP Flow Target)
* Product family: zynquplus
* Target device:  xck26-sfvc784-2LV-c


================================================================
== Performance Estimates
================================================================
+ Timing: 
    * Summary: 
    +--------+----------+----------+------------+
    |  Clock |  Target  | Estimated| Uncertainty|
    +--------+----------+----------+------------+
    |ap_clk  |  10.00 ns|  7.300 ns|     2.70 ns|
    +--------+----------+----------+------------+

+ Latency: 
    * Summary: 
    +---------+---------+----------+----------+-----+-----+---------+
    |  Latency (cycles) |  Latency (absolute) |  Interval | Pipeline|
    |   min   |   max   |    min   |    max   | min | max |   Type  |
    +---------+---------+----------+----------+-----+-----+---------+
    |        ?|        ?|         ?|         ?|    ?|    ?|       no|
    +---------+---------+----------+----------+-----+-----+---------+

    + Detail: 
        * Instance: 
        N/A

        * Loop: 
        +--------------------------+---------+---------+----------+-----------+-----------+------+----------+
        |                          |  Latency (cycles) | Iteration|  Initiation Interval  | Trip |          |
        |         Loop Name        |   min   |   max   |  Latency |  achieved |   target  | Count| Pipelined|
        +--------------------------+---------+---------+----------+-----------+-----------+------+----------+
        |- copy_A_VITIS_LOOP_97_1  |        ?|        ?|         3|          1|          1|     ?|       yes|
        +--------------------------+---------+---------+----------+-----------+-----------+------+----------+

============================================================
+ Verbose Summary: Synthesis Manager
============================================================
InlineROM: 1
ExposeGlobal: 0
============================================================
+ Verbose Summary: CDFG Model
============================================================
IsTopModel: 0
ResetActiveHigh: 1
IsCombinational: 0
IsDatapathOnly: 0
HasWiredReturn: 1
HasMFsm: 2
HasVarLatency: 1
IsPipeline: 0
IsRtlPipelined: 0
IsInstanceOverlapped: 0
IsDontTouch: 0
HasImplIP: 0
IsGatedGlobalClock: 0

+ Individual pipeline summary: 
  * Pipeline-0: initiation interval (II) = 1, depth = 4


============================================================
+ Verbose Summary: Schedule
============================================================
* Number of FSM states : 4
* Pipeline : 1
  Pipeline-0 : II = 1, D = 4, States = { 1 2 3 4 }
* Dataflow Pipeline: 0

* FSM state transitions: 
1 --> 2 
2 --> 3 
3 --> 4 
4 --> 

* FSM state operations: 

State 1 <SV = 0> <Delay = 0.42>
ST_1 : Operation 6 [1/1] (0.00ns)   --->   "%k = alloca i32 1"   --->   Operation 6 'alloca' 'k' <Predicate = true> <Delay = 0.00>
ST_1 : Operation 7 [1/1] (0.00ns)   --->   "%i = alloca i32 1"   --->   Operation 7 'alloca' 'i' <Predicate = true> <Delay = 0.00>
ST_1 : Operation 8 [1/1] (0.00ns)   --->   "%indvar_flatten = alloca i32 1"   --->   Operation 8 'alloca' 'indvar_flatten' <Predicate = true> <Delay = 0.00>
ST_1 : Operation 9 [1/1] (0.00ns)   --->   "%specmemcore_ln0 = specmemcore void @_ssdm_op_SpecMemCore, i8 %A_bram, i64 666, i64 22, i64 18446744073709551615"   --->   Operation 9 'specmemcore' 'specmemcore_ln0' <Predicate = true> <Delay = 0.00>
ST_1 : Operation 10 [1/1] (0.00ns)   --->   "%specinterface_ln0 = specinterface void @_ssdm_op_SpecInterface, i8 %gmemA, void @empty_16, i32 0, i32 0, void @empty_17, i32 0, i32 49152, void @empty_25, void @empty_19, void @empty_17, i32 16, i32 16, i32 16, i32 16, void @empty_17, void @empty_17, i32 4294967295, i32 0"   --->   Operation 10 'specinterface' 'specinterface_ln0' <Predicate = true> <Delay = 0.00>
ST_1 : Operation 11 [1/1] (0.00ns)   --->   "%mul_ln96_1_read = read i64 @_ssdm_op_Read.ap_auto.i64, i64 %mul_ln96_1"   --->   Operation 11 'read' 'mul_ln96_1_read' <Predicate = true> <Delay = 0.00>
ST_1 : Operation 12 [1/1] (0.00ns)   --->   "%K_read = read i32 @_ssdm_op_Read.ap_auto.i32, i32 %K"   --->   Operation 12 'read' 'K_read' <Predicate = true> <Delay = 0.00>
ST_1 : Operation 13 [1/1] (0.00ns)   --->   "%A_read = read i64 @_ssdm_op_Read.ap_auto.i64, i64 %A"   --->   Operation 13 'read' 'A_read' <Predicate = true> <Delay = 0.00>
ST_1 : Operation 14 [1/1] (0.42ns)   --->   "%store_ln0 = store i64 0, i64 %indvar_flatten"   --->   Operation 14 'store' 'store_ln0' <Predicate = true> <Delay = 0.42>
ST_1 : Operation 15 [1/1] (0.42ns)   --->   "%store_ln0 = store i31 0, i31 %i"   --->   Operation 15 'store' 'store_ln0' <Predicate = true> <Delay = 0.42>
ST_1 : Operation 16 [1/1] (0.42ns)   --->   "%store_ln0 = store i16 0, i16 %k"   --->   Operation 16 'store' 'store_ln0' <Predicate = true> <Delay = 0.42>
ST_1 : Operation 17 [1/1] (0.00ns)   --->   "%br_ln0 = br void %for.inc"   --->   Operation 17 'br' 'br_ln0' <Predicate = true> <Delay = 0.00>

State 2 <SV = 1> <Delay = 1.55>
ST_2 : Operation 18 [1/1] (0.00ns)   --->   "%indvar_flatten_load = load i64 %indvar_flatten" [mmult_accel.cpp:96]   --->   Operation 18 'load' 'indvar_flatten_load' <Predicate = true> <Delay = 0.00>
ST_2 : Operation 19 [1/1] (0.00ns)   --->   "%gmemA_addr = getelementptr i8 %gmemA, i64 %A_read" [mmult_accel.cpp:96]   --->   Operation 19 'getelementptr' 'gmemA_addr' <Predicate = true> <Delay = 0.00>
ST_2 : Operation 20 [1/1] (1.13ns)   --->   "%icmp_ln96 = icmp_eq  i64 %indvar_flatten_load, i64 %mul_ln96_1_read" [mmult_accel.cpp:96]   --->   Operation 20 'icmp' 'icmp_ln96' <Predicate = true> <Delay = 1.13> <CoreInst = "Cmp">   --->   Core 9 'Cmp' <Latency = 0> <II = 1> <Delay = 1.13> <FuncUnit> <Opcode : 'icmp'> <InPorts = 2> <OutPorts = 1>
ST_2 : Operation 21 [1/1] (1.08ns)   --->   "%add_ln96_1 = add i64 %indvar_flatten_load, i64 1" [mmult_accel.cpp:96]   --->   Operation 21 'add' 'add_ln96_1' <Predicate = true> <Delay = 1.08> <CoreInst = "Adder">   --->   Core 1 'Adder' <Latency = 0> <II = 1> <Delay = 1.08> <FuncUnit> <Opcode : 'add' 'sub'> <InPorts = 2> <OutPorts = 1>
ST_2 : Operation 22 [1/1] (0.00ns)   --->   "%br_ln96 = br i1 %icmp_ln96, void %for.inc9.loopexit, void %outer_j_block.loopexit.exitStub" [mmult_accel.cpp:96]   --->   Operation 22 'br' 'br_ln96' <Predicate = true> <Delay = 0.00>
ST_2 : Operation 23 [1/1] (0.42ns)   --->   "%store_ln97 = store i64 %add_ln96_1, i64 %indvar_flatten" [mmult_accel.cpp:97]   --->   Operation 23 'store' 'store_ln97' <Predicate = (!icmp_ln96)> <Delay = 0.42>

State 3 <SV = 2> <Delay = 7.30>
ST_3 : Operation 24 [1/1] (0.00ns)   --->   "%k_1 = load i16 %k" [mmult_accel.cpp:97]   --->   Operation 24 'load' 'k_1' <Predicate = true> <Delay = 0.00>
ST_3 : Operation 25 [1/1] (0.00ns)   --->   "%specbitsmap_ln0 = specbitsmap void @_ssdm_op_SpecBitsMap, i8 %gmemA"   --->   Operation 25 'specbitsmap' 'specbitsmap_ln0' <Predicate = true> <Delay = 0.00>
ST_3 : Operation 26 [1/1] (0.00ns)   --->   "%zext_ln97 = zext i16 %k_1" [mmult_accel.cpp:97]   --->   Operation 26 'zext' 'zext_ln97' <Predicate = true> <Delay = 0.00>
ST_3 : Operation 27 [1/1] (0.99ns)   --->   "%icmp_ln97 = icmp_slt  i32 %zext_ln97, i32 %K_read" [mmult_accel.cpp:97]   --->   Operation 27 'icmp' 'icmp_ln97' <Predicate = true> <Delay = 0.99> <CoreInst = "Cmp">   --->   Core 9 'Cmp' <Latency = 0> <II = 1> <Delay = 0.99> <FuncUnit> <Opcode : 'icmp'> <InPorts = 2> <OutPorts = 1>
ST_3 : Operation 28 [1/1] (0.00ns)   --->   "%i_load = load i31 %i" [mmult_accel.cpp:96]   --->   Operation 28 'load' 'i_load' <Predicate = (!icmp_ln96)> <Delay = 0.00>
ST_3 : Operation 29 [1/1] (1.00ns)   --->   "%add_ln96 = add i31 %i_load, i31 1" [mmult_accel.cpp:96]   --->   Operation 29 'add' 'add_ln96' <Predicate = (!icmp_ln96)> <Delay = 1.00> <CoreInst = "Adder">   --->   Core 1 'Adder' <Latency = 0> <II = 1> <Delay = 1.00> <FuncUnit> <Opcode : 'add' 'sub'> <InPorts = 2> <OutPorts = 1>
ST_3 : Operation 30 [1/1] (0.35ns)   --->   "%select_ln96 = select i1 %icmp_ln97, i16 %k_1, i16 0" [mmult_accel.cpp:96]   --->   Operation 30 'select' 'select_ln96' <Predicate = (!icmp_ln96)> <Delay = 0.35> <CoreInst = "Sel">   --->   Core 73 'Sel' <Latency = 0> <II = 1> <Delay = 0.35> <FuncUnit> <Opcode : 'select'> <InPorts = 3> <OutPorts = 1>
ST_3 : Operation 31 [1/1] (0.41ns)   --->   "%select_ln96_1 = select i1 %icmp_ln97, i31 %i_load, i31 %add_ln96" [mmult_accel.cpp:96]   --->   Operation 31 'select' 'select_ln96_1' <Predicate = (!icmp_ln96)> <Delay = 0.41> <CoreInst = "Sel">   --->   Core 73 'Sel' <Latency = 0> <II = 1> <Delay = 0.41> <FuncUnit> <Opcode : 'select'> <InPorts = 3> <OutPorts = 1>
ST_3 : Operation 32 [1/1] (0.00ns)   --->   "%trunc_ln99 = trunc i31 %select_ln96_1" [mmult_accel.cpp:99]   --->   Operation 32 'trunc' 'trunc_ln99' <Predicate = (!icmp_ln96)> <Delay = 0.00>
ST_3 : Operation 33 [1/1] (0.00ns)   --->   "%trunc_ln99_1 = trunc i31 %select_ln96_1" [mmult_accel.cpp:99]   --->   Operation 33 'trunc' 'trunc_ln99_1' <Predicate = (!icmp_ln96)> <Delay = 0.00>
ST_3 : Operation 34 [1/1] (0.00ns)   --->   "%tmp_s = bitconcatenate i16 @_ssdm_op_BitConcatenate.i16.i6.i10, i6 %trunc_ln99_1, i10 0" [mmult_accel.cpp:99]   --->   Operation 34 'bitconcatenate' 'tmp_s' <Predicate = (!icmp_ln96)> <Delay = 0.00>
ST_3 : Operation 35 [1/1] (0.00ns)   --->   "%tmp_32 = bitconcatenate i16 @_ssdm_op_BitConcatenate.i16.i8.i8, i8 %trunc_ln99, i8 0" [mmult_accel.cpp:99]   --->   Operation 35 'bitconcatenate' 'tmp_32' <Predicate = (!icmp_ln96)> <Delay = 0.00>
ST_3 : Operation 36 [1/1] (0.00ns) (grouped into TernaryAdder)   --->   "%sub_ln99 = sub i16 %tmp_s, i16 %tmp_32" [mmult_accel.cpp:99]   --->   Operation 36 'sub' 'sub_ln99' <Predicate = (!icmp_ln96)> <Delay = 0.00> <CoreInst = "TAddSub">   --->   Core 10 'TAddSub' <Latency = 0> <II = 1> <Delay = 0.34> <IPBlock> <Opcode : 'add' 'sub'> <InPorts = 3> <OutPorts = 1> <Sync> <CReg>
ST_3 : Operation 37 [1/1] (0.68ns) (root node of TernaryAdder)   --->   "%add_ln99 = add i16 %sub_ln99, i16 %select_ln96" [mmult_accel.cpp:99]   --->   Operation 37 'add' 'add_ln99' <Predicate = (!icmp_ln96)> <Delay = 0.68> <CoreInst = "TAddSub">   --->   Core 10 'TAddSub' <Latency = 0> <II = 1> <Delay = 0.34> <IPBlock> <Opcode : 'add' 'sub'> <InPorts = 3> <OutPorts = 1> <Sync> <CReg>
ST_3 : Operation 38 [1/1] (7.30ns)   --->   "%gmemA_addr_read = read i8 @_ssdm_op_Read.m_axi.p1i8, i8 %gmemA_addr" [mmult_accel.cpp:99]   --->   Operation 38 'read' 'gmemA_addr_read' <Predicate = (!icmp_ln96)> <Delay = 7.30> <CoreInst = "m_axi">   --->   Core 121 'm_axi' <Latency = 0> <II = 1> <Delay = 1.00> <Adapter> <Opcode : 'read' 'write' 'readreq' 'writereq' 'writeresp'>
ST_3 : Operation 39 [1/1] (0.85ns)   --->   "%add_ln97 = add i16 %select_ln96, i16 1" [mmult_accel.cpp:97]   --->   Operation 39 'add' 'add_ln97' <Predicate = (!icmp_ln96)> <Delay = 0.85> <CoreInst = "Adder">   --->   Core 1 'Adder' <Latency = 0> <II = 1> <Delay = 0.85> <FuncUnit> <Opcode : 'add' 'sub'> <InPorts = 2> <OutPorts = 1>
ST_3 : Operation 40 [1/1] (0.42ns)   --->   "%store_ln97 = store i31 %select_ln96_1, i31 %i" [mmult_accel.cpp:97]   --->   Operation 40 'store' 'store_ln97' <Predicate = (!icmp_ln96)> <Delay = 0.42>
ST_3 : Operation 41 [1/1] (0.42ns)   --->   "%store_ln97 = store i16 %add_ln97, i16 %k" [mmult_accel.cpp:97]   --->   Operation 41 'store' 'store_ln97' <Predicate = (!icmp_ln96)> <Delay = 0.42>
ST_3 : Operation 49 [1/1] (0.00ns)   --->   "%ret_ln0 = ret"   --->   Operation 49 'ret' 'ret_ln0' <Predicate = (icmp_ln96)> <Delay = 0.00>

State 4 <SV = 3> <Delay = 1.23>
ST_4 : Operation 42 [1/1] (0.00ns)   --->   "%specloopname_ln0 = specloopname void @_ssdm_op_SpecLoopName, void @copy_A_VITIS_LOOP_97_1_str"   --->   Operation 42 'specloopname' 'specloopname_ln0' <Predicate = true> <Delay = 0.00>
ST_4 : Operation 43 [1/1] (0.00ns)   --->   "%zext_ln99 = zext i16 %add_ln99" [mmult_accel.cpp:99]   --->   Operation 43 'zext' 'zext_ln99' <Predicate = true> <Delay = 0.00>
ST_4 : Operation 44 [1/1] (0.00ns)   --->   "%A_bram_addr = getelementptr i8 %A_bram, i64 0, i64 %zext_ln99" [mmult_accel.cpp:99]   --->   Operation 44 'getelementptr' 'A_bram_addr' <Predicate = true> <Delay = 0.00>
ST_4 : Operation 45 [1/1] (0.00ns)   --->   "%specpipeline_ln98 = specpipeline void @_ssdm_op_SpecPipeline, i32 1, i32 0, i32 0, i32 0, void @empty_17" [mmult_accel.cpp:98]   --->   Operation 45 'specpipeline' 'specpipeline_ln98' <Predicate = true> <Delay = 0.00>
ST_4 : Operation 46 [1/1] (0.00ns)   --->   "%specloopname_ln97 = specloopname void @_ssdm_op_SpecLoopName, void @empty_15" [mmult_accel.cpp:97]   --->   Operation 46 'specloopname' 'specloopname_ln97' <Predicate = true> <Delay = 0.00>
ST_4 : Operation 47 [1/1] (1.23ns)   --->   "%store_ln99 = store i8 %gmemA_addr_read, i16 %A_bram_addr" [mmult_accel.cpp:99]   --->   Operation 47 'store' 'store_ln99' <Predicate = true> <Delay = 1.23> <CoreInst = "RAM_2P_BRAM">   --->   Core 94 'RAM_2P_BRAM' <Latency = 1> <II = 1> <Delay = 1.23> <Storage> <Opcode : 'load' 'store'> <Ports = 2> <Width = 8> <Depth = 49152> <RAM>
ST_4 : Operation 48 [1/1] (0.00ns)   --->   "%br_ln97 = br void %for.inc" [mmult_accel.cpp:97]   --->   Operation 48 'br' 'br_ln97' <Predicate = true> <Delay = 0.00>


============================================================
+ Verbose Summary: Timing violations
============================================================
Target clock period: 10ns, clock uncertainty: 2.7ns.

 <State 1>: 0.427ns
The critical path consists of the following:
	'alloca' operation ('indvar_flatten') [8]  (0 ns)
	'store' operation ('store_ln0') of constant 0 on local variable 'indvar_flatten' [14]  (0.427 ns)

 <State 2>: 1.56ns
The critical path consists of the following:
	'load' operation ('indvar_flatten_load', mmult_accel.cpp:96) on local variable 'indvar_flatten' [20]  (0 ns)
	'add' operation ('add_ln96_1', mmult_accel.cpp:96) [26]  (1.08 ns)
	'store' operation ('store_ln97', mmult_accel.cpp:97) of variable 'add_ln96_1', mmult_accel.cpp:96 on local variable 'indvar_flatten' [47]  (0.427 ns)
	blocking operation 0.045 ns on control path)

 <State 3>: 7.3ns
The critical path consists of the following:
	bus read operation ('gmemA_addr_read', mmult_accel.cpp:99) on port 'gmemA' (mmult_accel.cpp:99) [44]  (7.3 ns)

 <State 4>: 1.24ns
The critical path consists of the following:
	'getelementptr' operation ('A_bram_addr', mmult_accel.cpp:99) [41]  (0 ns)
	'store' operation ('store_ln99', mmult_accel.cpp:99) of variable 'gmemA_addr_read', mmult_accel.cpp:99 on array 'A_bram' [45]  (1.24 ns)


============================================================
+ Verbose Summary: Binding
============================================================
N/A
* FSMD analyzer results:
  - Output states:
 - Input state : 
  - Chain level:
	State 1
	State 2
	State 3
	State 4


============================================================
+ Verbose Summary: Datapath Resource usage 
============================================================
N/A
